ARM Linker, 5.03 [Build 76] [MDK-ARM Standard]

==============================================================================

Section Cross References

    startup_stm32f10x_hd.o(RESET) refers to startup_stm32f10x_hd.o(STACK) for __initial_sp
    startup_stm32f10x_hd.o(RESET) refers to startup_stm32f10x_hd.o(.text) for Reset_Handler
    startup_stm32f10x_hd.o(RESET) refers to stm32f10x_it.o(.text) for NMI_Handler
    startup_stm32f10x_hd.o(.text) refers to system_stm32f10x.o(.text) for SystemInit
    startup_stm32f10x_hd.o(.text) refers to entry.o(.ARM.Collect$$$$00000000) for __main
    system_stm32f10x.o(.text) refers to system_stm32f10x.o(.data) for SystemCoreClock
    stm32f10x_gpio.o(.text) refers to stm32f10x_rcc.o(.text) for RCC_APB2PeriphResetCmd
    stm32f10x_rcc.o(.text) refers to stm32f10x_rcc.o(.data) for APBAHBPrescTable
    stm32f10x_spi.o(.text) refers to stm32f10x_rcc.o(.text) for RCC_APB2PeriphResetCmd
    stm32f10x_tim.o(.text) refers to stm32f10x_rcc.o(.text) for RCC_APB2PeriphResetCmd
    stm32f10x_usart.o(.text) refers to stm32f10x_rcc.o(.text) for RCC_APB2PeriphResetCmd
    main.o(.text) refers to bsp_systick.o(.text) for SysTick_Init
    main.o(.text) refers to bsp_timer.o(.text) for Moving_Init
    main.o(.text) refers to bsp_gpio.o(.text) for GPIO_INFRARED_Config
    main.o(.text) refers to bsp_ov7725.o(.text) for Camera
    main.o(.text) refers to main.o(.data) for infrared_scan_flag
    main.o(.text) refers to wifi_config.o(.bss) for strEsp8266_Fram_Record
    bsp_exti.o(.text) refers to misc.o(.text) for NVIC_PriorityGroupConfig
    bsp_exti.o(.text) refers to stm32f10x_rcc.o(.text) for RCC_APB2PeriphClockCmd
    bsp_exti.o(.text) refers to stm32f10x_gpio.o(.text) for GPIO_Init
    bsp_exti.o(.text) refers to stm32f10x_exti.o(.text) for EXTI_Init
    bsp_gpio.o(.text) refers to stm32f10x_rcc.o(.text) for RCC_APB2PeriphClockCmd
    bsp_gpio.o(.text) refers to stm32f10x_gpio.o(.text) for GPIO_Init
    bsp_systick.o(.text) refers to system_stm32f10x.o(.data) for SystemCoreClock
    bsp_systick.o(.text) refers to bsp_systick.o(.data) for TimingDelay
    stm32f10x_it.o(.text) refers to bsp_systick.o(.text) for TimingDelay_Decrement
    stm32f10x_it.o(.text) refers to stm32f10x_usart.o(.text) for USART_GetITStatus
    stm32f10x_it.o(.text) refers to stm32f10x_dma.o(.text) for DMA_Cmd
    stm32f10x_it.o(.text) refers to printf5.o(i.__0printf$5) for __2printf
    stm32f10x_it.o(.text) refers to stm32f10x_exti.o(.text) for EXTI_GetITStatus
    stm32f10x_it.o(.text) refers to stm32f10x_tim.o(.text) for TIM_GetITStatus
    stm32f10x_it.o(.text) refers to wifi_config.o(.bss) for strEsp8266_Fram_Record
    stm32f10x_it.o(.text) refers to bsp_ov7725.o(.data) for Ov7725_vsync
    bsp_usart.o(.text) refers to stm32f10x_usart.o(.text) for USART_Init
    bsp_usart.o(.text) refers to misc.o(.text) for NVIC_PriorityGroupConfig
    bsp_usart.o(.text) refers to stm32f10x_rcc.o(.text) for RCC_AHBPeriphClockCmd
    bsp_usart.o(.text) refers to stm32f10x_dma.o(.text) for DMA_Init
    bsp_usart.o(.text) refers to wifi_config.o(.bss) for strEsp8266_Fram_Record
    bsp_timer.o(.text) refers to stm32f10x_rcc.o(.text) for RCC_APB1PeriphClockCmd
    bsp_timer.o(.text) refers to stm32f10x_tim.o(.text) for TIM_TimeBaseInit
    bsp_timer.o(.text) refers to misc.o(.text) for NVIC_Init
    bsp_timer.o(.text) refers to dflti.o(.text) for __aeabi_i2d
    bsp_timer.o(.text) refers to dmul.o(.text) for __aeabi_dmul
    bsp_timer.o(.text) refers to dadd.o(.text) for __aeabi_dadd
    bsp_timer.o(.text) refers to d2f.o(.text) for __aeabi_d2f
    bsp_timer.o(.text) refers to ffixi.o(.text) for __aeabi_f2iz
    bsp_timer.o(.text) refers to bsp_gpio.o(.text) for GPIO_DUOJI_Config
    bsp_timer.o(.text) refers to stm32f10x_gpio.o(.text) for GPIO_ReadInputDataBit
    bsp_timer.o(.text) refers to bsp_systick.o(.text) for Delay_ms
    bsp_timer.o(.text) refers to wifi_config.o(.bss) for strEsp8266_Fram_Record
    bsp_timer.o(.text) refers to main.o(.data) for stop_flag
    wifi_config.o(.text) refers to bsp_gpio.o(.text) for GPIO_USART1_Config
    wifi_config.o(.text) refers to bsp_usart.o(.text) for USART1_Config
    wifi_function.o(.text) refers to stm32f10x_gpio.o(.text) for GPIO_SetBits
    wifi_function.o(.text) refers to bsp_systick.o(.text) for Delay_ms
    wifi_function.o(.text) refers to bsp_usart.o(.text) for USART2_printf
    wifi_function.o(.text) refers to printf5.o(i.__0printf$5) for __2printf
    wifi_function.o(.text) refers to strstr.o(.text) for strstr
    wifi_function.o(.text) refers to printf5.o(i.__0sprintf$5) for __2sprintf
    wifi_function.o(.text) refers to memseta.o(.text) for __aeabi_memclr4
    wifi_function.o(.text) refers to wifi_config.o(.bss) for strEsp8266_Fram_Record
    bsp_ov7725.o(.text) refers to stm32f10x_rcc.o(.text) for RCC_APB2PeriphClockCmd
    bsp_ov7725.o(.text) refers to stm32f10x_gpio.o(.text) for GPIO_Init
    bsp_ov7725.o(.text) refers to bsp_sccb.o(.text) for SCCB_GPIO_Config
    bsp_ov7725.o(.text) refers to misc.o(.text) for NVIC_PriorityGroupConfig
    bsp_ov7725.o(.text) refers to stm32f10x_exti.o(.text) for EXTI_Init
    bsp_ov7725.o(.text) refers to printf5.o(i.__0printf$5) for __2printf
    bsp_ov7725.o(.text) refers to bsp_usart.o(.text) for USART2_printf
    bsp_ov7725.o(.text) refers to stm32f10x_usart.o(.text) for USART_GetFlagStatus
    bsp_ov7725.o(.text) refers to bsp_ov7725.o(.data) for Sensor_Config
    bsp_ov7725.o(.text) refers to main.o(.data) for screen_flag
    bsp_ov7725.o(.text) refers to wifi_config.o(.bss) for strEsp8266_Fram_Record
    bsp_sccb.o(.text) refers to stm32f10x_rcc.o(.text) for RCC_APB2PeriphClockCmd
    bsp_sccb.o(.text) refers to stm32f10x_gpio.o(.text) for GPIO_Init
    entry.o(.ARM.Collect$$$$00000000) refers (Special) to entry10a.o(.ARM.Collect$$$$0000000D) for __rt_final_cpp
    entry.o(.ARM.Collect$$$$00000000) refers (Special) to entry11a.o(.ARM.Collect$$$$0000000F) for __rt_final_exit
    entry.o(.ARM.Collect$$$$00000000) refers (Special) to entry7b.o(.ARM.Collect$$$$00000008) for _main_clock
    entry.o(.ARM.Collect$$$$00000000) refers (Special) to entry8b.o(.ARM.Collect$$$$0000000A) for _main_cpp_init
    entry.o(.ARM.Collect$$$$00000000) refers (Special) to entry9a.o(.ARM.Collect$$$$0000000B) for _main_init
    entry.o(.ARM.Collect$$$$00000000) refers (Special) to entry5.o(.ARM.Collect$$$$00000004) for _main_scatterload
    entry.o(.ARM.Collect$$$$00000000) refers (Special) to entry2.o(.ARM.Collect$$$$00000001) for _main_stk
    printfb.o(i.__0fprintf$bare) refers to printfb.o(i._printf_core) for _printf_core
    printfb.o(i.__0fprintf$bare) refers to bsp_usart.o(.text) for fputc
    printfb.o(i.__0printf$bare) refers to printfb.o(i._printf_core) for _printf_core
    printfb.o(i.__0printf$bare) refers to bsp_usart.o(.text) for fputc
    printfb.o(i.__0printf$bare) refers to stdout.o(.data) for __stdout
    printfb.o(i.__0snprintf$bare) refers to printfb.o(i._printf_core) for _printf_core
    printfb.o(i.__0snprintf$bare) refers to printfb.o(i._snputc) for _snputc
    printfb.o(i.__0sprintf$bare) refers to printfb.o(i._printf_core) for _printf_core
    printfb.o(i.__0sprintf$bare) refers to printfb.o(i._sputc) for _sputc
    printfb.o(i.__0vfprintf$bare) refers to printfb.o(i._printf_core) for _printf_core
    printfb.o(i.__0vfprintf$bare) refers to bsp_usart.o(.text) for fputc
    printfb.o(i.__0vprintf$bare) refers to printfb.o(i._printf_core) for _printf_core
    printfb.o(i.__0vprintf$bare) refers to bsp_usart.o(.text) for fputc
    printfb.o(i.__0vprintf$bare) refers to stdout.o(.data) for __stdout
    printfb.o(i.__0vsnprintf$bare) refers to printfb.o(i._printf_core) for _printf_core
    printfb.o(i.__0vsnprintf$bare) refers to printfb.o(i._snputc) for _snputc
    printfb.o(i.__0vsprintf$bare) refers to printfb.o(i._printf_core) for _printf_core
    printfb.o(i.__0vsprintf$bare) refers to printfb.o(i._sputc) for _sputc
    printf0.o(i.__0fprintf$0) refers to printf0.o(i._printf_core) for _printf_core
    printf0.o(i.__0fprintf$0) refers to bsp_usart.o(.text) for fputc
    printf0.o(i.__0printf$0) refers to printf0.o(i._printf_core) for _printf_core
    printf0.o(i.__0printf$0) refers to bsp_usart.o(.text) for fputc
    printf0.o(i.__0printf$0) refers to stdout.o(.data) for __stdout
    printf0.o(i.__0snprintf$0) refers to printf0.o(i._printf_core) for _printf_core
    printf0.o(i.__0snprintf$0) refers to printf0.o(i._snputc) for _snputc
    printf0.o(i.__0sprintf$0) refers to printf0.o(i._printf_core) for _printf_core
    printf0.o(i.__0sprintf$0) refers to printf0.o(i._sputc) for _sputc
    printf0.o(i.__0vfprintf$0) refers to printf0.o(i._printf_core) for _printf_core
    printf0.o(i.__0vfprintf$0) refers to bsp_usart.o(.text) for fputc
    printf0.o(i.__0vprintf$0) refers to printf0.o(i._printf_core) for _printf_core
    printf0.o(i.__0vprintf$0) refers to bsp_usart.o(.text) for fputc
    printf0.o(i.__0vprintf$0) refers to stdout.o(.data) for __stdout
    printf0.o(i.__0vsnprintf$0) refers to printf0.o(i._printf_core) for _printf_core
    printf0.o(i.__0vsnprintf$0) refers to printf0.o(i._snputc) for _snputc
    printf0.o(i.__0vsprintf$0) refers to printf0.o(i._printf_core) for _printf_core
    printf0.o(i.__0vsprintf$0) refers to printf0.o(i._sputc) for _sputc
    printf1.o(i.__0fprintf$1) refers to printf1.o(i._printf_core) for _printf_core
    printf1.o(i.__0fprintf$1) refers to bsp_usart.o(.text) for fputc
    printf1.o(i.__0printf$1) refers to printf1.o(i._printf_core) for _printf_core
    printf1.o(i.__0printf$1) refers to bsp_usart.o(.text) for fputc
    printf1.o(i.__0printf$1) refers to stdout.o(.data) for __stdout
    printf1.o(i.__0snprintf$1) refers to printf1.o(i._printf_core) for _printf_core
    printf1.o(i.__0snprintf$1) refers to printf1.o(i._snputc) for _snputc
    printf1.o(i.__0sprintf$1) refers to printf1.o(i._printf_core) for _printf_core
    printf1.o(i.__0sprintf$1) refers to printf1.o(i._sputc) for _sputc
    printf1.o(i.__0vfprintf$1) refers to printf1.o(i._printf_core) for _printf_core
    printf1.o(i.__0vfprintf$1) refers to bsp_usart.o(.text) for fputc
    printf1.o(i.__0vprintf$1) refers to printf1.o(i._printf_core) for _printf_core
    printf1.o(i.__0vprintf$1) refers to bsp_usart.o(.text) for fputc
    printf1.o(i.__0vprintf$1) refers to stdout.o(.data) for __stdout
    printf1.o(i.__0vsnprintf$1) refers to printf1.o(i._printf_core) for _printf_core
    printf1.o(i.__0vsnprintf$1) refers to printf1.o(i._snputc) for _snputc
    printf1.o(i.__0vsprintf$1) refers to printf1.o(i._printf_core) for _printf_core
    printf1.o(i.__0vsprintf$1) refers to printf1.o(i._sputc) for _sputc
    printf1.o(i._printf_core) refers to uidiv.o(.text) for __aeabi_uidivmod
    printf2.o(i.__0fprintf$2) refers to printf2.o(i._printf_core) for _printf_core
    printf2.o(i.__0fprintf$2) refers to bsp_usart.o(.text) for fputc
    printf2.o(i.__0printf$2) refers to printf2.o(i._printf_core) for _printf_core
    printf2.o(i.__0printf$2) refers to bsp_usart.o(.text) for fputc
    printf2.o(i.__0printf$2) refers to stdout.o(.data) for __stdout
    printf2.o(i.__0snprintf$2) refers to printf2.o(i._printf_core) for _printf_core
    printf2.o(i.__0snprintf$2) refers to printf2.o(i._snputc) for _snputc
    printf2.o(i.__0sprintf$2) refers to printf2.o(i._printf_core) for _printf_core
    printf2.o(i.__0sprintf$2) refers to printf2.o(i._sputc) for _sputc
    printf2.o(i.__0vfprintf$2) refers to printf2.o(i._printf_core) for _printf_core
    printf2.o(i.__0vfprintf$2) refers to bsp_usart.o(.text) for fputc
    printf2.o(i.__0vprintf$2) refers to printf2.o(i._printf_core) for _printf_core
    printf2.o(i.__0vprintf$2) refers to bsp_usart.o(.text) for fputc
    printf2.o(i.__0vprintf$2) refers to stdout.o(.data) for __stdout
    printf2.o(i.__0vsnprintf$2) refers to printf2.o(i._printf_core) for _printf_core
    printf2.o(i.__0vsnprintf$2) refers to printf2.o(i._snputc) for _snputc
    printf2.o(i.__0vsprintf$2) refers to printf2.o(i._printf_core) for _printf_core
    printf2.o(i.__0vsprintf$2) refers to printf2.o(i._sputc) for _sputc
    printf3.o(i.__0fprintf$3) refers to printf3.o(i._printf_core) for _printf_core
    printf3.o(i.__0fprintf$3) refers to bsp_usart.o(.text) for fputc
    printf3.o(i.__0printf$3) refers to printf3.o(i._printf_core) for _printf_core
    printf3.o(i.__0printf$3) refers to bsp_usart.o(.text) for fputc
    printf3.o(i.__0printf$3) refers to stdout.o(.data) for __stdout
    printf3.o(i.__0snprintf$3) refers to printf3.o(i._printf_core) for _printf_core
    printf3.o(i.__0snprintf$3) refers to printf3.o(i._snputc) for _snputc
    printf3.o(i.__0sprintf$3) refers to printf3.o(i._printf_core) for _printf_core
    printf3.o(i.__0sprintf$3) refers to printf3.o(i._sputc) for _sputc
    printf3.o(i.__0vfprintf$3) refers to printf3.o(i._printf_core) for _printf_core
    printf3.o(i.__0vfprintf$3) refers to bsp_usart.o(.text) for fputc
    printf3.o(i.__0vprintf$3) refers to printf3.o(i._printf_core) for _printf_core
    printf3.o(i.__0vprintf$3) refers to bsp_usart.o(.text) for fputc
    printf3.o(i.__0vprintf$3) refers to stdout.o(.data) for __stdout
    printf3.o(i.__0vsnprintf$3) refers to printf3.o(i._printf_core) for _printf_core
    printf3.o(i.__0vsnprintf$3) refers to printf3.o(i._snputc) for _snputc
    printf3.o(i.__0vsprintf$3) refers to printf3.o(i._printf_core) for _printf_core
    printf3.o(i.__0vsprintf$3) refers to printf3.o(i._sputc) for _sputc
    printf3.o(i._printf_core) refers to uidiv.o(.text) for __aeabi_uidivmod
    printf4.o(i.__0fprintf$4) refers to printf4.o(i._printf_core) for _printf_core
    printf4.o(i.__0fprintf$4) refers to bsp_usart.o(.text) for fputc
    printf4.o(i.__0printf$4) refers to printf4.o(i._printf_core) for _printf_core
    printf4.o(i.__0printf$4) refers to bsp_usart.o(.text) for fputc
    printf4.o(i.__0printf$4) refers to stdout.o(.data) for __stdout
    printf4.o(i.__0snprintf$4) refers to printf4.o(i._printf_core) for _printf_core
    printf4.o(i.__0snprintf$4) refers to printf4.o(i._snputc) for _snputc
    printf4.o(i.__0sprintf$4) refers to printf4.o(i._printf_core) for _printf_core
    printf4.o(i.__0sprintf$4) refers to printf4.o(i._sputc) for _sputc
    printf4.o(i.__0vfprintf$4) refers to printf4.o(i._printf_core) for _printf_core
    printf4.o(i.__0vfprintf$4) refers to bsp_usart.o(.text) for fputc
    printf4.o(i.__0vprintf$4) refers to printf4.o(i._printf_core) for _printf_core
    printf4.o(i.__0vprintf$4) refers to bsp_usart.o(.text) for fputc
    printf4.o(i.__0vprintf$4) refers to stdout.o(.data) for __stdout
    printf4.o(i.__0vsnprintf$4) refers to printf4.o(i._printf_core) for _printf_core
    printf4.o(i.__0vsnprintf$4) refers to printf4.o(i._snputc) for _snputc
    printf4.o(i.__0vsprintf$4) refers to printf4.o(i._printf_core) for _printf_core
    printf4.o(i.__0vsprintf$4) refers to printf4.o(i._sputc) for _sputc
    printf4.o(i._printf_core) refers to uldiv.o(.text) for __aeabi_uldivmod
    printf5.o(i.__0fprintf$5) refers to printf5.o(i._printf_core) for _printf_core
    printf5.o(i.__0fprintf$5) refers to bsp_usart.o(.text) for fputc
    printf5.o(i.__0printf$5) refers to printf5.o(i._printf_core) for _printf_core
    printf5.o(i.__0printf$5) refers to bsp_usart.o(.text) for fputc
    printf5.o(i.__0printf$5) refers to stdout.o(.data) for __stdout
    printf5.o(i.__0snprintf$5) refers to printf5.o(i._printf_core) for _printf_core
    printf5.o(i.__0snprintf$5) refers to printf5.o(i._snputc) for _snputc
    printf5.o(i.__0sprintf$5) refers to printf5.o(i._printf_core) for _printf_core
    printf5.o(i.__0sprintf$5) refers to printf5.o(i._sputc) for _sputc
    printf5.o(i.__0vfprintf$5) refers to printf5.o(i._printf_core) for _printf_core
    printf5.o(i.__0vfprintf$5) refers to bsp_usart.o(.text) for fputc
    printf5.o(i.__0vprintf$5) refers to printf5.o(i._printf_core) for _printf_core
    printf5.o(i.__0vprintf$5) refers to bsp_usart.o(.text) for fputc
    printf5.o(i.__0vprintf$5) refers to stdout.o(.data) for __stdout
    printf5.o(i.__0vsnprintf$5) refers to printf5.o(i._printf_core) for _printf_core
    printf5.o(i.__0vsnprintf$5) refers to printf5.o(i._snputc) for _snputc
    printf5.o(i.__0vsprintf$5) refers to printf5.o(i._printf_core) for _printf_core
    printf5.o(i.__0vsprintf$5) refers to printf5.o(i._sputc) for _sputc
    printf5.o(i._printf_core) refers to uldiv.o(.text) for __aeabi_uldivmod
    printf6.o(i.__0fprintf$6) refers to printf6.o(i._printf_core) for _printf_core
    printf6.o(i.__0fprintf$6) refers to bsp_usart.o(.text) for fputc
    printf6.o(i.__0printf$6) refers to printf6.o(i._printf_core) for _printf_core
    printf6.o(i.__0printf$6) refers to bsp_usart.o(.text) for fputc
    printf6.o(i.__0printf$6) refers to stdout.o(.data) for __stdout
    printf6.o(i.__0snprintf$6) refers to printf6.o(i._printf_core) for _printf_core
    printf6.o(i.__0snprintf$6) refers to printf6.o(i._snputc) for _snputc
    printf6.o(i.__0sprintf$6) refers to printf6.o(i._printf_core) for _printf_core
    printf6.o(i.__0sprintf$6) refers to printf6.o(i._sputc) for _sputc
    printf6.o(i.__0vfprintf$6) refers to printf6.o(i._printf_core) for _printf_core
    printf6.o(i.__0vfprintf$6) refers to bsp_usart.o(.text) for fputc
    printf6.o(i.__0vprintf$6) refers to printf6.o(i._printf_core) for _printf_core
    printf6.o(i.__0vprintf$6) refers to bsp_usart.o(.text) for fputc
    printf6.o(i.__0vprintf$6) refers to stdout.o(.data) for __stdout
    printf6.o(i.__0vsnprintf$6) refers to printf6.o(i._printf_core) for _printf_core
    printf6.o(i.__0vsnprintf$6) refers to printf6.o(i._snputc) for _snputc
    printf6.o(i.__0vsprintf$6) refers to printf6.o(i._printf_core) for _printf_core
    printf6.o(i.__0vsprintf$6) refers to printf6.o(i._sputc) for _sputc
    printf6.o(i._printf_core) refers to printf6.o(i._printf_pre_padding) for _printf_pre_padding
    printf6.o(i._printf_core) refers to uidiv.o(.text) for __aeabi_uidivmod
    printf6.o(i._printf_core) refers to printf6.o(i._printf_post_padding) for _printf_post_padding
    printf7.o(i.__0fprintf$7) refers to printf7.o(i._printf_core) for _printf_core
    printf7.o(i.__0fprintf$7) refers to bsp_usart.o(.text) for fputc
    printf7.o(i.__0printf$7) refers to printf7.o(i._printf_core) for _printf_core
    printf7.o(i.__0printf$7) refers to bsp_usart.o(.text) for fputc
    printf7.o(i.__0printf$7) refers to stdout.o(.data) for __stdout
    printf7.o(i.__0snprintf$7) refers to printf7.o(i._printf_core) for _printf_core
    printf7.o(i.__0snprintf$7) refers to printf7.o(i._snputc) for _snputc
    printf7.o(i.__0sprintf$7) refers to printf7.o(i._printf_core) for _printf_core
    printf7.o(i.__0sprintf$7) refers to printf7.o(i._sputc) for _sputc
    printf7.o(i.__0vfprintf$7) refers to printf7.o(i._printf_core) for _printf_core
    printf7.o(i.__0vfprintf$7) refers to bsp_usart.o(.text) for fputc
    printf7.o(i.__0vprintf$7) refers to printf7.o(i._printf_core) for _printf_core
    printf7.o(i.__0vprintf$7) refers to bsp_usart.o(.text) for fputc
    printf7.o(i.__0vprintf$7) refers to stdout.o(.data) for __stdout
    printf7.o(i.__0vsnprintf$7) refers to printf7.o(i._printf_core) for _printf_core
    printf7.o(i.__0vsnprintf$7) refers to printf7.o(i._snputc) for _snputc
    printf7.o(i.__0vsprintf$7) refers to printf7.o(i._printf_core) for _printf_core
    printf7.o(i.__0vsprintf$7) refers to printf7.o(i._sputc) for _sputc
    printf7.o(i._printf_core) refers to printf7.o(i._printf_pre_padding) for _printf_pre_padding
    printf7.o(i._printf_core) refers to uldiv.o(.text) for __aeabi_uldivmod
    printf7.o(i._printf_core) refers to printf7.o(i._printf_post_padding) for _printf_post_padding
    printf8.o(i.__0fprintf$8) refers to printf8.o(i._printf_core) for _printf_core
    printf8.o(i.__0fprintf$8) refers to bsp_usart.o(.text) for fputc
    printf8.o(i.__0printf$8) refers to printf8.o(i._printf_core) for _printf_core
    printf8.o(i.__0printf$8) refers to bsp_usart.o(.text) for fputc
    printf8.o(i.__0printf$8) refers to stdout.o(.data) for __stdout
    printf8.o(i.__0snprintf$8) refers to printf8.o(i._printf_core) for _printf_core
    printf8.o(i.__0snprintf$8) refers to printf8.o(i._snputc) for _snputc
    printf8.o(i.__0sprintf$8) refers to printf8.o(i._printf_core) for _printf_core
    printf8.o(i.__0sprintf$8) refers to printf8.o(i._sputc) for _sputc
    printf8.o(i.__0vfprintf$8) refers to printf8.o(i._printf_core) for _printf_core
    printf8.o(i.__0vfprintf$8) refers to bsp_usart.o(.text) for fputc
    printf8.o(i.__0vprintf$8) refers to printf8.o(i._printf_core) for _printf_core
    printf8.o(i.__0vprintf$8) refers to bsp_usart.o(.text) for fputc
    printf8.o(i.__0vprintf$8) refers to stdout.o(.data) for __stdout
    printf8.o(i.__0vsnprintf$8) refers to printf8.o(i._printf_core) for _printf_core
    printf8.o(i.__0vsnprintf$8) refers to printf8.o(i._snputc) for _snputc
    printf8.o(i.__0vsprintf$8) refers to printf8.o(i._printf_core) for _printf_core
    printf8.o(i.__0vsprintf$8) refers to printf8.o(i._sputc) for _sputc
    printf8.o(i._printf_core) refers to printf8.o(i._printf_pre_padding) for _printf_pre_padding
    printf8.o(i._printf_core) refers to uldiv.o(.text) for __aeabi_uldivmod
    printf8.o(i._printf_core) refers to printf8.o(i._printf_post_padding) for _printf_post_padding
    printfa.o(i.__0fprintf) refers (Special) to iusefp.o(.text) for __I$use$fp
    printfa.o(i.__0fprintf) refers to printfa.o(i._printf_core) for _printf_core
    printfa.o(i.__0fprintf) refers to bsp_usart.o(.text) for fputc
    printfa.o(i.__0printf) refers (Special) to iusefp.o(.text) for __I$use$fp
    printfa.o(i.__0printf) refers to printfa.o(i._printf_core) for _printf_core
    printfa.o(i.__0printf) refers to bsp_usart.o(.text) for fputc
    printfa.o(i.__0printf) refers to stdout.o(.data) for __stdout
    printfa.o(i.__0snprintf) refers (Special) to iusefp.o(.text) for __I$use$fp
    printfa.o(i.__0snprintf) refers to printfa.o(i._printf_core) for _printf_core
    printfa.o(i.__0snprintf) refers to printfa.o(i._snputc) for _snputc
    printfa.o(i.__0sprintf) refers (Special) to iusefp.o(.text) for __I$use$fp
    printfa.o(i.__0sprintf) refers to printfa.o(i._printf_core) for _printf_core
    printfa.o(i.__0sprintf) refers to printfa.o(i._sputc) for _sputc
    printfa.o(i.__0vfprintf) refers (Special) to iusefp.o(.text) for __I$use$fp
    printfa.o(i.__0vfprintf) refers to printfa.o(i._printf_core) for _printf_core
    printfa.o(i.__0vfprintf) refers to bsp_usart.o(.text) for fputc
    printfa.o(i.__0vprintf) refers (Special) to iusefp.o(.text) for __I$use$fp
    printfa.o(i.__0vprintf) refers to printfa.o(i._printf_core) for _printf_core
    printfa.o(i.__0vprintf) refers to bsp_usart.o(.text) for fputc
    printfa.o(i.__0vprintf) refers to stdout.o(.data) for __stdout
    printfa.o(i.__0vsnprintf) refers (Special) to iusefp.o(.text) for __I$use$fp
    printfa.o(i.__0vsnprintf) refers to printfa.o(i._printf_core) for _printf_core
    printfa.o(i.__0vsnprintf) refers to printfa.o(i._snputc) for _snputc
    printfa.o(i.__0vsprintf) refers (Special) to iusefp.o(.text) for __I$use$fp
    printfa.o(i.__0vsprintf) refers to printfa.o(i._printf_core) for _printf_core
    printfa.o(i.__0vsprintf) refers to printfa.o(i._sputc) for _sputc
    printfa.o(i._fp_digits) refers (Special) to iusefp.o(.text) for __I$use$fp
    printfa.o(i._fp_digits) refers to dmul.o(.text) for __aeabi_dmul
    printfa.o(i._fp_digits) refers to ddiv.o(.text) for __aeabi_ddiv
    printfa.o(i._fp_digits) refers to cdrcmple.o(.text) for __aeabi_cdrcmple
    printfa.o(i._fp_digits) refers to dadd.o(.text) for __aeabi_dadd
    printfa.o(i._fp_digits) refers to dfixul.o(.text) for __aeabi_d2ulz
    printfa.o(i._fp_digits) refers to uldiv.o(.text) for __aeabi_uldivmod
    printfa.o(i._printf_core) refers (Special) to iusefp.o(.text) for __I$use$fp
    printfa.o(i._printf_core) refers to printfa.o(i._printf_pre_padding) for _printf_pre_padding
    printfa.o(i._printf_core) refers to uldiv.o(.text) for __aeabi_uldivmod
    printfa.o(i._printf_core) refers to printfa.o(i._printf_post_padding) for _printf_post_padding
    printfa.o(i._printf_core) refers to printfa.o(i._fp_digits) for _fp_digits
    printfa.o(i._printf_core) refers to uidiv.o(.text) for __aeabi_uidivmod
    printfa.o(i._printf_post_padding) refers (Special) to iusefp.o(.text) for __I$use$fp
    printfa.o(i._printf_pre_padding) refers (Special) to iusefp.o(.text) for __I$use$fp
    printfa.o(i._snputc) refers (Special) to iusefp.o(.text) for __I$use$fp
    printfa.o(i._sputc) refers (Special) to iusefp.o(.text) for __I$use$fp
    dadd.o(.text) refers (Special) to iusefp.o(.text) for __I$use$fp
    dadd.o(.text) refers to llshl.o(.text) for __aeabi_llsl
    dadd.o(.text) refers to llsshr.o(.text) for __aeabi_lasr
    dadd.o(.text) refers to depilogue.o(.text) for _double_epilogue
    dmul.o(.text) refers (Special) to iusefp.o(.text) for __I$use$fp
    dmul.o(.text) refers to depilogue.o(.text) for _double_epilogue
    dflti.o(.text) refers (Special) to iusefp.o(.text) for __I$use$fp
    dflti.o(.text) refers to depilogue.o(.text) for _double_epilogue
    ffixi.o(.text) refers (Special) to iusefp.o(.text) for __I$use$fp
    d2f.o(.text) refers (Special) to iusefp.o(.text) for __I$use$fp
    d2f.o(.text) refers to fepilogue.o(.text) for _float_round
    entry2.o(.ARM.Collect$$$$00000001) refers to entry2.o(.ARM.Collect$$$$00002712) for __lit__00000000
    entry2.o(.ARM.Collect$$$$00002712) refers to startup_stm32f10x_hd.o(STACK) for __initial_sp
    entry2.o(__vectab_stack_and_reset_area) refers to startup_stm32f10x_hd.o(STACK) for __initial_sp
    entry2.o(__vectab_stack_and_reset_area) refers to entry.o(.ARM.Collect$$$$00000000) for __main
    entry5.o(.ARM.Collect$$$$00000004) refers to init.o(.text) for __scatterload
    entry9a.o(.ARM.Collect$$$$0000000B) refers to main.o(.text) for main
    entry9b.o(.ARM.Collect$$$$0000000C) refers to main.o(.text) for main
    uldiv.o(.text) refers to llushr.o(.text) for __aeabi_llsr
    uldiv.o(.text) refers to llshl.o(.text) for __aeabi_llsl
    depilogue.o(.text) refers to llshl.o(.text) for __aeabi_llsl
    depilogue.o(.text) refers to llushr.o(.text) for __aeabi_llsr
    ddiv.o(.text) refers to depilogue.o(.text) for _double_round
    dfixul.o(.text) refers to llushr.o(.text) for __aeabi_llsr
    dfixul.o(.text) refers to llshl.o(.text) for __aeabi_llsl
    init.o(.text) refers to entry5.o(.ARM.Collect$$$$00000004) for __main_after_scatterload


==============================================================================

Removing Unused input sections from the image.

    Removing startup_stm32f10x_hd.o(HEAP), (512 bytes).
    Removing core_cm3.o(.emb_text), (32 bytes).
    Removing stm32f10x_flash.o(.text), (1468 bytes).
    Removing stm32f10x_fsmc.o(.text), (1548 bytes).
    Removing stm32f10x_sdio.o(.text), (468 bytes).
    Removing stm32f10x_spi.o(.text), (780 bytes).
    Removing bsp_exti.o(.text), (120 bytes).
    Removing wifi_config.o(.text), (28 bytes).
    Removing wifi_function.o(.text), (1448 bytes).
    Removing ddiv.o(.text), (222 bytes).
    Removing dfixul.o(.text), (48 bytes).
    Removing cdrcmple.o(.text), (40 bytes).

12 unused section(s) (total 6714 bytes) removed from the image.

==============================================================================

Image Symbol Table

    Local Symbols

    Symbol Name                              Value     Ov Type        Size  Object(Section)

    ../clib/microlib/division.c              0x00000000   Number         0  uldiv.o ABSOLUTE
    ../clib/microlib/division.c              0x00000000   Number         0  uidiv.o ABSOLUTE
    ../clib/microlib/init/entry.s            0x00000000   Number         0  entry2.o ABSOLUTE
    ../clib/microlib/init/entry.s            0x00000000   Number         0  entry5.o ABSOLUTE
    ../clib/microlib/init/entry.s            0x00000000   Number         0  entry7a.o ABSOLUTE
    ../clib/microlib/init/entry.s            0x00000000   Number         0  entry7b.o ABSOLUTE
    ../clib/microlib/init/entry.s            0x00000000   Number         0  entry8a.o ABSOLUTE
    ../clib/microlib/init/entry.s            0x00000000   Number         0  entry8b.o ABSOLUTE
    ../clib/microlib/init/entry.s            0x00000000   Number         0  entry9a.o ABSOLUTE
    ../clib/microlib/init/entry.s            0x00000000   Number         0  entry11b.o ABSOLUTE
    ../clib/microlib/init/entry.s            0x00000000   Number         0  entry9b.o ABSOLUTE
    ../clib/microlib/init/entry.s            0x00000000   Number         0  entry10a.o ABSOLUTE
    ../clib/microlib/init/entry.s            0x00000000   Number         0  entry10b.o ABSOLUTE
    ../clib/microlib/init/entry.s            0x00000000   Number         0  entry.o ABSOLUTE
    ../clib/microlib/init/entry.s            0x00000000   Number         0  entry11a.o ABSOLUTE
    ../clib/microlib/longlong.c              0x00000000   Number         0  llsshr.o ABSOLUTE
    ../clib/microlib/longlong.c              0x00000000   Number         0  llshl.o ABSOLUTE
    ../clib/microlib/longlong.c              0x00000000   Number         0  llushr.o ABSOLUTE
    ../clib/microlib/printf/printf.c         0x00000000   Number         0  printfb.o ABSOLUTE
    ../clib/microlib/printf/printf.c         0x00000000   Number         0  printf4.o ABSOLUTE
    ../clib/microlib/printf/printf.c         0x00000000   Number         0  printf3.o ABSOLUTE
    ../clib/microlib/printf/printf.c         0x00000000   Number         0  printf2.o ABSOLUTE
    ../clib/microlib/printf/printf.c         0x00000000   Number         0  printf1.o ABSOLUTE
    ../clib/microlib/printf/printf.c         0x00000000   Number         0  printfa.o ABSOLUTE
    ../clib/microlib/printf/printf.c         0x00000000   Number         0  printf8.o ABSOLUTE
    ../clib/microlib/printf/printf.c         0x00000000   Number         0  printf0.o ABSOLUTE
    ../clib/microlib/printf/printf.c         0x00000000   Number         0  printf7.o ABSOLUTE
    ../clib/microlib/printf/printf.c         0x00000000   Number         0  printf6.o ABSOLUTE
    ../clib/microlib/printf/printf.c         0x00000000   Number         0  printf5.o ABSOLUTE
    ../clib/microlib/printf/stubs.s          0x00000000   Number         0  stubs.o ABSOLUTE
    ../clib/microlib/stdio/streams.c         0x00000000   Number         0  stdout.o ABSOLUTE
    ../clib/microlib/string/memset.c         0x00000000   Number         0  memseta.o ABSOLUTE
    ../clib/microlib/string/strstr.c         0x00000000   Number         0  strstr.o ABSOLUTE
    ../clib/microlib/stubs.s                 0x00000000   Number         0  iusefp.o ABSOLUTE
    ../fplib/microlib/d2f.c                  0x00000000   Number         0  d2f.o ABSOLUTE
    ../fplib/microlib/fpadd.c                0x00000000   Number         0  dadd.o ABSOLUTE
    ../fplib/microlib/fpdiv.c                0x00000000   Number         0  ddiv.o ABSOLUTE
    ../fplib/microlib/fpepilogue.c           0x00000000   Number         0  fepilogue.o ABSOLUTE
    ../fplib/microlib/fpepilogue.c           0x00000000   Number         0  depilogue.o ABSOLUTE
    ../fplib/microlib/fpfix.c                0x00000000   Number         0  ffixi.o ABSOLUTE
    ../fplib/microlib/fpfix.c                0x00000000   Number         0  dfixul.o ABSOLUTE
    ../fplib/microlib/fpflt.c                0x00000000   Number         0  dflti.o ABSOLUTE
    ../fplib/microlib/fpmul.c                0x00000000   Number         0  dmul.o ABSOLUTE
    ..\Libraries\CMSIS\core_cm3.c            0x00000000   Number         0  core_cm3.o ABSOLUTE
    ..\Libraries\CMSIS\startup\startup_stm32f10x_hd.s 0x00000000   Number         0  startup_stm32f10x_hd.o ABSOLUTE
    ..\Libraries\CMSIS\system_stm32f10x.c    0x00000000   Number         0  system_stm32f10x.o ABSOLUTE
    ..\Libraries\FWlib\src\misc.c            0x00000000   Number         0  misc.o ABSOLUTE
    ..\Libraries\FWlib\src\stm32f10x_dma.c   0x00000000   Number         0  stm32f10x_dma.o ABSOLUTE
    ..\Libraries\FWlib\src\stm32f10x_exti.c  0x00000000   Number         0  stm32f10x_exti.o ABSOLUTE
    ..\Libraries\FWlib\src\stm32f10x_flash.c 0x00000000   Number         0  stm32f10x_flash.o ABSOLUTE
    ..\Libraries\FWlib\src\stm32f10x_fsmc.c  0x00000000   Number         0  stm32f10x_fsmc.o ABSOLUTE
    ..\Libraries\FWlib\src\stm32f10x_gpio.c  0x00000000   Number         0  stm32f10x_gpio.o ABSOLUTE
    ..\Libraries\FWlib\src\stm32f10x_rcc.c   0x00000000   Number         0  stm32f10x_rcc.o ABSOLUTE
    ..\Libraries\FWlib\src\stm32f10x_sdio.c  0x00000000   Number         0  stm32f10x_sdio.o ABSOLUTE
    ..\Libraries\FWlib\src\stm32f10x_spi.c   0x00000000   Number         0  stm32f10x_spi.o ABSOLUTE
    ..\Libraries\FWlib\src\stm32f10x_tim.c   0x00000000   Number         0  stm32f10x_tim.o ABSOLUTE
    ..\Libraries\FWlib\src\stm32f10x_usart.c 0x00000000   Number         0  stm32f10x_usart.o ABSOLUTE
    ..\User\bsp_SysTick\bsp_SysTick.c        0x00000000   Number         0  bsp_systick.o ABSOLUTE
    ..\User\bsp_exti\bsp_exti.c              0x00000000   Number         0  bsp_exti.o ABSOLUTE
    ..\User\bsp_gpio\bsp_gpio.c              0x00000000   Number         0  bsp_gpio.o ABSOLUTE
    ..\User\bsp_timer\bsp_timer.c            0x00000000   Number         0  bsp_timer.o ABSOLUTE
    ..\User\bsp_usart\bsp_usart.c            0x00000000   Number         0  bsp_usart.o ABSOLUTE
    ..\User\main.c                           0x00000000   Number         0  main.o ABSOLUTE
    ..\User\ov7725\bsp_ov7725.c              0x00000000   Number         0  bsp_ov7725.o ABSOLUTE
    ..\User\ov7725\bsp_sccb.c                0x00000000   Number         0  bsp_sccb.o ABSOLUTE
    ..\User\stm32f10x_it.c                   0x00000000   Number         0  stm32f10x_it.o ABSOLUTE
    ..\User\wifi\wifi_config.c               0x00000000   Number         0  wifi_config.o ABSOLUTE
    ..\User\wifi\wifi_function.c             0x00000000   Number         0  wifi_function.o ABSOLUTE
    ..\\Libraries\\CMSIS\\core_cm3.c         0x00000000   Number         0  core_cm3.o ABSOLUTE
    cdrcmple.s                               0x00000000   Number         0  cdrcmple.o ABSOLUTE
    dc.s                                     0x00000000   Number         0  dc.o ABSOLUTE
    handlers.s                               0x00000000   Number         0  handlers.o ABSOLUTE
    init.s                                   0x00000000   Number         0  init.o ABSOLUTE
    RESET                                    0x08000000   Section      304  startup_stm32f10x_hd.o(RESET)
    .ARM.Collect$$$$00000000                 0x08000130   Section        0  entry.o(.ARM.Collect$$$$00000000)
    .ARM.Collect$$$$00000001                 0x08000130   Section        4  entry2.o(.ARM.Collect$$$$00000001)
    .ARM.Collect$$$$00000004                 0x08000134   Section        4  entry5.o(.ARM.Collect$$$$00000004)
    .ARM.Collect$$$$00000008                 0x08000138   Section        0  entry7b.o(.ARM.Collect$$$$00000008)
    .ARM.Collect$$$$0000000A                 0x08000138   Section        0  entry8b.o(.ARM.Collect$$$$0000000A)
    .ARM.Collect$$$$0000000B                 0x08000138   Section        8  entry9a.o(.ARM.Collect$$$$0000000B)
    .ARM.Collect$$$$0000000D                 0x08000140   Section        0  entry10a.o(.ARM.Collect$$$$0000000D)
    .ARM.Collect$$$$0000000F                 0x08000140   Section        0  entry11a.o(.ARM.Collect$$$$0000000F)
    .ARM.Collect$$$$00002712                 0x08000140   Section        4  entry2.o(.ARM.Collect$$$$00002712)
    __lit__00000000                          0x08000140   Data           4  entry2.o(.ARM.Collect$$$$00002712)
    .text                                    0x08000144   Section       36  startup_stm32f10x_hd.o(.text)
    .text                                    0x08000168   Section        0  system_stm32f10x.o(.text)
    SetSysClockTo72                          0x08000169   Thumb Code   214  system_stm32f10x.o(.text)
    SetSysClock                              0x0800023f   Thumb Code     8  system_stm32f10x.o(.text)
    .text                                    0x08000348   Section        0  misc.o(.text)
    .text                                    0x08000424   Section        0  stm32f10x_dma.o(.text)
    .text                                    0x08000678   Section        0  stm32f10x_exti.o(.text)
    .text                                    0x08000794   Section        0  stm32f10x_gpio.o(.text)
    .text                                    0x08000af0   Section        0  stm32f10x_rcc.o(.text)
    .text                                    0x08000e94   Section        0  stm32f10x_tim.o(.text)
    TI4_Config                               0x0800133b   Thumb Code   130  stm32f10x_tim.o(.text)
    TI3_Config                               0x080013cf   Thumb Code   122  stm32f10x_tim.o(.text)
    TI2_Config                               0x08001463   Thumb Code   130  stm32f10x_tim.o(.text)
    TI1_Config                               0x080014f7   Thumb Code   108  stm32f10x_tim.o(.text)
    .text                                    0x08001cb0   Section        0  stm32f10x_usart.o(.text)
    .text                                    0x080020b8   Section        0  main.o(.text)
    .text                                    0x08002128   Section        0  bsp_gpio.o(.text)
    .text                                    0x08002330   Section        0  bsp_systick.o(.text)
    .text                                    0x080023e4   Section        0  stm32f10x_it.o(.text)
    .text                                    0x08002558   Section        0  bsp_usart.o(.text)
    itoa                                     0x08002653   Thumb Code    98  bsp_usart.o(.text)
    .text                                    0x0800289c   Section        0  bsp_timer.o(.text)
    Timer3_Init                              0x0800289d   Thumb Code    90  bsp_timer.o(.text)
    Timer4_Init                              0x080028f7   Thumb Code    90  bsp_timer.o(.text)
    .text                                    0x08002c40   Section        0  bsp_ov7725.o(.text)
    FIFO_GPIO_Config                         0x08002c41   Thumb Code   148  bsp_ov7725.o(.text)
    VSYNC_GPIO_Configuration                 0x08002ce1   Thumb Code    40  bsp_ov7725.o(.text)
    VSYNC_NVIC_Configuration                 0x08002d09   Thumb Code    42  bsp_ov7725.o(.text)
    VSYNC_EXTI_Configuration                 0x08002d33   Thumb Code    46  bsp_ov7725.o(.text)
    .text                                    0x08003000   Section        0  bsp_sccb.o(.text)
    SCCB_delay                               0x08003027   Thumb Code    16  bsp_sccb.o(.text)
    SCCB_Start                               0x08003037   Thumb Code    78  bsp_sccb.o(.text)
    SCCB_Stop                                0x08003085   Thumb Code    52  bsp_sccb.o(.text)
    SCCB_Ack                                 0x080030b9   Thumb Code    52  bsp_sccb.o(.text)
    SCCB_NoAck                               0x080030ed   Thumb Code    52  bsp_sccb.o(.text)
    SCCB_WaitAck                             0x08003121   Thumb Code    72  bsp_sccb.o(.text)
    SCCB_SendByte                            0x08003169   Thumb Code    84  bsp_sccb.o(.text)
    SCCB_ReceiveByte                         0x080031bd   Thumb Code    80  bsp_sccb.o(.text)
    .text                                    0x080032cc   Section        0  dadd.o(.text)
    .text                                    0x0800341a   Section        0  dmul.o(.text)
    .text                                    0x080034fe   Section        0  dflti.o(.text)
    .text                                    0x08003520   Section        0  ffixi.o(.text)
    .text                                    0x08003552   Section        0  d2f.o(.text)
    .text                                    0x0800358a   Section        0  uldiv.o(.text)
    .text                                    0x080035ec   Section        0  llshl.o(.text)
    .text                                    0x0800360a   Section        0  llsshr.o(.text)
    .text                                    0x0800362e   Section        0  iusefp.o(.text)
    .text                                    0x0800362e   Section        0  fepilogue.o(.text)
    .text                                    0x0800369a   Section        0  depilogue.o(.text)
    .text                                    0x08003758   Section       36  init.o(.text)
    .text                                    0x0800377c   Section        0  llushr.o(.text)
    i.__0printf$5                            0x0800379c   Section        0  printf5.o(i.__0printf$5)
    i.__scatterload_copy                     0x080037bc   Section       14  handlers.o(i.__scatterload_copy)
    i.__scatterload_null                     0x080037ca   Section        2  handlers.o(i.__scatterload_null)
    i.__scatterload_zeroinit                 0x080037cc   Section       14  handlers.o(i.__scatterload_zeroinit)
    i._printf_core                           0x080037dc   Section        0  printf5.o(i._printf_core)
    _printf_core                             0x080037dd   Thumb Code   658  printf5.o(i._printf_core)
    .data                                    0x20000000   Section       20  system_stm32f10x.o(.data)
    .data                                    0x20000014   Section       20  stm32f10x_rcc.o(.data)
    APBAHBPrescTable                         0x20000014   Data          16  stm32f10x_rcc.o(.data)
    ADCPrescTable                            0x20000024   Data           4  stm32f10x_rcc.o(.data)
    .data                                    0x20000028   Section        3  main.o(.data)
    .data                                    0x2000002c   Section        4  bsp_systick.o(.data)
    TimingDelay                              0x2000002c   Data           4  bsp_systick.o(.data)
    .data                                    0x20000030   Section      156  bsp_ov7725.o(.data)
    .data                                    0x200000cc   Section        4  stdout.o(.data)
    .bss                                     0x200000d0   Section     1026  wifi_config.o(.bss)
    STACK                                    0x200004d8   Section     1024  startup_stm32f10x_hd.o(STACK)

    Global Symbols

    Symbol Name                              Value     Ov Type        Size  Object(Section)

    BuildAttributes$$THM_ISAv4$P$D$K$B$S$PE$A:L22UL41UL21$X:L11$S22US41US21$IEEE1$IW$USESV6$~STKCKD$USESV7$~SHL$OTIME$ROPI$EBA8$MICROLIB$REQ8$PRES8$EABIv2 0x00000000   Number         0  anon$$obj.o ABSOLUTE
    __ARM_use_no_argv                        0x00000000   Number         0  main.o ABSOLUTE
    _printf_a                                0x00000000   Number         0  stubs.o ABSOLUTE
    _printf_c                                0x00000000   Number         0  stubs.o ABSOLUTE
    _printf_charcount                        0x00000000   Number         0  stubs.o ABSOLUTE
    _printf_d                                0x00000000   Number         0  stubs.o ABSOLUTE
    _printf_e                                0x00000000   Number         0  stubs.o ABSOLUTE
    _printf_f                                0x00000000   Number         0  stubs.o ABSOLUTE
    _printf_flags                            0x00000000   Number         0  stubs.o ABSOLUTE
    _printf_fp_dec                           0x00000000   Number         0  stubs.o ABSOLUTE
    _printf_fp_hex                           0x00000000   Number         0  stubs.o ABSOLUTE
    _printf_g                                0x00000000   Number         0  stubs.o ABSOLUTE
    _printf_i                                0x00000000   Number         0  stubs.o ABSOLUTE
    _printf_int_dec                          0x00000000   Number         0  stubs.o ABSOLUTE
    _printf_l                                0x00000000   Number         0  stubs.o ABSOLUTE
    _printf_lc                               0x00000000   Number         0  stubs.o ABSOLUTE
    _printf_ll                               0x00000000   Number         0  stubs.o ABSOLUTE
    _printf_lld                              0x00000000   Number         0  stubs.o ABSOLUTE
    _printf_lli                              0x00000000   Number         0  stubs.o ABSOLUTE
    _printf_llo                              0x00000000   Number         0  stubs.o ABSOLUTE
    _printf_llu                              0x00000000   Number         0  stubs.o ABSOLUTE
    _printf_llx                              0x00000000   Number         0  stubs.o ABSOLUTE
    _printf_longlong_dec                     0x00000000   Number         0  stubs.o ABSOLUTE
    _printf_longlong_hex                     0x00000000   Number         0  stubs.o ABSOLUTE
    _printf_longlong_oct                     0x00000000   Number         0  stubs.o ABSOLUTE
    _printf_ls                               0x00000000   Number         0  stubs.o ABSOLUTE
    _printf_mbtowc                           0x00000000   Number         0  stubs.o ABSOLUTE
    _printf_n                                0x00000000   Number         0  stubs.o ABSOLUTE
    _printf_o                                0x00000000   Number         0  stubs.o ABSOLUTE
    _printf_p                                0x00000000   Number         0  stubs.o ABSOLUTE
    _printf_percent                          0x00000000   Number         0  stubs.o ABSOLUTE
    _printf_pre_padding                      0x00000000   Number         0  stubs.o ABSOLUTE
    _printf_return_value                     0x00000000   Number         0  stubs.o ABSOLUTE
    _printf_s                                0x00000000   Number         0  stubs.o ABSOLUTE
    _printf_sizespec                         0x00000000   Number         0  stubs.o ABSOLUTE
    _printf_str                              0x00000000   Number         0  stubs.o ABSOLUTE
    _printf_truncate_signed                  0x00000000   Number         0  stubs.o ABSOLUTE
    _printf_truncate_unsigned                0x00000000   Number         0  stubs.o ABSOLUTE
    _printf_u                                0x00000000   Number         0  stubs.o ABSOLUTE
    _printf_wc                               0x00000000   Number         0  stubs.o ABSOLUTE
    _printf_wctomb                           0x00000000   Number         0  stubs.o ABSOLUTE
    _printf_widthprec                        0x00000000   Number         0  stubs.o ABSOLUTE
    _printf_x                                0x00000000   Number         0  stubs.o ABSOLUTE
    __cpp_initialize__aeabi_                  - Undefined Weak Reference
    __cxa_finalize                            - Undefined Weak Reference
    __decompress                              - Undefined Weak Reference
    _clock_init                               - Undefined Weak Reference
    _microlib_exit                            - Undefined Weak Reference
    __Vectors_Size                           0x00000130   Number         0  startup_stm32f10x_hd.o ABSOLUTE
    __Vectors                                0x08000000   Data           4  startup_stm32f10x_hd.o(RESET)
    __Vectors_End                            0x08000130   Data           0  startup_stm32f10x_hd.o(RESET)
    __main                                   0x08000131   Thumb Code     0  entry.o(.ARM.Collect$$$$00000000)
    _main_stk                                0x08000131   Thumb Code     0  entry2.o(.ARM.Collect$$$$00000001)
    _main_scatterload                        0x08000135   Thumb Code     0  entry5.o(.ARM.Collect$$$$00000004)
    __main_after_scatterload                 0x08000139   Thumb Code     0  entry5.o(.ARM.Collect$$$$00000004)
    _main_clock                              0x08000139   Thumb Code     0  entry7b.o(.ARM.Collect$$$$00000008)
    _main_cpp_init                           0x08000139   Thumb Code     0  entry8b.o(.ARM.Collect$$$$0000000A)
    _main_init                               0x08000139   Thumb Code     0  entry9a.o(.ARM.Collect$$$$0000000B)
    __rt_final_cpp                           0x08000141   Thumb Code     0  entry10a.o(.ARM.Collect$$$$0000000D)
    __rt_final_exit                          0x08000141   Thumb Code     0  entry11a.o(.ARM.Collect$$$$0000000F)
    Reset_Handler                            0x08000145   Thumb Code     8  startup_stm32f10x_hd.o(.text)
    ADC1_2_IRQHandler                        0x0800015f   Thumb Code     0  startup_stm32f10x_hd.o(.text)
    ADC3_IRQHandler                          0x0800015f   Thumb Code     0  startup_stm32f10x_hd.o(.text)
    CAN1_RX1_IRQHandler                      0x0800015f   Thumb Code     0  startup_stm32f10x_hd.o(.text)
    CAN1_SCE_IRQHandler                      0x0800015f   Thumb Code     0  startup_stm32f10x_hd.o(.text)
    DMA1_Channel1_IRQHandler                 0x0800015f   Thumb Code     0  startup_stm32f10x_hd.o(.text)
    DMA1_Channel2_IRQHandler                 0x0800015f   Thumb Code     0  startup_stm32f10x_hd.o(.text)
    DMA1_Channel3_IRQHandler                 0x0800015f   Thumb Code     0  startup_stm32f10x_hd.o(.text)
    DMA1_Channel4_IRQHandler                 0x0800015f   Thumb Code     0  startup_stm32f10x_hd.o(.text)
    DMA1_Channel5_IRQHandler                 0x0800015f   Thumb Code     0  startup_stm32f10x_hd.o(.text)
    DMA1_Channel6_IRQHandler                 0x0800015f   Thumb Code     0  startup_stm32f10x_hd.o(.text)
    DMA1_Channel7_IRQHandler                 0x0800015f   Thumb Code     0  startup_stm32f10x_hd.o(.text)
    DMA2_Channel1_IRQHandler                 0x0800015f   Thumb Code     0  startup_stm32f10x_hd.o(.text)
    DMA2_Channel2_IRQHandler                 0x0800015f   Thumb Code     0  startup_stm32f10x_hd.o(.text)
    DMA2_Channel3_IRQHandler                 0x0800015f   Thumb Code     0  startup_stm32f10x_hd.o(.text)
    DMA2_Channel4_5_IRQHandler               0x0800015f   Thumb Code     0  startup_stm32f10x_hd.o(.text)
    EXTI15_10_IRQHandler                     0x0800015f   Thumb Code     0  startup_stm32f10x_hd.o(.text)
    EXTI1_IRQHandler                         0x0800015f   Thumb Code     0  startup_stm32f10x_hd.o(.text)
    EXTI2_IRQHandler                         0x0800015f   Thumb Code     0  startup_stm32f10x_hd.o(.text)
    EXTI3_IRQHandler                         0x0800015f   Thumb Code     0  startup_stm32f10x_hd.o(.text)
    EXTI4_IRQHandler                         0x0800015f   Thumb Code     0  startup_stm32f10x_hd.o(.text)
    EXTI9_5_IRQHandler                       0x0800015f   Thumb Code     0  startup_stm32f10x_hd.o(.text)
    FLASH_IRQHandler                         0x0800015f   Thumb Code     0  startup_stm32f10x_hd.o(.text)
    FSMC_IRQHandler                          0x0800015f   Thumb Code     0  startup_stm32f10x_hd.o(.text)
    I2C1_ER_IRQHandler                       0x0800015f   Thumb Code     0  startup_stm32f10x_hd.o(.text)
    I2C1_EV_IRQHandler                       0x0800015f   Thumb Code     0  startup_stm32f10x_hd.o(.text)
    I2C2_ER_IRQHandler                       0x0800015f   Thumb Code     0  startup_stm32f10x_hd.o(.text)
    I2C2_EV_IRQHandler                       0x0800015f   Thumb Code     0  startup_stm32f10x_hd.o(.text)
    PVD_IRQHandler                           0x0800015f   Thumb Code     0  startup_stm32f10x_hd.o(.text)
    RCC_IRQHandler                           0x0800015f   Thumb Code     0  startup_stm32f10x_hd.o(.text)
    RTCAlarm_IRQHandler                      0x0800015f   Thumb Code     0  startup_stm32f10x_hd.o(.text)
    RTC_IRQHandler                           0x0800015f   Thumb Code     0  startup_stm32f10x_hd.o(.text)
    SDIO_IRQHandler                          0x0800015f   Thumb Code     0  startup_stm32f10x_hd.o(.text)
    SPI1_IRQHandler                          0x0800015f   Thumb Code     0  startup_stm32f10x_hd.o(.text)
    SPI2_IRQHandler                          0x0800015f   Thumb Code     0  startup_stm32f10x_hd.o(.text)
    SPI3_IRQHandler                          0x0800015f   Thumb Code     0  startup_stm32f10x_hd.o(.text)
    TAMPER_IRQHandler                        0x0800015f   Thumb Code     0  startup_stm32f10x_hd.o(.text)
    TIM1_BRK_IRQHandler                      0x0800015f   Thumb Code     0  startup_stm32f10x_hd.o(.text)
    TIM1_CC_IRQHandler                       0x0800015f   Thumb Code     0  startup_stm32f10x_hd.o(.text)
    TIM1_TRG_COM_IRQHandler                  0x0800015f   Thumb Code     0  startup_stm32f10x_hd.o(.text)
    TIM1_UP_IRQHandler                       0x0800015f   Thumb Code     0  startup_stm32f10x_hd.o(.text)
    TIM2_IRQHandler                          0x0800015f   Thumb Code     0  startup_stm32f10x_hd.o(.text)
    TIM5_IRQHandler                          0x0800015f   Thumb Code     0  startup_stm32f10x_hd.o(.text)
    TIM6_IRQHandler                          0x0800015f   Thumb Code     0  startup_stm32f10x_hd.o(.text)
    TIM7_IRQHandler                          0x0800015f   Thumb Code     0  startup_stm32f10x_hd.o(.text)
    TIM8_BRK_IRQHandler                      0x0800015f   Thumb Code     0  startup_stm32f10x_hd.o(.text)
    TIM8_CC_IRQHandler                       0x0800015f   Thumb Code     0  startup_stm32f10x_hd.o(.text)
    TIM8_TRG_COM_IRQHandler                  0x0800015f   Thumb Code     0  startup_stm32f10x_hd.o(.text)
    TIM8_UP_IRQHandler                       0x0800015f   Thumb Code     0  startup_stm32f10x_hd.o(.text)
    UART4_IRQHandler                         0x0800015f   Thumb Code     0  startup_stm32f10x_hd.o(.text)
    UART5_IRQHandler                         0x0800015f   Thumb Code     0  startup_stm32f10x_hd.o(.text)
    USART3_IRQHandler                        0x0800015f   Thumb Code     0  startup_stm32f10x_hd.o(.text)
    USBWakeUp_IRQHandler                     0x0800015f   Thumb Code     0  startup_stm32f10x_hd.o(.text)
    USB_HP_CAN1_TX_IRQHandler                0x0800015f   Thumb Code     0  startup_stm32f10x_hd.o(.text)
    USB_LP_CAN1_RX0_IRQHandler               0x0800015f   Thumb Code     0  startup_stm32f10x_hd.o(.text)
    WWDG_IRQHandler                          0x0800015f   Thumb Code     0  startup_stm32f10x_hd.o(.text)
    SystemInit                               0x08000247   Thumb Code    78  system_stm32f10x.o(.text)
    SystemCoreClockUpdate                    0x08000295   Thumb Code   142  system_stm32f10x.o(.text)
    NVIC_PriorityGroupConfig                 0x08000349   Thumb Code    10  misc.o(.text)
    NVIC_Init                                0x08000353   Thumb Code   100  misc.o(.text)
    NVIC_SetVectorTable                      0x080003b7   Thumb Code    14  misc.o(.text)
    NVIC_SystemLPConfig                      0x080003c5   Thumb Code    34  misc.o(.text)
    SysTick_CLKSourceConfig                  0x080003e7   Thumb Code    40  misc.o(.text)
    DMA_DeInit                               0x08000425   Thumb Code   324  stm32f10x_dma.o(.text)
    DMA_Init                                 0x08000569   Thumb Code    60  stm32f10x_dma.o(.text)
    DMA_StructInit                           0x080005a5   Thumb Code    26  stm32f10x_dma.o(.text)
    DMA_Cmd                                  0x080005bf   Thumb Code    24  stm32f10x_dma.o(.text)
    DMA_ITConfig                             0x080005d7   Thumb Code    18  stm32f10x_dma.o(.text)
    DMA_SetCurrDataCounter                   0x080005e9   Thumb Code     4  stm32f10x_dma.o(.text)
    DMA_GetCurrDataCounter                   0x080005ed   Thumb Code     8  stm32f10x_dma.o(.text)
    DMA_GetFlagStatus                        0x080005f5   Thumb Code    40  stm32f10x_dma.o(.text)
    DMA_ClearFlag                            0x0800061d   Thumb Code    22  stm32f10x_dma.o(.text)
    DMA_GetITStatus                          0x08000633   Thumb Code    40  stm32f10x_dma.o(.text)
    DMA_ClearITPendingBit                    0x0800065b   Thumb Code    22  stm32f10x_dma.o(.text)
    EXTI_DeInit                              0x08000679   Thumb Code    28  stm32f10x_exti.o(.text)
    EXTI_Init                                0x08000695   Thumb Code   142  stm32f10x_exti.o(.text)
    EXTI_StructInit                          0x08000723   Thumb Code    16  stm32f10x_exti.o(.text)
    EXTI_GenerateSWInterrupt                 0x08000733   Thumb Code    16  stm32f10x_exti.o(.text)
    EXTI_GetFlagStatus                       0x08000743   Thumb Code    22  stm32f10x_exti.o(.text)
    EXTI_ClearFlag                           0x08000759   Thumb Code     8  stm32f10x_exti.o(.text)
    EXTI_GetITStatus                         0x08000761   Thumb Code    34  stm32f10x_exti.o(.text)
    EXTI_ClearITPendingBit                   0x08000783   Thumb Code     8  stm32f10x_exti.o(.text)
    GPIO_DeInit                              0x08000795   Thumb Code   172  stm32f10x_gpio.o(.text)
    GPIO_AFIODeInit                          0x08000841   Thumb Code    20  stm32f10x_gpio.o(.text)
    GPIO_Init                                0x08000855   Thumb Code   278  stm32f10x_gpio.o(.text)
    GPIO_StructInit                          0x0800096b   Thumb Code    16  stm32f10x_gpio.o(.text)
    GPIO_ReadInputDataBit                    0x0800097b   Thumb Code    18  stm32f10x_gpio.o(.text)
    GPIO_ReadInputData                       0x0800098d   Thumb Code     8  stm32f10x_gpio.o(.text)
    GPIO_ReadOutputDataBit                   0x08000995   Thumb Code    18  stm32f10x_gpio.o(.text)
    GPIO_ReadOutputData                      0x080009a7   Thumb Code     8  stm32f10x_gpio.o(.text)
    GPIO_SetBits                             0x080009af   Thumb Code     4  stm32f10x_gpio.o(.text)
    GPIO_ResetBits                           0x080009b3   Thumb Code     4  stm32f10x_gpio.o(.text)
    GPIO_WriteBit                            0x080009b7   Thumb Code    10  stm32f10x_gpio.o(.text)
    GPIO_Write                               0x080009c1   Thumb Code     4  stm32f10x_gpio.o(.text)
    GPIO_PinLockConfig                       0x080009c5   Thumb Code    18  stm32f10x_gpio.o(.text)
    GPIO_EventOutputConfig                   0x080009d7   Thumb Code    26  stm32f10x_gpio.o(.text)
    GPIO_EventOutputCmd                      0x080009f1   Thumb Code     6  stm32f10x_gpio.o(.text)
    GPIO_PinRemapConfig                      0x080009f7   Thumb Code   138  stm32f10x_gpio.o(.text)
    GPIO_EXTILineConfig                      0x08000a81   Thumb Code    66  stm32f10x_gpio.o(.text)
    GPIO_ETH_MediaInterfaceConfig            0x08000ac3   Thumb Code     8  stm32f10x_gpio.o(.text)
    RCC_DeInit                               0x08000af1   Thumb Code    64  stm32f10x_rcc.o(.text)
    RCC_HSEConfig                            0x08000b31   Thumb Code    70  stm32f10x_rcc.o(.text)
    RCC_GetFlagStatus                        0x08000b77   Thumb Code    56  stm32f10x_rcc.o(.text)
    RCC_WaitForHSEStartUp                    0x08000baf   Thumb Code    56  stm32f10x_rcc.o(.text)
    RCC_AdjustHSICalibrationValue            0x08000be7   Thumb Code    20  stm32f10x_rcc.o(.text)
    RCC_HSICmd                               0x08000bfb   Thumb Code     6  stm32f10x_rcc.o(.text)
    RCC_PLLConfig                            0x08000c01   Thumb Code    24  stm32f10x_rcc.o(.text)
    RCC_PLLCmd                               0x08000c19   Thumb Code     6  stm32f10x_rcc.o(.text)
    RCC_SYSCLKConfig                         0x08000c1f   Thumb Code    18  stm32f10x_rcc.o(.text)
    RCC_GetSYSCLKSource                      0x08000c31   Thumb Code    10  stm32f10x_rcc.o(.text)
    RCC_HCLKConfig                           0x08000c3b   Thumb Code    18  stm32f10x_rcc.o(.text)
    RCC_PCLK1Config                          0x08000c4d   Thumb Code    18  stm32f10x_rcc.o(.text)
    RCC_PCLK2Config                          0x08000c5f   Thumb Code    20  stm32f10x_rcc.o(.text)
    RCC_ITConfig                             0x08000c73   Thumb Code    26  stm32f10x_rcc.o(.text)
    RCC_USBCLKConfig                         0x08000c8d   Thumb Code     8  stm32f10x_rcc.o(.text)
    RCC_ADCCLKConfig                         0x08000c95   Thumb Code    18  stm32f10x_rcc.o(.text)
    RCC_LSEConfig                            0x08000ca7   Thumb Code    50  stm32f10x_rcc.o(.text)
    RCC_LSICmd                               0x08000cd9   Thumb Code     6  stm32f10x_rcc.o(.text)
    RCC_RTCCLKConfig                         0x08000cdf   Thumb Code    12  stm32f10x_rcc.o(.text)
    RCC_RTCCLKCmd                            0x08000ceb   Thumb Code     8  stm32f10x_rcc.o(.text)
    RCC_GetClocksFreq                        0x08000cf3   Thumb Code   192  stm32f10x_rcc.o(.text)
    RCC_AHBPeriphClockCmd                    0x08000db3   Thumb Code    26  stm32f10x_rcc.o(.text)
    RCC_APB2PeriphClockCmd                   0x08000dcd   Thumb Code    26  stm32f10x_rcc.o(.text)
    RCC_APB1PeriphClockCmd                   0x08000de7   Thumb Code    26  stm32f10x_rcc.o(.text)
    RCC_APB2PeriphResetCmd                   0x08000e01   Thumb Code    26  stm32f10x_rcc.o(.text)
    RCC_APB1PeriphResetCmd                   0x08000e1b   Thumb Code    26  stm32f10x_rcc.o(.text)
    RCC_BackupResetCmd                       0x08000e35   Thumb Code     8  stm32f10x_rcc.o(.text)
    RCC_ClockSecuritySystemCmd               0x08000e3d   Thumb Code     6  stm32f10x_rcc.o(.text)
    RCC_MCOConfig                            0x08000e43   Thumb Code     6  stm32f10x_rcc.o(.text)
    RCC_ClearFlag                            0x08000e49   Thumb Code    14  stm32f10x_rcc.o(.text)
    RCC_GetITStatus                          0x08000e57   Thumb Code    20  stm32f10x_rcc.o(.text)
    RCC_ClearITPendingBit                    0x08000e6b   Thumb Code     6  stm32f10x_rcc.o(.text)
    TIM_DeInit                               0x08000e95   Thumb Code   424  stm32f10x_tim.o(.text)
    TIM_TimeBaseInit                         0x0800103d   Thumb Code   122  stm32f10x_tim.o(.text)
    TIM_OC1Init                              0x080010b7   Thumb Code   132  stm32f10x_tim.o(.text)
    TIM_OC2Init                              0x0800113b   Thumb Code   154  stm32f10x_tim.o(.text)
    TIM_OC3Init                              0x080011d5   Thumb Code   150  stm32f10x_tim.o(.text)
    TIM_OC4Init                              0x0800126b   Thumb Code   182  stm32f10x_tim.o(.text)
    TIM_SetIC4Prescaler                      0x08001321   Thumb Code    26  stm32f10x_tim.o(.text)
    TIM_SetIC3Prescaler                      0x080013bd   Thumb Code    18  stm32f10x_tim.o(.text)
    TIM_SetIC2Prescaler                      0x08001449   Thumb Code    26  stm32f10x_tim.o(.text)
    TIM_SetIC1Prescaler                      0x080014e5   Thumb Code    18  stm32f10x_tim.o(.text)
    TIM_ICInit                               0x08001563   Thumb Code   150  stm32f10x_tim.o(.text)
    TIM_PWMIConfig                           0x080015f9   Thumb Code   124  stm32f10x_tim.o(.text)
    TIM_BDTRConfig                           0x08001675   Thumb Code    32  stm32f10x_tim.o(.text)
    TIM_TimeBaseStructInit                   0x08001695   Thumb Code    18  stm32f10x_tim.o(.text)
    TIM_OCStructInit                         0x080016a7   Thumb Code    20  stm32f10x_tim.o(.text)
    TIM_ICStructInit                         0x080016bb   Thumb Code    18  stm32f10x_tim.o(.text)
    TIM_BDTRStructInit                       0x080016cd   Thumb Code    40  stm32f10x_tim.o(.text)
    TIM_Cmd                                  0x080016f5   Thumb Code    24  stm32f10x_tim.o(.text)
    TIM_CtrlPWMOutputs                       0x0800170d   Thumb Code    30  stm32f10x_tim.o(.text)
    TIM_ITConfig                             0x0800172b   Thumb Code    18  stm32f10x_tim.o(.text)
    TIM_GenerateEvent                        0x0800173d   Thumb Code     4  stm32f10x_tim.o(.text)
    TIM_DMAConfig                            0x08001741   Thumb Code    10  stm32f10x_tim.o(.text)
    TIM_DMACmd                               0x0800174b   Thumb Code    18  stm32f10x_tim.o(.text)
    TIM_InternalClockConfig                  0x0800175d   Thumb Code    12  stm32f10x_tim.o(.text)
    TIM_SelectInputTrigger                   0x08001769   Thumb Code    18  stm32f10x_tim.o(.text)
    TIM_ITRxExternalClockConfig              0x0800177b   Thumb Code    24  stm32f10x_tim.o(.text)
    TIM_TIxExternalClockConfig               0x08001793   Thumb Code    62  stm32f10x_tim.o(.text)
    TIM_ETRConfig                            0x080017d1   Thumb Code    28  stm32f10x_tim.o(.text)
    TIM_ETRClockMode1Config                  0x080017ed   Thumb Code    54  stm32f10x_tim.o(.text)
    TIM_ETRClockMode2Config                  0x08001823   Thumb Code    32  stm32f10x_tim.o(.text)
    TIM_PrescalerConfig                      0x08001843   Thumb Code     6  stm32f10x_tim.o(.text)
    TIM_CounterModeConfig                    0x08001849   Thumb Code    18  stm32f10x_tim.o(.text)
    TIM_EncoderInterfaceConfig               0x0800185b   Thumb Code    66  stm32f10x_tim.o(.text)
    TIM_ForcedOC1Config                      0x0800189d   Thumb Code    18  stm32f10x_tim.o(.text)
    TIM_ForcedOC2Config                      0x080018af   Thumb Code    26  stm32f10x_tim.o(.text)
    TIM_ForcedOC3Config                      0x080018c9   Thumb Code    18  stm32f10x_tim.o(.text)
    TIM_ForcedOC4Config                      0x080018db   Thumb Code    26  stm32f10x_tim.o(.text)
    TIM_ARRPreloadConfig                     0x080018f5   Thumb Code    24  stm32f10x_tim.o(.text)
    TIM_SelectCOM                            0x0800190d   Thumb Code    24  stm32f10x_tim.o(.text)
    TIM_SelectCCDMA                          0x08001925   Thumb Code    24  stm32f10x_tim.o(.text)
    TIM_CCPreloadControl                     0x0800193d   Thumb Code    24  stm32f10x_tim.o(.text)
    TIM_OC1PreloadConfig                     0x08001955   Thumb Code    18  stm32f10x_tim.o(.text)
    TIM_OC2PreloadConfig                     0x08001967   Thumb Code    26  stm32f10x_tim.o(.text)
    TIM_OC3PreloadConfig                     0x08001981   Thumb Code    18  stm32f10x_tim.o(.text)
    TIM_OC4PreloadConfig                     0x08001993   Thumb Code    26  stm32f10x_tim.o(.text)
    TIM_OC1FastConfig                        0x080019ad   Thumb Code    18  stm32f10x_tim.o(.text)
    TIM_OC2FastConfig                        0x080019bf   Thumb Code    26  stm32f10x_tim.o(.text)
    TIM_OC3FastConfig                        0x080019d9   Thumb Code    18  stm32f10x_tim.o(.text)
    TIM_OC4FastConfig                        0x080019eb   Thumb Code    26  stm32f10x_tim.o(.text)
    TIM_ClearOC1Ref                          0x08001a05   Thumb Code    18  stm32f10x_tim.o(.text)
    TIM_ClearOC2Ref                          0x08001a17   Thumb Code    24  stm32f10x_tim.o(.text)
    TIM_ClearOC3Ref                          0x08001a2f   Thumb Code    18  stm32f10x_tim.o(.text)
    TIM_ClearOC4Ref                          0x08001a41   Thumb Code    24  stm32f10x_tim.o(.text)
    TIM_OC1PolarityConfig                    0x08001a59   Thumb Code    18  stm32f10x_tim.o(.text)
    TIM_OC1NPolarityConfig                   0x08001a6b   Thumb Code    18  stm32f10x_tim.o(.text)
    TIM_OC2PolarityConfig                    0x08001a7d   Thumb Code    26  stm32f10x_tim.o(.text)
    TIM_OC2NPolarityConfig                   0x08001a97   Thumb Code    26  stm32f10x_tim.o(.text)
    TIM_OC3PolarityConfig                    0x08001ab1   Thumb Code    26  stm32f10x_tim.o(.text)
    TIM_OC3NPolarityConfig                   0x08001acb   Thumb Code    26  stm32f10x_tim.o(.text)
    TIM_OC4PolarityConfig                    0x08001ae5   Thumb Code    26  stm32f10x_tim.o(.text)
    TIM_CCxCmd                               0x08001aff   Thumb Code    30  stm32f10x_tim.o(.text)
    TIM_CCxNCmd                              0x08001b1d   Thumb Code    30  stm32f10x_tim.o(.text)
    TIM_SelectOCxM                           0x08001b3b   Thumb Code    82  stm32f10x_tim.o(.text)
    TIM_UpdateDisableConfig                  0x08001b8d   Thumb Code    24  stm32f10x_tim.o(.text)
    TIM_UpdateRequestConfig                  0x08001ba5   Thumb Code    24  stm32f10x_tim.o(.text)
    TIM_SelectHallSensor                     0x08001bbd   Thumb Code    24  stm32f10x_tim.o(.text)
    TIM_SelectOnePulseMode                   0x08001bd5   Thumb Code    18  stm32f10x_tim.o(.text)
    TIM_SelectOutputTrigger                  0x08001be7   Thumb Code    18  stm32f10x_tim.o(.text)
    TIM_SelectSlaveMode                      0x08001bf9   Thumb Code    18  stm32f10x_tim.o(.text)
    TIM_SelectMasterSlaveMode                0x08001c0b   Thumb Code    18  stm32f10x_tim.o(.text)
    TIM_SetCounter                           0x08001c1d   Thumb Code     4  stm32f10x_tim.o(.text)
    TIM_SetAutoreload                        0x08001c21   Thumb Code     4  stm32f10x_tim.o(.text)
    TIM_SetCompare1                          0x08001c25   Thumb Code     4  stm32f10x_tim.o(.text)
    TIM_SetCompare2                          0x08001c29   Thumb Code     4  stm32f10x_tim.o(.text)
    TIM_SetCompare3                          0x08001c2d   Thumb Code     4  stm32f10x_tim.o(.text)
    TIM_SetCompare4                          0x08001c31   Thumb Code     6  stm32f10x_tim.o(.text)
    TIM_SetClockDivision                     0x08001c37   Thumb Code    18  stm32f10x_tim.o(.text)
    TIM_GetCapture1                          0x08001c49   Thumb Code     6  stm32f10x_tim.o(.text)
    TIM_GetCapture2                          0x08001c4f   Thumb Code     6  stm32f10x_tim.o(.text)
    TIM_GetCapture3                          0x08001c55   Thumb Code     6  stm32f10x_tim.o(.text)
    TIM_GetCapture4                          0x08001c5b   Thumb Code     8  stm32f10x_tim.o(.text)
    TIM_GetCounter                           0x08001c63   Thumb Code     6  stm32f10x_tim.o(.text)
    TIM_GetPrescaler                         0x08001c69   Thumb Code     6  stm32f10x_tim.o(.text)
    TIM_GetFlagStatus                        0x08001c6f   Thumb Code    18  stm32f10x_tim.o(.text)
    TIM_ClearFlag                            0x08001c81   Thumb Code     6  stm32f10x_tim.o(.text)
    TIM_GetITStatus                          0x08001c87   Thumb Code    34  stm32f10x_tim.o(.text)
    TIM_ClearITPendingBit                    0x08001ca9   Thumb Code     6  stm32f10x_tim.o(.text)
    USART_DeInit                             0x08001cb1   Thumb Code   134  stm32f10x_usart.o(.text)
    USART_Init                               0x08001d37   Thumb Code   210  stm32f10x_usart.o(.text)
    USART_StructInit                         0x08001e09   Thumb Code    24  stm32f10x_usart.o(.text)
    USART_ClockInit                          0x08001e21   Thumb Code    34  stm32f10x_usart.o(.text)
    USART_ClockStructInit                    0x08001e43   Thumb Code    12  stm32f10x_usart.o(.text)
    USART_Cmd                                0x08001e4f   Thumb Code    24  stm32f10x_usart.o(.text)
    USART_ITConfig                           0x08001e67   Thumb Code    74  stm32f10x_usart.o(.text)
    USART_DMACmd                             0x08001eb1   Thumb Code    18  stm32f10x_usart.o(.text)
    USART_SetAddress                         0x08001ec3   Thumb Code    18  stm32f10x_usart.o(.text)
    USART_WakeUpConfig                       0x08001ed5   Thumb Code    18  stm32f10x_usart.o(.text)
    USART_ReceiverWakeUpCmd                  0x08001ee7   Thumb Code    24  stm32f10x_usart.o(.text)
    USART_LINBreakDetectLengthConfig         0x08001eff   Thumb Code    18  stm32f10x_usart.o(.text)
    USART_LINCmd                             0x08001f11   Thumb Code    24  stm32f10x_usart.o(.text)
    USART_SendData                           0x08001f29   Thumb Code     8  stm32f10x_usart.o(.text)
    USART_ReceiveData                        0x08001f31   Thumb Code    10  stm32f10x_usart.o(.text)
    USART_SendBreak                          0x08001f3b   Thumb Code    10  stm32f10x_usart.o(.text)
    USART_SetGuardTime                       0x08001f45   Thumb Code    16  stm32f10x_usart.o(.text)
    USART_SetPrescaler                       0x08001f55   Thumb Code    16  stm32f10x_usart.o(.text)
    USART_SmartCardCmd                       0x08001f65   Thumb Code    24  stm32f10x_usart.o(.text)
    USART_SmartCardNACKCmd                   0x08001f7d   Thumb Code    24  stm32f10x_usart.o(.text)
    USART_HalfDuplexCmd                      0x08001f95   Thumb Code    24  stm32f10x_usart.o(.text)
    USART_OverSampling8Cmd                   0x08001fad   Thumb Code    22  stm32f10x_usart.o(.text)
    USART_OneBitMethodCmd                    0x08001fc3   Thumb Code    24  stm32f10x_usart.o(.text)
    USART_IrDAConfig                         0x08001fdb   Thumb Code    18  stm32f10x_usart.o(.text)
    USART_IrDACmd                            0x08001fed   Thumb Code    24  stm32f10x_usart.o(.text)
    USART_GetFlagStatus                      0x08002005   Thumb Code    26  stm32f10x_usart.o(.text)
    USART_ClearFlag                          0x0800201f   Thumb Code    18  stm32f10x_usart.o(.text)
    USART_GetITStatus                        0x08002031   Thumb Code    84  stm32f10x_usart.o(.text)
    USART_ClearITPendingBit                  0x08002085   Thumb Code    52  stm32f10x_usart.o(.text)
    main                                     0x080020b9   Thumb Code    48  main.o(.text)
    Scan_Command                             0x080020e9   Thumb Code    52  main.o(.text)
    GPIO_WIFI_Config                         0x08002129   Thumb Code    54  bsp_gpio.o(.text)
    GPIO_USART1_Config                       0x0800215f   Thumb Code    62  bsp_gpio.o(.text)
    GPIO_USART2_Config                       0x0800219d   Thumb Code    66  bsp_gpio.o(.text)
    GPIO_SPI1_Config                         0x080021df   Thumb Code    86  bsp_gpio.o(.text)
    GPIO_SPI3_Config                         0x08002235   Thumb Code    88  bsp_gpio.o(.text)
    GPIO_DUOJI_Config                        0x0800228d   Thumb Code    46  bsp_gpio.o(.text)
    GPIO_MOTOR_Config                        0x080022bb   Thumb Code    60  bsp_gpio.o(.text)
    GPIO_INFRARED_Config                     0x080022f7   Thumb Code    48  bsp_gpio.o(.text)
    SysTick_Init                             0x08002331   Thumb Code   108  bsp_systick.o(.text)
    Delay_ms                                 0x0800239d   Thumb Code    36  bsp_systick.o(.text)
    TimingDelay_Decrement                    0x080023c1   Thumb Code    18  bsp_systick.o(.text)
    NMI_Handler                              0x080023e5   Thumb Code     2  stm32f10x_it.o(.text)
    HardFault_Handler                        0x080023e7   Thumb Code     4  stm32f10x_it.o(.text)
    MemManage_Handler                        0x080023eb   Thumb Code     4  stm32f10x_it.o(.text)
    BusFault_Handler                         0x080023ef   Thumb Code     4  stm32f10x_it.o(.text)
    UsageFault_Handler                       0x080023f3   Thumb Code     4  stm32f10x_it.o(.text)
    SVC_Handler                              0x080023f7   Thumb Code     2  stm32f10x_it.o(.text)
    DebugMon_Handler                         0x080023f9   Thumb Code     2  stm32f10x_it.o(.text)
    PendSV_Handler                           0x080023fb   Thumb Code     2  stm32f10x_it.o(.text)
    SysTick_Handler                          0x080023fd   Thumb Code     8  stm32f10x_it.o(.text)
    USART2_IRQHandler                        0x08002405   Thumb Code   132  stm32f10x_it.o(.text)
    USART1_IRQHandler                        0x08002489   Thumb Code    44  stm32f10x_it.o(.text)
    EXTI0_IRQHandler                         0x080024b5   Thumb Code    80  stm32f10x_it.o(.text)
    TIM3_IRQHandler                          0x08002505   Thumb Code    22  stm32f10x_it.o(.text)
    TIM4_IRQHandler                          0x0800251b   Thumb Code    22  stm32f10x_it.o(.text)
    USART1_Config                            0x08002559   Thumb Code    62  bsp_usart.o(.text)
    fputc                                    0x08002597   Thumb Code    32  bsp_usart.o(.text)
    fgetc                                    0x080025b7   Thumb Code    26  bsp_usart.o(.text)
    NVIC_USART_Config                        0x080025d1   Thumb Code    56  bsp_usart.o(.text)
    USART2_Config                            0x08002609   Thumb Code    74  bsp_usart.o(.text)
    USART2_printf                            0x080026b5   Thumb Code   262  bsp_usart.o(.text)
    DMA_USART1_Config                        0x080027bb   Thumb Code    86  bsp_usart.o(.text)
    DMA_USART2_Config                        0x08002811   Thumb Code   124  bsp_usart.o(.text)
    Motor_Mode_Config                        0x08002951   Thumb Code    74  bsp_timer.o(.text)
    Duoji_Mode_Config                        0x0800299b   Thumb Code    98  bsp_timer.o(.text)
    Moving_Init                              0x080029fd   Thumb Code    40  bsp_timer.o(.text)
    Motor_Control                            0x08002a25   Thumb Code    82  bsp_timer.o(.text)
    Duoji_Control                            0x08002a77   Thumb Code    66  bsp_timer.o(.text)
    Infrared_Scan                            0x08002ab9   Thumb Code   296  bsp_timer.o(.text)
    Infrared                                 0x08002be1   Thumb Code    58  bsp_timer.o(.text)
    Ov7725_GPIO_Config                       0x08002cd5   Thumb Code    12  bsp_ov7725.o(.text)
    VSYNC_Init                               0x08002d61   Thumb Code    16  bsp_ov7725.o(.text)
    Ov7725_Init                              0x08002d71   Thumb Code   136  bsp_ov7725.o(.text)
    ImagDisp                                 0x08002df9   Thumb Code   184  bsp_ov7725.o(.text)
    Camera                                   0x08002eb1   Thumb Code    66  bsp_ov7725.o(.text)
    CameraInit                               0x08002ef3   Thumb Code    32  bsp_ov7725.o(.text)
    SCCB_GPIO_Config                         0x08003001   Thumb Code    38  bsp_sccb.o(.text)
    SCCB_WriteByte                           0x0800320d   Thumb Code    64  bsp_sccb.o(.text)
    SCCB_ReadByte                            0x0800324d   Thumb Code   122  bsp_sccb.o(.text)
    __aeabi_dadd                             0x080032cd   Thumb Code   322  dadd.o(.text)
    __aeabi_dsub                             0x0800340f   Thumb Code     6  dadd.o(.text)
    __aeabi_drsub                            0x08003415   Thumb Code     6  dadd.o(.text)
    __aeabi_dmul                             0x0800341b   Thumb Code   228  dmul.o(.text)
    __aeabi_i2d                              0x080034ff   Thumb Code    34  dflti.o(.text)
    __aeabi_f2iz                             0x08003521   Thumb Code    50  ffixi.o(.text)
    __aeabi_d2f                              0x08003553   Thumb Code    56  d2f.o(.text)
    __aeabi_uldivmod                         0x0800358b   Thumb Code    98  uldiv.o(.text)
    __aeabi_llsl                             0x080035ed   Thumb Code    30  llshl.o(.text)
    _ll_shift_l                              0x080035ed   Thumb Code     0  llshl.o(.text)
    __aeabi_lasr                             0x0800360b   Thumb Code    36  llsshr.o(.text)
    _ll_sshift_r                             0x0800360b   Thumb Code     0  llsshr.o(.text)
    __I$use$fp                               0x0800362f   Thumb Code     0  iusefp.o(.text)
    _float_round                             0x0800362f   Thumb Code    18  fepilogue.o(.text)
    _float_epilogue                          0x08003641   Thumb Code    90  fepilogue.o(.text)
    _double_round                            0x0800369b   Thumb Code    26  depilogue.o(.text)
    _double_epilogue                         0x080036b5   Thumb Code   164  depilogue.o(.text)
    __scatterload                            0x08003759   Thumb Code    28  init.o(.text)
    __scatterload_rt2                        0x08003759   Thumb Code     0  init.o(.text)
    __aeabi_llsr                             0x0800377d   Thumb Code    32  llushr.o(.text)
    _ll_ushift_r                             0x0800377d   Thumb Code     0  llushr.o(.text)
    __0printf$5                              0x0800379d   Thumb Code    22  printf5.o(i.__0printf$5)
    __1printf$5                              0x0800379d   Thumb Code     0  printf5.o(i.__0printf$5)
    __2printf                                0x0800379d   Thumb Code     0  printf5.o(i.__0printf$5)
    __scatterload_copy                       0x080037bd   Thumb Code    14  handlers.o(i.__scatterload_copy)
    __scatterload_null                       0x080037cb   Thumb Code     2  handlers.o(i.__scatterload_null)
    __scatterload_zeroinit                   0x080037cd   Thumb Code    14  handlers.o(i.__scatterload_zeroinit)
    Region$$Table$$Base                      0x08003a9c   Number         0  anon$$obj.o(Region$$Table)
    Region$$Table$$Limit                     0x08003abc   Number         0  anon$$obj.o(Region$$Table)
    SystemCoreClock                          0x20000000   Data           4  system_stm32f10x.o(.data)
    AHBPrescTable                            0x20000004   Data          16  system_stm32f10x.o(.data)
    screen_flag                              0x20000028   Data           1  main.o(.data)
    infrared_scan_flag                       0x20000029   Data           1  main.o(.data)
    stop_flag                                0x2000002a   Data           1  main.o(.data)
    Sensor_Config                            0x20000030   Data         154  bsp_ov7725.o(.data)
    OV7725_REG_NUM                           0x200000ca   Data           1  bsp_ov7725.o(.data)
    Ov7725_vsync                             0x200000cb   Data           1  bsp_ov7725.o(.data)
    __stdout                                 0x200000cc   Data           4  stdout.o(.data)
    strEsp8266_Fram_Record                   0x200000d0   Data        1026  wifi_config.o(.bss)
    __initial_sp                             0x200008d8   Data           0  startup_stm32f10x_hd.o(STACK)



==============================================================================

Memory Map of the image

  Image Entry point : 0x08000131

  Load Region LR_IROM1 (Base: 0x08000000, Size: 0x00003b8c, Max: 0x00060000, ABSOLUTE)

    Execution Region ER_IROM1 (Base: 0x08000000, Size: 0x00003abc, Max: 0x00060000, ABSOLUTE)

    Base Addr    Size         Type   Attr      Idx    E Section Name        Object

    0x08000000   0x00000130   Data   RO            3    RESET               startup_stm32f10x_hd.o
    0x08000130   0x00000000   Code   RO          483  * .ARM.Collect$$$$00000000  mc_w.l(entry.o)
    0x08000130   0x00000004   Code   RO          761    .ARM.Collect$$$$00000001  mc_w.l(entry2.o)
    0x08000134   0x00000004   Code   RO          764    .ARM.Collect$$$$00000004  mc_w.l(entry5.o)
    0x08000138   0x00000000   Code   RO          766    .ARM.Collect$$$$00000008  mc_w.l(entry7b.o)
    0x08000138   0x00000000   Code   RO          768    .ARM.Collect$$$$0000000A  mc_w.l(entry8b.o)
    0x08000138   0x00000008   Code   RO          769    .ARM.Collect$$$$0000000B  mc_w.l(entry9a.o)
    0x08000140   0x00000000   Code   RO          771    .ARM.Collect$$$$0000000D  mc_w.l(entry10a.o)
    0x08000140   0x00000000   Code   RO          773    .ARM.Collect$$$$0000000F  mc_w.l(entry11a.o)
    0x08000140   0x00000004   Code   RO          762    .ARM.Collect$$$$00002712  mc_w.l(entry2.o)
    0x08000144   0x00000024   Code   RO            4    .text               startup_stm32f10x_hd.o
    0x08000168   0x000001e0   Code   RO           24    .text               system_stm32f10x.o
    0x08000348   0x000000dc   Code   RO           79    .text               misc.o
    0x08000424   0x00000254   Code   RO           95    .text               stm32f10x_dma.o
    0x08000678   0x0000011c   Code   RO          107    .text               stm32f10x_exti.o
    0x08000794   0x0000035c   Code   RO          146    .text               stm32f10x_gpio.o
    0x08000af0   0x000003a4   Code   RO          158    .text               stm32f10x_rcc.o
    0x08000e94   0x00000e1a   Code   RO          199    .text               stm32f10x_tim.o
    0x08001cae   0x00000002   PAD
    0x08001cb0   0x00000408   Code   RO          211    .text               stm32f10x_usart.o
    0x080020b8   0x00000070   Code   RO          223    .text               main.o
    0x08002128   0x00000208   Code   RO          327    .text               bsp_gpio.o
    0x08002330   0x000000b4   Code   RO          339    .text               bsp_systick.o
    0x080023e4   0x00000174   Code   RO          360    .text               stm32f10x_it.o
    0x08002558   0x00000344   Code   RO          379    .text               bsp_usart.o
    0x0800289c   0x000003a4   Code   RO          398    .text               bsp_timer.o
    0x08002c40   0x000003c0   Code   RO          449    .text               bsp_ov7725.o
    0x08003000   0x000002cc   Code   RO          468    .text               bsp_sccb.o
    0x080032cc   0x0000014e   Code   RO          751    .text               mf_w.l(dadd.o)
    0x0800341a   0x000000e4   Code   RO          753    .text               mf_w.l(dmul.o)
    0x080034fe   0x00000022   Code   RO          755    .text               mf_w.l(dflti.o)
    0x08003520   0x00000032   Code   RO          757    .text               mf_w.l(ffixi.o)
    0x08003552   0x00000038   Code   RO          759    .text               mf_w.l(d2f.o)
    0x0800358a   0x00000062   Code   RO          778    .text               mc_w.l(uldiv.o)
    0x080035ec   0x0000001e   Code   RO          780    .text               mc_w.l(llshl.o)
    0x0800360a   0x00000024   Code   RO          782    .text               mc_w.l(llsshr.o)
    0x0800362e   0x00000000   Code   RO          784    .text               mc_w.l(iusefp.o)
    0x0800362e   0x0000006c   Code   RO          785    .text               mf_w.l(fepilogue.o)
    0x0800369a   0x000000be   Code   RO          787    .text               mf_w.l(depilogue.o)
    0x08003758   0x00000024   Code   RO          795    .text               mc_w.l(init.o)
    0x0800377c   0x00000020   Code   RO          797    .text               mc_w.l(llushr.o)
    0x0800379c   0x00000020   Code   RO          623    i.__0printf$5       mc_w.l(printf5.o)
    0x080037bc   0x0000000e   Code   RO          801    i.__scatterload_copy  mc_w.l(handlers.o)
    0x080037ca   0x00000002   Code   RO          802    i.__scatterload_null  mc_w.l(handlers.o)
    0x080037cc   0x0000000e   Code   RO          803    i.__scatterload_zeroinit  mc_w.l(handlers.o)
    0x080037da   0x00000002   PAD
    0x080037dc   0x000002c0   Code   RO          630    i._printf_core      mc_w.l(printf5.o)
    0x08003a9c   0x00000020   Data   RO          799    Region$$Table       anon$$obj.o


    Execution Region RW_IRAM1 (Base: 0x20000000, Size: 0x000008d8, Max: 0x00010000, ABSOLUTE)

    Base Addr    Size         Type   Attr      Idx    E Section Name        Object

    0x20000000   0x00000014   Data   RW           25    .data               system_stm32f10x.o
    0x20000014   0x00000014   Data   RW          159    .data               stm32f10x_rcc.o
    0x20000028   0x00000003   Data   RW          224    .data               main.o
    0x2000002b   0x00000001   PAD
    0x2000002c   0x00000004   Data   RW          340    .data               bsp_systick.o
    0x20000030   0x0000009c   Data   RW          450    .data               bsp_ov7725.o
    0x200000cc   0x00000004   Data   RW          775    .data               mc_w.l(stdout.o)
    0x200000d0   0x00000402   Zero   RW          415    .bss                wifi_config.o
    0x200004d2   0x00000006   PAD
    0x200004d8   0x00000400   Zero   RW            1    STACK               startup_stm32f10x_hd.o


==============================================================================

Image component sizes


      Code (inc. data)   RO Data    RW Data    ZI Data      Debug   Object Name

       520         10          0          0          0       1744   bsp_gpio.o
       960        238          0        156          0       3121   bsp_ov7725.o
       716          6          0          0          0       2792   bsp_sccb.o
       180         18          0          4          0      16585   bsp_systick.o
       932         38          0          0          0       2253   bsp_timer.o
       836         16          0          0          0       4698   bsp_usart.o
         0          0          0          0          0       4496   core_cm3.o
       112         12          0          3          0     255202   main.o
       220         22          0          0          0       1749   misc.o
        36          8        304          0       1024        840   startup_stm32f10x_hd.o
       596          8          0          0          0       4278   stm32f10x_dma.o
       284         10          0          0          0       2183   stm32f10x_exti.o
       860         38          0          0          0       5593   stm32f10x_gpio.o
       372         40          0          0          0       2039   stm32f10x_it.o
       932         36          0         20          0       8740   stm32f10x_rcc.o
      3610         88          0          0          0      22080   stm32f10x_tim.o
      1032         22          0          0          0       8320   stm32f10x_usart.o
       480         38          0         20          0     261955   system_stm32f10x.o
         0          0          0          0       1026       1029   wifi_config.o

    ----------------------------------------------------------------------
     12680        648        336        204       2056     609697   Object Totals
         0          0         32          0          0          0   (incl. Generated)
         2          0          0          1          6          0   (incl. Padding)

    ----------------------------------------------------------------------

      Code (inc. data)   RO Data    RW Data    ZI Data      Debug   Library Member Name

         0          0          0          0          0          0   entry.o
         0          0          0          0          0          0   entry10a.o
         0          0          0          0          0          0   entry11a.o
         8          4          0          0          0          0   entry2.o
         4          0          0          0          0          0   entry5.o
         0          0          0          0          0          0   entry7b.o
         0          0          0          0          0          0   entry8b.o
         8          4          0          0          0          0   entry9a.o
        30          0          0          0          0          0   handlers.o
        36          8          0          0          0         68   init.o
         0          0          0          0          0          0   iusefp.o
        30          0          0          0          0         68   llshl.o
        36          0          0          0          0         68   llsshr.o
        32          0          0          0          0         68   llushr.o
       736         56          0          0          0        184   printf5.o
         0          0          0          4          0          0   stdout.o
        98          0          0          0          0         92   uldiv.o
        56          0          0          0          0         88   d2f.o
       334          0          0          0          0        148   dadd.o
       190          0          0          0          0        176   depilogue.o
        34          0          0          0          0         76   dflti.o
       228          0          0          0          0         96   dmul.o
       108          0          0          0          0        168   fepilogue.o
        50          0          0          0          0         68   ffixi.o

    ----------------------------------------------------------------------
      2020         72          0          4          0       1368   Library Totals
         2          0          0          0          0          0   (incl. Padding)

    ----------------------------------------------------------------------

      Code (inc. data)   RO Data    RW Data    ZI Data      Debug   Library Name

      1018         72          0          4          0        548   mc_w.l
      1000          0          0          0          0        820   mf_w.l

    ----------------------------------------------------------------------
      2020         72          0          4          0       1368   Library Totals

    ----------------------------------------------------------------------

==============================================================================


      Code (inc. data)   RO Data    RW Data    ZI Data      Debug   

     14700        720        336        208       2056     608985   Grand Totals
     14700        720        336        208       2056     608985   ELF Image Totals
     14700        720        336        208          0          0   ROM Totals

==============================================================================

    Total RO  Size (Code + RO Data)                15036 (  14.68kB)
    Total RW  Size (RW Data + ZI Data)              2264 (   2.21kB)
    Total ROM Size (Code + RO Data + RW Data)      15244 (  14.89kB)

==============================================================================

