ARM Linker, 5.03 [Build 76] [MDK-ARM Lite]

==============================================================================

Section Cross References

    stm32f10x_it.o(.text) refers to bsp_systick.o(.text) for TimingDelay_Decrement
    stm32f10x_it.o(.text) refers to stm32f10x_exti.o(.text) for EXTI_GetITStatus
    stm32f10x_it.o(.text) refers to stm32f10x_usart.o(.text) for USART_GetITStatus
    stm32f10x_it.o(.text) refers to memseta.o(.text) for __aeabi_memclr
    stm32f10x_it.o(.text) refers to wifi_function.o(.text) for Cmd_String
    stm32f10x_it.o(.text) refers to bsp_ov7725.o(.data) for Ov7725_vsync
    stm32f10x_it.o(.text) refers to main.o(.data) for finish
    stm32f10x_it.o(.text) refers to wifi_config.o(.bss) for strEsp8266_Fram_Record
    stm32f10x_it.o(.text) refers to stm32f10x_it.o(.data) for cmd_point
    stm32f10x_it.o(.text) refers to main.o(.bss) for cmd
    startup_stm32f10x_hd.o(RESET) refers to startup_stm32f10x_hd.o(STACK) for __initial_sp
    startup_stm32f10x_hd.o(RESET) refers to startup_stm32f10x_hd.o(.text) for Reset_Handler
    startup_stm32f10x_hd.o(RESET) refers to stm32f10x_it.o(.text) for NMI_Handler
    startup_stm32f10x_hd.o(RESET) refers to leftultrawave.o(.text) for EXTI1_IRQHandler
    startup_stm32f10x_hd.o(RESET) refers to ultrasonicwave.o(.text) for EXTI9_5_IRQHandler
    startup_stm32f10x_hd.o(RESET) refers to timer.o(.text) for TIM2_IRQHandler
    startup_stm32f10x_hd.o(.text) refers to system_stm32f10x.o(.text) for SystemInit
    startup_stm32f10x_hd.o(.text) refers to entry.o(.ARM.Collect$$$$00000000) for __main
    system_stm32f10x.o(.text) refers to system_stm32f10x.o(.data) for SystemCoreClock
    stm32f10x_adc.o(.text) refers to stm32f10x_rcc.o(.text) for RCC_APB2PeriphResetCmd
    stm32f10x_bkp.o(.text) refers to stm32f10x_rcc.o(.text) for RCC_BackupResetCmd
    stm32f10x_can.o(.text) refers to stm32f10x_rcc.o(.text) for RCC_APB1PeriphResetCmd
    stm32f10x_cec.o(.text) refers to stm32f10x_rcc.o(.text) for RCC_APB1PeriphResetCmd
    stm32f10x_dac.o(.text) refers to stm32f10x_rcc.o(.text) for RCC_APB1PeriphResetCmd
    stm32f10x_gpio.o(.text) refers to stm32f10x_rcc.o(.text) for RCC_APB2PeriphResetCmd
    stm32f10x_i2c.o(.text) refers to stm32f10x_rcc.o(.text) for RCC_APB1PeriphResetCmd
    stm32f10x_pwr.o(.text) refers to stm32f10x_rcc.o(.text) for RCC_APB1PeriphResetCmd
    stm32f10x_rcc.o(.text) refers to stm32f10x_rcc.o(.data) for APBAHBPrescTable
    stm32f10x_spi.o(.text) refers to stm32f10x_rcc.o(.text) for RCC_APB2PeriphResetCmd
    stm32f10x_tim.o(.text) refers to stm32f10x_rcc.o(.text) for RCC_APB2PeriphResetCmd
    stm32f10x_usart.o(.text) refers to stm32f10x_rcc.o(.text) for RCC_APB2PeriphResetCmd
    stm32f10x_wwdg.o(.text) refers to stm32f10x_rcc.o(.text) for RCC_APB1PeriphResetCmd
    main.o(.text) refers to wifi_config.o(.text) for WiFi_Config
    main.o(.text) refers to bsp_ili9341_lcd.o(.text) for LCD_Init
    main.o(.text) refers to printf5.o(i.__0printf$5) for __2printf
    main.o(.text) refers to bsp_ov7725.o(.text) for Ov7725_GPIO_Config
    main.o(.text) refers to bsp_systick.o(.text) for SysTick_Init
    main.o(.text) refers to bsp_ov7725.o(.data) for Ov7725_vsync
    main.o(.text) refers to main.o(.data) for getImage
    main.o(.data) refers to main.o(.conststring) for .conststring
    bsp_usart1.o(.text) refers to stm32f10x_rcc.o(.text) for RCC_APB2PeriphClockCmd
    bsp_usart1.o(.text) refers to stm32f10x_gpio.o(.text) for GPIO_Init
    bsp_usart1.o(.text) refers to stm32f10x_usart.o(.text) for USART_Init
    bsp_usart2.o(.text) refers to stm32f10x_rcc.o(.text) for RCC_APB2PeriphClockCmd
    bsp_usart2.o(.text) refers to stm32f10x_gpio.o(.text) for GPIO_Init
    bsp_usart2.o(.text) refers to stm32f10x_usart.o(.text) for USART_Init
    bsp_gpio.o(.text) refers to stm32f10x_rcc.o(.text) for RCC_APB2PeriphClockCmd
    bsp_gpio.o(.text) refers to stm32f10x_gpio.o(.text) for GPIO_Init
    bsp_systick.o(.text) refers to system_stm32f10x.o(.data) for SystemCoreClock
    bsp_systick.o(.text) refers to bsp_systick.o(.data) for TimingDelay
    wifi_config.o(.text) refers to misc.o(.text) for NVIC_PriorityGroupConfig
    wifi_config.o(.text) refers to bsp_gpio.o(.text) for GPIO_Config
    wifi_config.o(.text) refers to bsp_usart1.o(.text) for USART1_Config
    wifi_config.o(.text) refers to bsp_usart2.o(.text) for USART2_Config
    wifi_config.o(.text) refers to stm32f10x_rcc.o(.text) for RCC_AHBPeriphClockCmd
    wifi_config.o(.text) refers to stm32f10x_dma.o(.text) for DMA_Init
    wifi_function.o(.text) refers to stm32f10x_gpio.o(.text) for GPIO_SetBits
    wifi_function.o(.text) refers to bsp_systick.o(.text) for Delay_ms
    wifi_function.o(.text) refers to bsp_usart2.o(.text) for USART2_printf
    wifi_function.o(.text) refers to printf5.o(i.__0printf$5) for __2printf
    wifi_function.o(.text) refers to strstr.o(.text) for strstr
    wifi_function.o(.text) refers to printf5.o(i.__0sprintf$5) for __2sprintf
[...]
    printf5.o(i.__0printf$5) refers to bsp_usart1.o(.text) for fputc
    printf5.o(i.__0printf$5) refers to stdout.o(.data) for __stdout
    printf5.o(i.__0snprintf$5) refers to printf5.o(i._printf_core) for _printf_core
    printf5.o(i.__0snprintf$5) refers to printf5.o(i._snputc) for _snputc
    printf5.o(i.__0sprintf$5) refers to printf5.o(i._printf_core) for _printf_core
    printf5.o(i.__0sprintf$5) refers to printf5.o(i._sputc) for _sputc
    printf5.o(i.__0vfprintf$5) refers to printf5.o(i._printf_core) for _printf_core
    printf5.o(i.__0vfprintf$5) refers to bsp_usart1.o(.text) for fputc
    printf5.o(i.__0vprintf$5) refers to printf5.o(i._printf_core) for _printf_core
    printf5.o(i.__0vprintf$5) refers to bsp_usart1.o(.text) for fputc
    printf5.o(i.__0vprintf$5) refers to stdout.o(.data) for __stdout
    printf5.o(i.__0vsnprintf$5) refers to printf5.o(i._printf_core) for _printf_core
    printf5.o(i.__0vsnprintf$5) refers to printf5.o(i._snputc) for _snputc
    printf5.o(i.__0vsprintf$5) refers to printf5.o(i._printf_core) for _printf_core
    printf5.o(i.__0vsprintf$5) refers to printf5.o(i._sputc) for _sputc
    printf5.o(i._printf_core) refers to uldiv.o(.text) for __aeabi_uldivmod
    printf6.o(i.__0fprintf$6) refers to printf6.o(i._printf_core) for _printf_core
    printf6.o(i.__0fprintf$6) refers to bsp_usart1.o(.text) for fputc
    printf6.o(i.__0printf$6) refers to printf6.o(i._printf_core) for _printf_core
    printf6.o(i.__0printf$6) refers to bsp_usart1.o(.text) for fputc
    printf6.o(i.__0printf$6) refers to stdout.o(.data) for __stdout
    printf6.o(i.__0snprintf$6) refers to printf6.o(i._printf_core) for _printf_core
    printf6.o(i.__0snprintf$6) refers to printf6.o(i._snputc) for _snputc
    printf6.o(i.__0sprintf$6) refers to printf6.o(i._printf_core) for _printf_core
    printf6.o(i.__0sprintf$6) refers to printf6.o(i._sputc) for _sputc
    printf6.o(i.__0vfprintf$6) refers to printf6.o(i._printf_core) for _printf_core
    printf6.o(i.__0vfprintf$6) refers to bsp_usart1.o(.text) for fputc
    printf6.o(i.__0vprintf$6) refers to printf6.o(i._printf_core) for _printf_core
    printf6.o(i.__0vprintf$6) refers to bsp_usart1.o(.text) for fputc
    printf6.o(i.__0vprintf$6) refers to stdout.o(.data) for __stdout
    printf6.o(i.__0vsnprintf$6) refers to printf6.o(i._printf_core) for _printf_core
    printf6.o(i.__0vsnprintf$6) refers to printf6.o(i._snputc) for _snputc
    printf6.o(i.__0vsprintf$6) refers to printf6.o(i._printf_core) for _printf_core
    printf6.o(i.__0vsprintf$6) refers to printf6.o(i._sputc) for _sputc
    printf6.o(i._printf_core) refers to printf6.o(i._printf_pre_padding) for _printf_pre_padding
    printf6.o(i._printf_core) refers to uidiv.o(.text) for __aeabi_uidivmod
    printf6.o(i._printf_core) refers to printf6.o(i._printf_post_padding) for _printf_post_padding
    printf7.o(i.__0fprintf$7) refers to printf7.o(i._printf_core) for _printf_core
    printf7.o(i.__0fprintf$7) refers to bsp_usart1.o(.text) for fputc
    printf7.o(i.__0printf$7) refers to printf7.o(i._printf_core) for _printf_core
    printf7.o(i.__0printf$7) refers to bsp_usart1.o(.text) for fputc
    printf7.o(i.__0printf$7) refers to stdout.o(.data) for __stdout
    printf7.o(i.__0snprintf$7) refers to printf7.o(i._printf_core) for _printf_core
    printf7.o(i.__0snprintf$7) refers to printf7.o(i._snputc) for _snputc
    printf7.o(i.__0sprintf$7) refers to printf7.o(i._printf_core) for _printf_core
    printf7.o(i.__0sprintf$7) refers to printf7.o(i._sputc) for _sputc
    printf7.o(i.__0vfprintf$7) refers to printf7.o(i._printf_core) for _printf_core
    printf7.o(i.__0vfprintf$7) refers to bsp_usart1.o(.text) for fputc
    printf7.o(i.__0vprintf$7) refers to printf7.o(i._printf_core) for _printf_core
    printf7.o(i.__0vprintf$7) refers to bsp_usart1.o(.text) for fputc
    printf7.o(i.__0vprintf$7) refers to stdout.o(.data) for __stdout
    printf7.o(i.__0vsnprintf$7) refers to printf7.o(i._printf_core) for _printf_core
    printf7.o(i.__0vsnprintf$7) refers to printf7.o(i._snputc) for _snputc
    printf7.o(i.__0vsprintf$7) refers to printf7.o(i._printf_core) for _printf_core
    printf7.o(i.__0vsprintf$7) refers to printf7.o(i._sputc) for _sputc
    printf7.o(i._printf_core) refers to printf7.o(i._printf_pre_padding) for _printf_pre_padding
    printf7.o(i._printf_core) refers to uldiv.o(.text) for __aeabi_uldivmod
    printf7.o(i._printf_core) refers to printf7.o(i._printf_post_padding) for _printf_post_padding
    printf8.o(i.__0fprintf$8) refers to printf8.o(i._printf_core) for _printf_core
    printf8.o(i.__0fprintf$8) refers to bsp_usart1.o(.text) for fputc
    printf8.o(i.__0printf$8) refers to printf8.o(i._printf_core) for _printf_core
    printf8.o(i.__0printf$8) refers to bsp_usart1.o(.text) for fputc
    printf8.o(i.__0printf$8) refers to stdout.o(.data) for __stdout
    printf8.o(i.__0snprintf$8) refers to printf8.o(i._printf_core) for _printf_core
    printf8.o(i.__0snprintf$8) refers to printf8.o(i._snputc) for _snputc
    printf8.o(i.__0sprintf$8) refers to printf8.o(i._printf_core) for _printf_core
    printf8.o(i.__0sprintf$8) refers to printf8.o(i._sputc) for _sputc
    printf8.o(i.__0vfprintf$8) refers to printf8.o(i._printf_core) for _printf_core
    printf8.o(i.__0vfprintf$8) refers to bsp_usart1.o(.text) for fputc
    printf8.o(i.__0vprintf$8) refers to printf8.o(i._printf_core) for _printf_core
    printf8.o(i.__0vprintf$8) refers to bsp_usart1.o(.text) for fputc
    printf8.o(i.__0vprintf$8) refers to stdout.o(.data) for __stdout
    printf8.o(i.__0vsnprintf$8) refers to printf8.o(i._printf_core) for _printf_core
    printf8.o(i.__0vsnprintf$8) refers to printf8.o(i._snputc) for _snputc
    printf8.o(i.__0vsprintf$8) refers to printf8.o(i._printf_core) for _printf_core
    printf8.o(i.__0vsprintf$8) refers to printf8.o(i._sputc) for _sputc
    printf8.o(i._printf_core) refers to printf8.o(i._printf_pre_padding) for _printf_pre_padding
    printf8.o(i._printf_core) refers to uldiv.o(.text) for __aeabi_uldivmod
    printf8.o(i._printf_core) refers to printf8.o(i._printf_post_padding) for _printf_post_padding
    printfa.o(i.__0fprintf) refers (Special) to iusefp.o(.text) for __I$use$fp
    printfa.o(i.__0fprintf) refers to printfa.o(i._printf_core) for _printf_core
    printfa.o(i.__0fprintf) refers to bsp_usart1.o(.text) for fputc
    printfa.o(i.__0printf) refers (Special) to iusefp.o(.text) for __I$use$fp
    printfa.o(i.__0printf) refers to printfa.o(i._printf_core) for _printf_core
    printfa.o(i.__0printf) refers to bsp_usart1.o(.text) for fputc
    printfa.o(i.__0printf) refers to stdout.o(.data) for __stdout
    printfa.o(i.__0snprintf) refers (Special) to iusefp.o(.text) for __I$use$fp
    printfa.o(i.__0snprintf) refers to printfa.o(i._printf_core) for _printf_core
    printfa.o(i.__0snprintf) refers to printfa.o(i._snputc) for _snputc
    printfa.o(i.__0sprintf) refers (Special) to iusefp.o(.text) for __I$use$fp
    printfa.o(i.__0sprintf) refers to printfa.o(i._printf_core) for _printf_core
    printfa.o(i.__0sprintf) refers to printfa.o(i._sputc) for _sputc
    printfa.o(i.__0vfprintf) refers (Special) to iusefp.o(.text) for __I$use$fp
    printfa.o(i.__0vfprintf) refers to printfa.o(i._printf_core) for _printf_core
    printfa.o(i.__0vfprintf) refers to bsp_usart1.o(.text) for fputc
    printfa.o(i.__0vprintf) refers (Special) to iusefp.o(.text) for __I$use$fp
    printfa.o(i.__0vprintf) refers to printfa.o(i._printf_core) for _printf_core
    printfa.o(i.__0vprintf) refers to bsp_usart1.o(.text) for fputc
    printfa.o(i.__0vprintf) refers to stdout.o(.data) for __stdout
    printfa.o(i.__0vsnprintf) refers (Special) to iusefp.o(.text) for __I$use$fp
    printfa.o(i.__0vsnprintf) refers to printfa.o(i._printf_core) for _printf_core
    printfa.o(i.__0vsnprintf) refers to printfa.o(i._snputc) for _snputc
    printfa.o(i.__0vsprintf) refers (Special) to iusefp.o(.text) for __I$use$fp
    printfa.o(i.__0vsprintf) refers to printfa.o(i._printf_core) for _printf_core
    printfa.o(i.__0vsprintf) refers to printfa.o(i._sputc) for _sputc
    printfa.o(i._fp_digits) refers (Special) to iusefp.o(.text) for __I$use$fp
    printfa.o(i._fp_digits) refers to dmul.o(.text) for __aeabi_dmul
    printfa.o(i._fp_digits) refers to ddiv.o(.text) for __aeabi_ddiv
    printfa.o(i._fp_digits) refers to cdrcmple.o(.text) for __aeabi_cdrcmple
    printfa.o(i._fp_digits) refers to dadd.o(.text) for __aeabi_dadd
    printfa.o(i._fp_digits) refers to dfixul.o(.text) for __aeabi_d2ulz
    printfa.o(i._fp_digits) refers to uldiv.o(.text) for __aeabi_uldivmod
    printfa.o(i._printf_core) refers (Special) to iusefp.o(.text) for __I$use$fp
    printfa.o(i._printf_core) refers to printfa.o(i._printf_pre_padding) for _printf_pre_padding
    printfa.o(i._printf_core) refers to uldiv.o(.text) for __aeabi_uldivmod
    printfa.o(i._printf_core) refers to printfa.o(i._printf_post_padding) for _printf_post_padding
    printfa.o(i._printf_core) refers to printfa.o(i._fp_digits) for _fp_digits
    printfa.o(i._printf_core) refers to uidiv.o(.text) for __aeabi_uidivmod
    printfa.o(i._printf_post_padding) refers (Special) to iusefp.o(.text) for __I$use$fp
    printfa.o(i._printf_pre_padding) refers (Special) to iusefp.o(.text) for __I$use$fp
    printfa.o(i._snputc) refers (Special) to iusefp.o(.text) for __I$use$fp
    printfa.o(i._sputc) refers (Special) to iusefp.o(.text) for __I$use$fp
    dadd.o(.text) refers (Special) to iusefp.o(.text) for __I$use$fp
    dadd.o(.text) refers to llshl.o(.text) for __aeabi_llsl
    dadd.o(.text) refers to llsshr.o(.text) for __aeabi_lasr
    dadd.o(.text) refers to depilogue.o(.text) for _double_epilogue
    dmul.o(.text) refers (Special) to iusefp.o(.text) for __I$use$fp
    dmul.o(.text) refers to depilogue.o(.text) for _double_epilogue
    ddiv.o(.text) refers (Special) to iusefp.o(.text) for __I$use$fp
    ddiv.o(.text) refers to depilogue.o(.text) for _double_round
    fflti.o(.text) refers (Special) to iusefp.o(.text) for __I$use$fp
    fflti.o(.text) refers to fepilogue.o(.text) for _float_epilogue
    dflti.o(.text) refers (Special) to iusefp.o(.text) for __I$use$fp
    dflti.o(.text) refers to depilogue.o(.text) for _double_epilogue
    ffixi.o(.text) refers (Special) to iusefp.o(.text) for __I$use$fp
    ffixui.o(.text) refers (Special) to iusefp.o(.text) for __I$use$fp
    d2f.o(.text) refers (Special) to iusefp.o(.text) for __I$use$fp
    d2f.o(.text) refers to fepilogue.o(.text) for _float_round
    cfcmple.o(.text) refers (Special) to iusefp.o(.text) for __I$use$fp
    cfrcmple.o(.text) refers (Special) to iusefp.o(.text) for __I$use$fp
    entry2.o(.ARM.Collect$$$$00000001) refers to entry2.o(.ARM.Collect$$$$00002712) for __lit__00000000
    entry2.o(.ARM.Collect$$$$00002712) refers to startup_stm32f10x_hd.o(STACK) for __initial_sp
    entry2.o(__vectab_stack_and_reset_area) refers to startup_stm32f10x_hd.o(STACK) for __initial_sp
    entry2.o(__vectab_stack_and_reset_area) refers to entry.o(.ARM.Collect$$$$00000000) for __main
    entry5.o(.ARM.Collect$$$$00000004) refers to init.o(.text) for __scatterload
    entry9a.o(.ARM.Collect$$$$0000000B) refers to main.o(.text) for main
    entry9b.o(.ARM.Collect$$$$0000000C) refers to main.o(.text) for main
    uldiv.o(.text) refers to llushr.o(.text) for __aeabi_llsr
    uldiv.o(.text) refers to llshl.o(.text) for __aeabi_llsl
    depilogue.o(.text) refers to llshl.o(.text) for __aeabi_llsl
    depilogue.o(.text) refers to llushr.o(.text) for __aeabi_llsr
    dfixul.o(.text) refers to llushr.o(.text) for __aeabi_llsr
    dfixul.o(.text) refers to llshl.o(.text) for __aeabi_llsl
    init.o(.text) refers to entry5.o(.ARM.Collect$$$$00000004) for __main_after_scatterload


==============================================================================

Removing Unused input sections from the image.

    Removing startup_stm32f10x_hd.o(HEAP), (512 bytes).
    Removing core_cm3.o(.emb_text), (32 bytes).
    Removing stm32f10x_adc.o(.text), (1102 bytes).
    Removing stm32f10x_bkp.o(.text), (196 bytes).
    Removing stm32f10x_can.o(.text), (2540 bytes).
    Removing stm32f10x_cec.o(.text), (288 bytes).
    Removing stm32f10x_crc.o(.text), (72 bytes).
    Removing stm32f10x_dac.o(.text), (396 bytes).
    Removing stm32f10x_dbgmcu.o(.text), (48 bytes).
    Removing stm32f10x_flash.o(.text), (1468 bytes).
    Removing stm32f10x_i2c.o(.text), (1028 bytes).
    Removing stm32f10x_iwdg.o(.text), (64 bytes).
    Removing stm32f10x_pwr.o(.text), (204 bytes).
    Removing stm32f10x_rtc.o(.text), (324 bytes).
    Removing stm32f10x_sdio.o(.text), (472 bytes).
    Removing stm32f10x_spi.o(.text), (780 bytes).
    Removing stm32f10x_wwdg.o(.text), (136 bytes).
    Removing bsp_exti.o(.text), (120 bytes).
    Removing obstacleavoid.o(.text), (316 bytes).
    Removing obstacleavoid.o(.data), (32 bytes).
    Removing rightultrawave.o(.text), (180 bytes).
    Removing rightultrawave.o(.data), (4 bytes).
    Removing bsp_led.o(.text), (76 bytes).
    Removing bsp_spi_flash.o(.text), (796 bytes).
    Removing cfcmple.o(.text), (20 bytes).
    Removing cfrcmple.o(.text), (20 bytes).
    Removing dfixul.o(.text), (48 bytes).
    Removing cdrcmple.o(.text), (40 bytes).

28 unused section(s) (total 11314 bytes) removed from the image.

==============================================================================

Image Symbol Table

    Local Symbols

    Symbol Name                              Value     Ov Type        Size  Object(Section)

    ../clib/microlib/division.c              0x00000000   Number         0  uidiv.o ABSOLUTE
    ../clib/microlib/division.c              0x00000000   Number         0  uldiv.o ABSOLUTE
    ../clib/microlib/init/entry.s            0x00000000   Number         0  entry10a.o ABSOLUTE
    ../clib/microlib/init/entry.s            0x00000000   Number         0  entry7b.o ABSOLUTE
    ../clib/microlib/init/entry.s            0x00000000   Number         0  entry8b.o ABSOLUTE
    ../clib/microlib/init/entry.s            0x00000000   Number         0  entry8a.o ABSOLUTE
    ../clib/microlib/init/entry.s            0x00000000   Number         0  entry.o ABSOLUTE
    ../clib/microlib/init/entry.s            0x00000000   Number         0  entry7a.o ABSOLUTE
    ../clib/microlib/init/entry.s            0x00000000   Number         0  entry5.o ABSOLUTE
    ../clib/microlib/init/entry.s            0x00000000   Number         0  entry2.o ABSOLUTE
    ../clib/microlib/init/entry.s            0x00000000   Number         0  entry11a.o ABSOLUTE
    ../clib/microlib/init/entry.s            0x00000000   Number         0  entry11b.o ABSOLUTE
    ../clib/microlib/init/entry.s            0x00000000   Number         0  entry10b.o ABSOLUTE
    ../clib/microlib/init/entry.s            0x00000000   Number         0  entry9b.o ABSOLUTE
    ../clib/microlib/init/entry.s            0x00000000   Number         0  entry9a.o ABSOLUTE
    ../clib/microlib/longlong.c              0x00000000   Number         0  llsshr.o ABSOLUTE
    ../clib/microlib/longlong.c              0x00000000   Number         0  llushr.o ABSOLUTE
    ../clib/microlib/longlong.c              0x00000000   Number         0  llshl.o ABSOLUTE
    ../clib/microlib/printf/printf.c         0x00000000   Number         0  printfa.o ABSOLUTE
    ../clib/microlib/printf/printf.c         0x00000000   Number         0  printf2.o ABSOLUTE
    ../clib/microlib/printf/printf.c         0x00000000   Number         0  printf0.o ABSOLUTE
    ../clib/microlib/printf/printf.c         0x00000000   Number         0  printfb.o ABSOLUTE
    ../clib/microlib/printf/printf.c         0x00000000   Number         0  printf6.o ABSOLUTE
    ../clib/microlib/printf/printf.c         0x00000000   Number         0  printf7.o ABSOLUTE
    ../clib/microlib/printf/printf.c         0x00000000   Number         0  printf8.o ABSOLUTE
    ../clib/microlib/printf/printf.c         0x00000000   Number         0  printf3.o ABSOLUTE
    ../clib/microlib/printf/printf.c         0x00000000   Number         0  printf1.o ABSOLUTE
    ../clib/microlib/printf/printf.c         0x00000000   Number         0  printf5.o ABSOLUTE
    ../clib/microlib/printf/printf.c         0x00000000   Number         0  printf4.o ABSOLUTE
    ../clib/microlib/printf/stubs.s          0x00000000   Number         0  stubs.o ABSOLUTE
    ../clib/microlib/stdio/streams.c         0x00000000   Number         0  stdout.o ABSOLUTE
    ../clib/microlib/string/memset.c         0x00000000   Number         0  memseta.o ABSOLUTE
    ../clib/microlib/string/strstr.c         0x00000000   Number         0  strstr.o ABSOLUTE
    ../clib/microlib/string/strtok.c         0x00000000   Number         0  strtok_r.o ABSOLUTE
    ../clib/microlib/string/strtok.c         0x00000000   Number         0  strtok.o ABSOLUTE
    ../clib/microlib/stubs.s                 0x00000000   Number         0  iusefp.o ABSOLUTE
    ../fplib/microlib/d2f.c                  0x00000000   Number         0  d2f.o ABSOLUTE
    ../fplib/microlib/fpadd.c                0x00000000   Number         0  dadd.o ABSOLUTE
    ../fplib/microlib/fpdiv.c                0x00000000   Number         0  ddiv.o ABSOLUTE
    ../fplib/microlib/fpepilogue.c           0x00000000   Number         0  fepilogue.o ABSOLUTE
    ../fplib/microlib/fpepilogue.c           0x00000000   Number         0  depilogue.o ABSOLUTE
    ../fplib/microlib/fpfix.c                0x00000000   Number         0  ffixui.o ABSOLUTE
    ../fplib/microlib/fpfix.c                0x00000000   Number         0  ffixi.o ABSOLUTE
    ../fplib/microlib/fpfix.c                0x00000000   Number         0  dfixul.o ABSOLUTE
    ../fplib/microlib/fpflt.c                0x00000000   Number         0  fflti.o ABSOLUTE
    ../fplib/microlib/fpflt.c                0x00000000   Number         0  dflti.o ABSOLUTE
    ../fplib/microlib/fpmul.c                0x00000000   Number         0  dmul.o ABSOLUTE
    ..\..\Libraries\CMSIS\core_cm3.c         0x00000000   Number         0  core_cm3.o ABSOLUTE
    ..\..\Libraries\CMSIS\startup\startup_stm32f10x_hd.s 0x00000000   Number         0  startup_stm32f10x_hd.o ABSOLUTE
    ..\..\Libraries\CMSIS\system_stm32f10x.c 0x00000000   Number         0  system_stm32f10x.o ABSOLUTE
    ..\..\Libraries\FWlib\src\misc.c         0x00000000   Number         0  misc.o ABSOLUTE
    ..\..\Libraries\FWlib\src\stm32f10x_adc.c 0x00000000   Number         0  stm32f10x_adc.o ABSOLUTE
    ..\..\Libraries\FWlib\src\stm32f10x_bkp.c 0x00000000   Number         0  stm32f10x_bkp.o ABSOLUTE
    ..\..\Libraries\FWlib\src\stm32f10x_can.c 0x00000000   Number         0  stm32f10x_can.o ABSOLUTE
    ..\..\Libraries\FWlib\src\stm32f10x_cec.c 0x00000000   Number         0  stm32f10x_cec.o ABSOLUTE
    ..\..\Libraries\FWlib\src\stm32f10x_crc.c 0x00000000   Number         0  stm32f10x_crc.o ABSOLUTE
    ..\..\Libraries\FWlib\src\stm32f10x_dac.c 0x00000000   Number         0  stm32f10x_dac.o ABSOLUTE
    ..\..\Libraries\FWlib\src\stm32f10x_dbgmcu.c 0x00000000   Number         0  stm32f10x_dbgmcu.o ABSOLUTE
    ..\..\Libraries\FWlib\src\stm32f10x_dma.c 0x00000000   Number         0  stm32f10x_dma.o ABSOLUTE
    ..\..\Libraries\FWlib\src\stm32f10x_exti.c 0x00000000   Number         0  stm32f10x_exti.o ABSOLUTE
    ..\..\Libraries\FWlib\src\stm32f10x_flash.c 0x00000000   Number         0  stm32f10x_flash.o ABSOLUTE
    ..\..\Libraries\FWlib\src\stm32f10x_fsmc.c 0x00000000   Number         0  stm32f10x_fsmc.o ABSOLUTE
    ..\..\Libraries\FWlib\src\stm32f10x_gpio.c 0x00000000   Number         0  stm32f10x_gpio.o ABSOLUTE
    ..\..\Libraries\FWlib\src\stm32f10x_i2c.c 0x00000000   Number         0  stm32f10x_i2c.o ABSOLUTE
    ..\..\Libraries\FWlib\src\stm32f10x_iwdg.c 0x00000000   Number         0  stm32f10x_iwdg.o ABSOLUTE
    ..\..\Libraries\FWlib\src\stm32f10x_pwr.c 0x00000000   Number         0  stm32f10x_pwr.o ABSOLUTE
    ..\..\Libraries\FWlib\src\stm32f10x_rcc.c 0x00000000   Number         0  stm32f10x_rcc.o ABSOLUTE
    ..\..\Libraries\FWlib\src\stm32f10x_rtc.c 0x00000000   Number         0  stm32f10x_rtc.o ABSOLUTE
    ..\..\Libraries\FWlib\src\stm32f10x_sdio.c 0x00000000   Number         0  stm32f10x_sdio.o ABSOLUTE
    ..\..\Libraries\FWlib\src\stm32f10x_spi.c 0x00000000   Number         0  stm32f10x_spi.o ABSOLUTE
    ..\..\Libraries\FWlib\src\stm32f10x_tim.c 0x00000000   Number         0  stm32f10x_tim.o ABSOLUTE
    ..\..\Libraries\FWlib\src\stm32f10x_usart.c 0x00000000   Number         0  stm32f10x_usart.o ABSOLUTE
    ..\..\Libraries\FWlib\src\stm32f10x_wwdg.c 0x00000000   Number         0  stm32f10x_wwdg.o ABSOLUTE
    ..\..\User\Duoji\duoji.c                 0x00000000   Number         0  duoji.o ABSOLUTE
    ..\..\User\Key\bsp_exti.c                0x00000000   Number         0  bsp_exti.o ABSOLUTE
    ..\..\User\LeftUltraWave\LeftUltraWave.c 0x00000000   Number         0  leftultrawave.o ABSOLUTE
    ..\..\User\Motor\motor.c                 0x00000000   Number         0  motor.o ABSOLUTE
    ..\..\User\ObstacleAvoid\ObstacleAvoid.c 0x00000000   Number         0  obstacleavoid.o ABSOLUTE
    ..\..\User\RightUltraWave\RightUltraWave.c 0x00000000   Number         0  rightultrawave.o ABSOLUTE
    ..\..\User\SysTick\bsp_SysTick.c         0x00000000   Number         0  bsp_systick.o ABSOLUTE
    ..\..\User\UltrasonicWave\UltrasonicWave.c 0x00000000   Number         0  ultrasonicwave.o ABSOLUTE
    ..\..\User\bsp_spi_flash\bsp_spi_flash.c 0x00000000   Number         0  bsp_spi_flash.o ABSOLUTE
    ..\..\User\gpio\bsp_gpio.c               0x00000000   Number         0  bsp_gpio.o ABSOLUTE
    ..\..\User\lcd\bsp_ili9341_lcd.c         0x00000000   Number         0  bsp_ili9341_lcd.o ABSOLUTE
    ..\..\User\led\bsp_led.c                 0x00000000   Number         0  bsp_led.o ABSOLUTE
    ..\..\User\main.c                        0x00000000   Number         0  main.o ABSOLUTE
    ..\..\User\ov7725\bsp_bmp.c              0x00000000   Number         0  bsp_bmp.o ABSOLUTE
    ..\..\User\ov7725\bsp_ov7725.c           0x00000000   Number         0  bsp_ov7725.o ABSOLUTE
    ..\..\User\ov7725\bsp_sccb.c             0x00000000   Number         0  bsp_sccb.o ABSOLUTE
    ..\..\User\stm32f10x_it.c                0x00000000   Number         0  stm32f10x_it.o ABSOLUTE
    ..\..\User\timer\timer.c                 0x00000000   Number         0  timer.o ABSOLUTE
    ..\..\User\usart\bsp_usart1.c            0x00000000   Number         0  bsp_usart1.o ABSOLUTE
    ..\..\User\usart\bsp_usart2.c            0x00000000   Number         0  bsp_usart2.o ABSOLUTE
    ..\..\User\wifi\wifi_config.c            0x00000000   Number         0  wifi_config.o ABSOLUTE
    ..\..\User\wifi\wifi_function.c          0x00000000   Number         0  wifi_function.o ABSOLUTE
    ..\\..\\Libraries\\CMSIS\\core_cm3.c     0x00000000   Number         0  core_cm3.o ABSOLUTE
    cdrcmple.s                               0x00000000   Number         0  cdrcmple.o ABSOLUTE
    cfcmple.s                                0x00000000   Number         0  cfcmple.o ABSOLUTE
    cfrcmple.s                               0x00000000   Number         0  cfrcmple.o ABSOLUTE
    dc.s                                     0x00000000   Number         0  dc.o ABSOLUTE
    handlers.s                               0x00000000   Number         0  handlers.o ABSOLUTE
    init.s                                   0x00000000   Number         0  init.o ABSOLUTE
    RESET                                    0x08000000   Section      304  startup_stm32f10x_hd.o(RESET)
    .ARM.Collect$$$$00000000                 0x08000130   Section        0  entry.o(.ARM.Collect$$$$00000000)
    .ARM.Collect$$$$00000001                 0x08000130   Section        4  entry2.o(.ARM.Collect$$$$00000001)
    .ARM.Collect$$$$00000004                 0x08000134   Section        4  entry5.o(.ARM.Collect$$$$00000004)
    .ARM.Collect$$$$00000008                 0x08000138   Section        0  entry7b.o(.ARM.Collect$$$$00000008)
    .ARM.Collect$$$$0000000A                 0x08000138   Section        0  entry8b.o(.ARM.Collect$$$$0000000A)
    .ARM.Collect$$$$0000000B                 0x08000138   Section        8  entry9a.o(.ARM.Collect$$$$0000000B)
    .ARM.Collect$$$$0000000D                 0x08000140   Section        0  entry10a.o(.ARM.Collect$$$$0000000D)
    .ARM.Collect$$$$0000000F                 0x08000140   Section        0  entry11a.o(.ARM.Collect$$$$0000000F)
    .ARM.Collect$$$$00002712                 0x08000140   Section        4  entry2.o(.ARM.Collect$$$$00002712)
    __lit__00000000                          0x08000140   Data           4  entry2.o(.ARM.Collect$$$$00002712)
    .text                                    0x08000144   Section        0  stm32f10x_it.o(.text)
    .text                                    0x080002e4   Section       36  startup_stm32f10x_hd.o(.text)
    .text                                    0x08000308   Section        0  system_stm32f10x.o(.text)
    SetSysClockTo72                          0x08000309   Thumb Code   212  system_stm32f10x.o(.text)
    SetSysClock                              0x080003dd   Thumb Code     8  system_stm32f10x.o(.text)
    .text                                    0x080004e4   Section        0  misc.o(.text)
    .text                                    0x080005c0   Section        0  stm32f10x_dma.o(.text)
    .text                                    0x08000810   Section        0  stm32f10x_exti.o(.text)
    .text                                    0x0800092c   Section        0  stm32f10x_fsmc.o(.text)
    .text                                    0x08000f44   Section        0  stm32f10x_gpio.o(.text)
    .text                                    0x0800129c   Section        0  stm32f10x_rcc.o(.text)
    .text                                    0x08001640   Section        0  stm32f10x_tim.o(.text)
    TI4_Config                               0x08001ae7   Thumb Code   130  stm32f10x_tim.o(.text)
    TI3_Config                               0x08001b7b   Thumb Code   122  stm32f10x_tim.o(.text)
    TI2_Config                               0x08001c0f   Thumb Code   130  stm32f10x_tim.o(.text)
    TI1_Config                               0x08001ca3   Thumb Code   108  stm32f10x_tim.o(.text)
    .text                                    0x0800245c   Section        0  stm32f10x_usart.o(.text)
    .text                                    0x08002864   Section        0  main.o(.text)
    .text                                    0x080029b8   Section        0  bsp_usart1.o(.text)
    .text                                    0x08002a78   Section        0  bsp_usart2.o(.text)
    itoa                                     0x08002b05   Thumb Code    98  bsp_usart2.o(.text)
    .text                                    0x08002c74   Section        0  bsp_gpio.o(.text)
    .text                                    0x08002d04   Section        0  bsp_systick.o(.text)
    .text                                    0x08002db8   Section        0  wifi_config.o(.text)
    .text                                    0x08002e58   Section        0  wifi_function.o(.text)
    .text                                    0x080035e4   Section        0  duoji.o(.text)
    .text                                    0x080036bc   Section        0  motor.o(.text)
    .text                                    0x08003778   Section        0  timer.o(.text)
    .text                                    0x08003888   Section        0  leftultrawave.o(.text)
    .text                                    0x080039b0   Section        0  ultrasonicwave.o(.text)
    .text                                    0x08003ad8   Section        0  bsp_ov7725.o(.text)
    FIFO_GPIO_Config                         0x08003ad9   Thumb Code   150  bsp_ov7725.o(.text)
    VSYNC_GPIO_Configuration                 0x08003b7b   Thumb Code    38  bsp_ov7725.o(.text)
    VSYNC_NVIC_Configuration                 0x08003ba1   Thumb Code    42  bsp_ov7725.o(.text)
    VSYNC_EXTI_Configuration                 0x08003bcb   Thumb Code    46  bsp_ov7725.o(.text)
    .text                                    0x08003d8c   Section        0  bsp_sccb.o(.text)
    SCCB_delay                               0x08003db3   Thumb Code    16  bsp_sccb.o(.text)
    SCCB_Start                               0x08003dc3   Thumb Code    78  bsp_sccb.o(.text)
    SCCB_Stop                                0x08003e11   Thumb Code    52  bsp_sccb.o(.text)
    SCCB_Ack                                 0x08003e45   Thumb Code    52  bsp_sccb.o(.text)
    SCCB_NoAck                               0x08003e79   Thumb Code    52  bsp_sccb.o(.text)
    SCCB_WaitAck                             0x08003ead   Thumb Code    72  bsp_sccb.o(.text)
    SCCB_SendByte                            0x08003ef5   Thumb Code    84  bsp_sccb.o(.text)
    SCCB_ReceiveByte                         0x08003f49   Thumb Code    80  bsp_sccb.o(.text)
    .text                                    0x08004058   Section        0  bsp_ili9341_lcd.o(.text)
    .text                                    0x08004734   Section        0  memseta.o(.text)
    .text                                    0x08004758   Section        0  strstr.o(.text)
    .text                                    0x0800477c   Section        0  strtok.o(.text)
    .text                                    0x080047c0   Section        0  dadd.o(.text)
    .text                                    0x0800490e   Section        0  dmul.o(.text)
    .text                                    0x080049f2   Section        0  ddiv.o(.text)
    .text                                    0x08004ad0   Section        0  fflti.o(.text)
    .text                                    0x08004ae2   Section        0  dflti.o(.text)
    .text                                    0x08004b04   Section        0  ffixi.o(.text)
    .text                                    0x08004b36   Section        0  ffixui.o(.text)
    .text                                    0x08004b5e   Section        0  d2f.o(.text)
    .text                                    0x08004b96   Section        0  uldiv.o(.text)
    .text                                    0x08004bf8   Section        0  llshl.o(.text)
    .text                                    0x08004c16   Section        0  llsshr.o(.text)
    .text                                    0x08004c3a   Section        0  fepilogue.o(.text)
    .text                                    0x08004c3a   Section        0  iusefp.o(.text)
    .text                                    0x08004ca6   Section        0  depilogue.o(.text)
    .text                                    0x08004d64   Section       36  init.o(.text)
    .text                                    0x08004d88   Section        0  llushr.o(.text)
    i.__0printf$5                            0x08004da8   Section        0  printf5.o(i.__0printf$5)
    i.__0sprintf$5                           0x08004dc8   Section        0  printf5.o(i.__0sprintf$5)
    i.__scatterload_copy                     0x08004df0   Section       14  handlers.o(i.__scatterload_copy)
    i.__scatterload_null                     0x08004dfe   Section        2  handlers.o(i.__scatterload_null)
    i.__scatterload_zeroinit                 0x08004e00   Section       14  handlers.o(i.__scatterload_zeroinit)
    i._printf_core                           0x08004e10   Section        0  printf5.o(i._printf_core)
    _printf_core                             0x08004e11   Thumb Code   658  printf5.o(i._printf_core)
    i._sputc                                 0x080050d0   Section        0  printf5.o(i._sputc)
    _sputc                                   0x080050d1   Thumb Code    10  printf5.o(i._sputc)
    .constdata                               0x080050da   Section     1140  bsp_ili9341_lcd.o(.constdata)
    .conststring                             0x0800554e   Section        2  main.o(.conststring)
    .data                                    0x20000000   Section        1  stm32f10x_it.o(.data)
    .data                                    0x20000004   Section       20  system_stm32f10x.o(.data)
    .data                                    0x20000018   Section       20  stm32f10x_rcc.o(.data)
    APBAHBPrescTable                         0x20000018   Data          16  stm32f10x_rcc.o(.data)
    ADCPrescTable                            0x20000028   Data           4  stm32f10x_rcc.o(.data)
    .data                                    0x2000002c   Section       18  main.o(.data)
    .data                                    0x20000040   Section        4  bsp_systick.o(.data)
    TimingDelay                              0x20000040   Data           4  bsp_systick.o(.data)
    .data                                    0x20000044   Section        4  leftultrawave.o(.data)
    .data                                    0x20000048   Section        4  ultrasonicwave.o(.data)
    .data                                    0x2000004c   Section      156  bsp_ov7725.o(.data)
    .data                                    0x200000e8   Section        4  strtok.o(.data)
    state                                    0x200000e8   Data           4  strtok.o(.data)
    .data                                    0x200000ec   Section        4  stdout.o(.data)
    .bss                                     0x200000f0   Section      100  main.o(.bss)
    .bss                                     0x20000154   Section     1026  wifi_config.o(.bss)
    STACK                                    0x20000558   Section     1024  startup_stm32f10x_hd.o(STACK)

    Global Symbols

    Symbol Name                              Value     Ov Type        Size  Object(Section)

    BuildAttributes$$THM_ISAv4$P$D$K$B$S$PE$A:L22UL41UL21$X:L11$S22US41US21$IEEE1$IW$USESV6$~STKCKD$USESV7$~SHL$OTIME$ROPI$EBA8$MICROLIB$REQ8$PRES8$EABIv2 0x00000000   Number         0  anon$$obj.o ABSOLUTE
    __ARM_use_no_argv                        0x00000000   Number         0  main.o ABSOLUTE
    _printf_a                                0x00000000   Number         0  stubs.o ABSOLUTE
    _printf_c                                0x00000000   Number         0  stubs.o ABSOLUTE
    _printf_charcount                        0x00000000   Number         0  stubs.o ABSOLUTE
    _printf_d                                0x00000000   Number         0  stubs.o ABSOLUTE
    _printf_e                                0x00000000   Number         0  stubs.o ABSOLUTE
    _printf_f                                0x00000000   Number         0  stubs.o ABSOLUTE
    _printf_flags                            0x00000000   Number         0  stubs.o ABSOLUTE
    _printf_fp_dec                           0x00000000   Number         0  stubs.o ABSOLUTE
    _printf_fp_hex                           0x00000000   Number         0  stubs.o ABSOLUTE
    _printf_g                                0x00000000   Number         0  stubs.o ABSOLUTE
    _printf_i                                0x00000000   Number         0  stubs.o ABSOLUTE
    _printf_int_dec                          0x00000000   Number         0  stubs.o ABSOLUTE
    _printf_l                                0x00000000   Number         0  stubs.o ABSOLUTE
    _printf_lc                               0x00000000   Number         0  stubs.o ABSOLUTE
    _printf_ll                               0x00000000   Number         0  stubs.o ABSOLUTE
    _printf_lld                              0x00000000   Number         0  stubs.o ABSOLUTE
    _printf_lli                              0x00000000   Number         0  stubs.o ABSOLUTE
    _printf_llo                              0x00000000   Number         0  stubs.o ABSOLUTE
    _printf_llu                              0x00000000   Number         0  stubs.o ABSOLUTE
    _printf_llx                              0x00000000   Number         0  stubs.o ABSOLUTE
    _printf_longlong_dec                     0x00000000   Number         0  stubs.o ABSOLUTE
    _printf_longlong_hex                     0x00000000   Number         0  stubs.o ABSOLUTE
    _printf_longlong_oct                     0x00000000   Number         0  stubs.o ABSOLUTE
    _printf_ls                               0x00000000   Number         0  stubs.o ABSOLUTE
    _printf_mbtowc                           0x00000000   Number         0  stubs.o ABSOLUTE
    _printf_n                                0x00000000   Number         0  stubs.o ABSOLUTE
    _printf_o                                0x00000000   Number         0  stubs.o ABSOLUTE
    _printf_p                                0x00000000   Number         0  stubs.o ABSOLUTE
    _printf_percent                          0x00000000   Number         0  stubs.o ABSOLUTE
    _printf_pre_padding                      0x00000000   Number         0  stubs.o ABSOLUTE
    _printf_return_value                     0x00000000   Number         0  stubs.o ABSOLUTE
    _printf_s                                0x00000000   Number         0  stubs.o ABSOLUTE
    _printf_sizespec                         0x00000000   Number         0  stubs.o ABSOLUTE
    _printf_str                              0x00000000   Number         0  stubs.o ABSOLUTE
    _printf_truncate_signed                  0x00000000   Number         0  stubs.o ABSOLUTE
    _printf_truncate_unsigned                0x00000000   Number         0  stubs.o ABSOLUTE
    _printf_u                                0x00000000   Number         0  stubs.o ABSOLUTE
    _printf_wc                               0x00000000   Number         0  stubs.o ABSOLUTE
    _printf_wctomb                           0x00000000   Number         0  stubs.o ABSOLUTE
    _printf_widthprec                        0x00000000   Number         0  stubs.o ABSOLUTE
    _printf_x                                0x00000000   Number         0  stubs.o ABSOLUTE
    __cpp_initialize__aeabi_                  - Undefined Weak Reference
    __cxa_finalize                            - Undefined Weak Reference
    __decompress                              - Undefined Weak Reference
    _clock_init                               - Undefined Weak Reference
    _microlib_exit                            - Undefined Weak Reference
    __Vectors_Size                           0x00000130   Number         0  startup_stm32f10x_hd.o ABSOLUTE
    __Vectors                                0x08000000   Data           4  startup_stm32f10x_hd.o(RESET)
    __Vectors_End                            0x08000130   Data           0  startup_stm32f10x_hd.o(RESET)
    __main                                   0x08000131   Thumb Code     0  entry.o(.ARM.Collect$$$$00000000)
    _main_stk                                0x08000131   Thumb Code     0  entry2.o(.ARM.Collect$$$$00000001)
    _main_scatterload                        0x08000135   Thumb Code     0  entry5.o(.ARM.Collect$$$$00000004)
    __main_after_scatterload                 0x08000139   Thumb Code     0  entry5.o(.ARM.Collect$$$$00000004)
    _main_clock                              0x08000139   Thumb Code     0  entry7b.o(.ARM.Collect$$$$00000008)
    _main_cpp_init                           0x08000139   Thumb Code     0  entry8b.o(.ARM.Collect$$$$0000000A)
    _main_init                               0x08000139   Thumb Code     0  entry9a.o(.ARM.Collect$$$$0000000B)
    __rt_final_cpp                           0x08000141   Thumb Code     0  entry10a.o(.ARM.Collect$$$$0000000D)
    __rt_final_exit                          0x08000141   Thumb Code     0  entry11a.o(.ARM.Collect$$$$0000000F)
    NMI_Handler                              0x08000145   Thumb Code     2  stm32f10x_it.o(.text)
    HardFault_Handler                        0x08000147   Thumb Code     4  stm32f10x_it.o(.text)
    MemManage_Handler                        0x0800014b   Thumb Code     4  stm32f10x_it.o(.text)
    BusFault_Handler                         0x0800014f   Thumb Code     4  stm32f10x_it.o(.text)
    UsageFault_Handler                       0x08000153   Thumb Code     4  stm32f10x_it.o(.text)
    SVC_Handler                              0x08000157   Thumb Code     2  stm32f10x_it.o(.text)
    DebugMon_Handler                         0x08000159   Thumb Code     2  stm32f10x_it.o(.text)
    PendSV_Handler                           0x0800015b   Thumb Code     2  stm32f10x_it.o(.text)
    SysTick_Handler                          0x0800015d   Thumb Code     8  stm32f10x_it.o(.text)
    EXTI0_IRQHandler                         0x08000165   Thumb Code    80  stm32f10x_it.o(.text)
    USART2_IRQHandler                        0x080001b5   Thumb Code   230  stm32f10x_it.o(.text)
    USART1_IRQHandler                        0x0800029b   Thumb Code    32  stm32f10x_it.o(.text)
    Reset_Handler                            0x080002e5   Thumb Code     8  startup_stm32f10x_hd.o(.text)
    ADC1_2_IRQHandler                        0x080002ff   Thumb Code     0  startup_stm32f10x_hd.o(.text)
    ADC3_IRQHandler                          0x080002ff   Thumb Code     0  startup_stm32f10x_hd.o(.text)
    CAN1_RX1_IRQHandler                      0x080002ff   Thumb Code     0  startup_stm32f10x_hd.o(.text)
    CAN1_SCE_IRQHandler                      0x080002ff   Thumb Code     0  startup_stm32f10x_hd.o(.text)
    DMA1_Channel1_IRQHandler                 0x080002ff   Thumb Code     0  startup_stm32f10x_hd.o(.text)
    DMA1_Channel2_IRQHandler                 0x080002ff   Thumb Code     0  startup_stm32f10x_hd.o(.text)
    DMA1_Channel3_IRQHandler                 0x080002ff   Thumb Code     0  startup_stm32f10x_hd.o(.text)
    DMA1_Channel4_IRQHandler                 0x080002ff   Thumb Code     0  startup_stm32f10x_hd.o(.text)
    DMA1_Channel5_IRQHandler                 0x080002ff   Thumb Code     0  startup_stm32f10x_hd.o(.text)
    DMA1_Channel6_IRQHandler                 0x080002ff   Thumb Code     0  startup_stm32f10x_hd.o(.text)
    DMA1_Channel7_IRQHandler                 0x080002ff   Thumb Code     0  startup_stm32f10x_hd.o(.text)
    DMA2_Channel1_IRQHandler                 0x080002ff   Thumb Code     0  startup_stm32f10x_hd.o(.text)
    DMA2_Channel2_IRQHandler                 0x080002ff   Thumb Code     0  startup_stm32f10x_hd.o(.text)
    DMA2_Channel3_IRQHandler                 0x080002ff   Thumb Code     0  startup_stm32f10x_hd.o(.text)
    DMA2_Channel4_5_IRQHandler               0x080002ff   Thumb Code     0  startup_stm32f10x_hd.o(.text)
    EXTI15_10_IRQHandler                     0x080002ff   Thumb Code     0  startup_stm32f10x_hd.o(.text)
    EXTI2_IRQHandler                         0x080002ff   Thumb Code     0  startup_stm32f10x_hd.o(.text)
    EXTI3_IRQHandler                         0x080002ff   Thumb Code     0  startup_stm32f10x_hd.o(.text)
    EXTI4_IRQHandler                         0x080002ff   Thumb Code     0  startup_stm32f10x_hd.o(.text)
    FLASH_IRQHandler                         0x080002ff   Thumb Code     0  startup_stm32f10x_hd.o(.text)
    FSMC_IRQHandler                          0x080002ff   Thumb Code     0  startup_stm32f10x_hd.o(.text)
    I2C1_ER_IRQHandler                       0x080002ff   Thumb Code     0  startup_stm32f10x_hd.o(.text)
    I2C1_EV_IRQHandler                       0x080002ff   Thumb Code     0  startup_stm32f10x_hd.o(.text)
    I2C2_ER_IRQHandler                       0x080002ff   Thumb Code     0  startup_stm32f10x_hd.o(.text)
    I2C2_EV_IRQHandler                       0x080002ff   Thumb Code     0  startup_stm32f10x_hd.o(.text)
    PVD_IRQHandler                           0x080002ff   Thumb Code     0  startup_stm32f10x_hd.o(.text)
    RCC_IRQHandler                           0x080002ff   Thumb Code     0  startup_stm32f10x_hd.o(.text)
    RTCAlarm_IRQHandler                      0x080002ff   Thumb Code     0  startup_stm32f10x_hd.o(.text)
    RTC_IRQHandler                           0x080002ff   Thumb Code     0  startup_stm32f10x_hd.o(.text)
    SDIO_IRQHandler                          0x080002ff   Thumb Code     0  startup_stm32f10x_hd.o(.text)
    SPI1_IRQHandler                          0x080002ff   Thumb Code     0  startup_stm32f10x_hd.o(.text)
    SPI2_IRQHandler                          0x080002ff   Thumb Code     0  startup_stm32f10x_hd.o(.text)
    SPI3_IRQHandler                          0x080002ff   Thumb Code     0  startup_stm32f10x_hd.o(.text)
    TAMPER_IRQHandler                        0x080002ff   Thumb Code     0  startup_stm32f10x_hd.o(.text)
    TIM1_BRK_IRQHandler                      0x080002ff   Thumb Code     0  startup_stm32f10x_hd.o(.text)
    TIM1_CC_IRQHandler                       0x080002ff   Thumb Code     0  startup_stm32f10x_hd.o(.text)
    TIM1_TRG_COM_IRQHandler                  0x080002ff   Thumb Code     0  startup_stm32f10x_hd.o(.text)
    TIM1_UP_IRQHandler                       0x080002ff   Thumb Code     0  startup_stm32f10x_hd.o(.text)
    TIM5_IRQHandler                          0x080002ff   Thumb Code     0  startup_stm32f10x_hd.o(.text)
    TIM6_IRQHandler                          0x080002ff   Thumb Code     0  startup_stm32f10x_hd.o(.text)
    TIM7_IRQHandler                          0x080002ff   Thumb Code     0  startup_stm32f10x_hd.o(.text)
    TIM8_BRK_IRQHandler                      0x080002ff   Thumb Code     0  startup_stm32f10x_hd.o(.text)
    TIM8_CC_IRQHandler                       0x080002ff   Thumb Code     0  startup_stm32f10x_hd.o(.text)
    TIM8_TRG_COM_IRQHandler                  0x080002ff   Thumb Code     0  startup_stm32f10x_hd.o(.text)
    TIM8_UP_IRQHandler                       0x080002ff   Thumb Code     0  startup_stm32f10x_hd.o(.text)
    UART4_IRQHandler                         0x080002ff   Thumb Code     0  startup_stm32f10x_hd.o(.text)
    UART5_IRQHandler                         0x080002ff   Thumb Code     0  startup_stm32f10x_hd.o(.text)
    USART3_IRQHandler                        0x080002ff   Thumb Code     0  startup_stm32f10x_hd.o(.text)
    USBWakeUp_IRQHandler                     0x080002ff   Thumb Code     0  startup_stm32f10x_hd.o(.text)
    USB_HP_CAN1_TX_IRQHandler                0x080002ff   Thumb Code     0  startup_stm32f10x_hd.o(.text)
    USB_LP_CAN1_RX0_IRQHandler               0x080002ff   Thumb Code     0  startup_stm32f10x_hd.o(.text)
    WWDG_IRQHandler                          0x080002ff   Thumb Code     0  startup_stm32f10x_hd.o(.text)
    SystemInit                               0x080003e5   Thumb Code    78  system_stm32f10x.o(.text)
    SystemCoreClockUpdate                    0x08000433   Thumb Code   142  system_stm32f10x.o(.text)
    NVIC_PriorityGroupConfig                 0x080004e5   Thumb Code    10  misc.o(.text)
    NVIC_Init                                0x080004ef   Thumb Code   102  misc.o(.text)
    NVIC_SetVectorTable                      0x08000555   Thumb Code    14  misc.o(.text)
    NVIC_SystemLPConfig                      0x08000563   Thumb Code    34  misc.o(.text)
    SysTick_CLKSourceConfig                  0x08000585   Thumb Code    40  misc.o(.text)
    DMA_DeInit                               0x080005c1   Thumb Code   324  stm32f10x_dma.o(.text)
    DMA_Init                                 0x08000705   Thumb Code    60  stm32f10x_dma.o(.text)
    DMA_StructInit                           0x08000741   Thumb Code    26  stm32f10x_dma.o(.text)
    DMA_Cmd                                  0x0800075b   Thumb Code    24  stm32f10x_dma.o(.text)
    DMA_ITConfig                             0x08000773   Thumb Code    18  stm32f10x_dma.o(.text)
    DMA_SetCurrDataCounter                   0x08000785   Thumb Code     4  stm32f10x_dma.o(.text)
    DMA_GetCurrDataCounter                   0x08000789   Thumb Code     8  stm32f10x_dma.o(.text)
    DMA_GetFlagStatus                        0x08000791   Thumb Code    38  stm32f10x_dma.o(.text)
    DMA_ClearFlag                            0x080007b7   Thumb Code    22  stm32f10x_dma.o(.text)
    DMA_GetITStatus                          0x080007cd   Thumb Code    38  stm32f10x_dma.o(.text)
    DMA_ClearITPendingBit                    0x080007f3   Thumb Code    22  stm32f10x_dma.o(.text)
    EXTI_DeInit                              0x08000811   Thumb Code    28  stm32f10x_exti.o(.text)
    EXTI_Init                                0x0800082d   Thumb Code   142  stm32f10x_exti.o(.text)
    EXTI_StructInit                          0x080008bb   Thumb Code    16  stm32f10x_exti.o(.text)
    EXTI_GenerateSWInterrupt                 0x080008cb   Thumb Code    16  stm32f10x_exti.o(.text)
    EXTI_GetFlagStatus                       0x080008db   Thumb Code    22  stm32f10x_exti.o(.text)
    EXTI_ClearFlag                           0x080008f1   Thumb Code     8  stm32f10x_exti.o(.text)
    EXTI_GetITStatus                         0x080008f9   Thumb Code    34  stm32f10x_exti.o(.text)
    EXTI_ClearITPendingBit                   0x0800091b   Thumb Code     8  stm32f10x_exti.o(.text)
    FSMC_NORSRAMDeInit                       0x0800092d   Thumb Code    56  stm32f10x_fsmc.o(.text)
    FSMC_NANDDeInit                          0x08000965   Thumb Code    62  stm32f10x_fsmc.o(.text)
    FSMC_PCCARDDeInit                        0x080009a3   Thumb Code    40  stm32f10x_fsmc.o(.text)
    FSMC_NORSRAMInit                         0x080009cb   Thumb Code   224  stm32f10x_fsmc.o(.text)
    FSMC_NANDInit                            0x08000aab   Thumb Code   130  stm32f10x_fsmc.o(.text)
    FSMC_PCCARDInit                          0x08000b2d   Thumb Code   124  stm32f10x_fsmc.o(.text)
    FSMC_NORSRAMStructInit                   0x08000ba9   Thumb Code   114  stm32f10x_fsmc.o(.text)
    FSMC_NANDStructInit                      0x08000c1b   Thumb Code    54  stm32f10x_fsmc.o(.text)
    FSMC_PCCARDStructInit                    0x08000c51   Thumb Code    60  stm32f10x_fsmc.o(.text)
    FSMC_NORSRAMCmd                          0x08000c8d   Thumb Code    46  stm32f10x_fsmc.o(.text)
    FSMC_NANDCmd                             0x08000cbb   Thumb Code    86  stm32f10x_fsmc.o(.text)
    FSMC_PCCARDCmd                           0x08000d11   Thumb Code    40  stm32f10x_fsmc.o(.text)
    FSMC_NANDECCCmd                          0x08000d39   Thumb Code   118  stm32f10x_fsmc.o(.text)
    FSMC_GetECC                              0x08000daf   Thumb Code    22  stm32f10x_fsmc.o(.text)
    FSMC_ITConfig                            0x08000dc5   Thumb Code   128  stm32f10x_fsmc.o(.text)
    FSMC_GetFlagStatus                       0x08000e45   Thumb Code    48  stm32f10x_fsmc.o(.text)
    FSMC_ClearFlag                           0x08000e75   Thumb Code    62  stm32f10x_fsmc.o(.text)
    FSMC_GetITStatus                         0x08000eb3   Thumb Code    60  stm32f10x_fsmc.o(.text)
    FSMC_ClearITPendingBit                   0x08000eef   Thumb Code    64  stm32f10x_fsmc.o(.text)
    GPIO_DeInit                              0x08000f45   Thumb Code   172  stm32f10x_gpio.o(.text)
    GPIO_AFIODeInit                          0x08000ff1   Thumb Code    20  stm32f10x_gpio.o(.text)
    GPIO_Init                                0x08001005   Thumb Code   274  stm32f10x_gpio.o(.text)
    GPIO_StructInit                          0x08001117   Thumb Code    16  stm32f10x_gpio.o(.text)
    GPIO_ReadInputDataBit                    0x08001127   Thumb Code    18  stm32f10x_gpio.o(.text)
    GPIO_ReadInputData                       0x08001139   Thumb Code     8  stm32f10x_gpio.o(.text)
    GPIO_ReadOutputDataBit                   0x08001141   Thumb Code    18  stm32f10x_gpio.o(.text)
    GPIO_ReadOutputData                      0x08001153   Thumb Code     8  stm32f10x_gpio.o(.text)
    GPIO_SetBits                             0x0800115b   Thumb Code     4  stm32f10x_gpio.o(.text)
    GPIO_ResetBits                           0x0800115f   Thumb Code     4  stm32f10x_gpio.o(.text)
    GPIO_WriteBit                            0x08001163   Thumb Code    10  stm32f10x_gpio.o(.text)
    GPIO_Write                               0x0800116d   Thumb Code     4  stm32f10x_gpio.o(.text)
    GPIO_PinLockConfig                       0x08001171   Thumb Code    18  stm32f10x_gpio.o(.text)
    GPIO_EventOutputConfig                   0x08001183   Thumb Code    26  stm32f10x_gpio.o(.text)
    GPIO_EventOutputCmd                      0x0800119d   Thumb Code     6  stm32f10x_gpio.o(.text)
    GPIO_PinRemapConfig                      0x080011a3   Thumb Code   138  stm32f10x_gpio.o(.text)
    GPIO_EXTILineConfig                      0x0800122d   Thumb Code    66  stm32f10x_gpio.o(.text)
    GPIO_ETH_MediaInterfaceConfig            0x0800126f   Thumb Code     6  stm32f10x_gpio.o(.text)
    RCC_DeInit                               0x0800129d   Thumb Code    64  stm32f10x_rcc.o(.text)
    RCC_HSEConfig                            0x080012dd   Thumb Code    70  stm32f10x_rcc.o(.text)
    RCC_GetFlagStatus                        0x08001323   Thumb Code    56  stm32f10x_rcc.o(.text)
    RCC_WaitForHSEStartUp                    0x0800135b   Thumb Code    56  stm32f10x_rcc.o(.text)
    RCC_AdjustHSICalibrationValue            0x08001393   Thumb Code    20  stm32f10x_rcc.o(.text)
    RCC_HSICmd                               0x080013a7   Thumb Code     6  stm32f10x_rcc.o(.text)
    RCC_PLLConfig                            0x080013ad   Thumb Code    24  stm32f10x_rcc.o(.text)
    RCC_PLLCmd                               0x080013c5   Thumb Code     6  stm32f10x_rcc.o(.text)
    RCC_SYSCLKConfig                         0x080013cb   Thumb Code    18  stm32f10x_rcc.o(.text)
    RCC_GetSYSCLKSource                      0x080013dd   Thumb Code    10  stm32f10x_rcc.o(.text)
    RCC_HCLKConfig                           0x080013e7   Thumb Code    18  stm32f10x_rcc.o(.text)
    RCC_PCLK1Config                          0x080013f9   Thumb Code    18  stm32f10x_rcc.o(.text)
    RCC_PCLK2Config                          0x0800140b   Thumb Code    20  stm32f10x_rcc.o(.text)
    RCC_ITConfig                             0x0800141f   Thumb Code    26  stm32f10x_rcc.o(.text)
    RCC_USBCLKConfig                         0x08001439   Thumb Code     6  stm32f10x_rcc.o(.text)
    RCC_ADCCLKConfig                         0x0800143f   Thumb Code    18  stm32f10x_rcc.o(.text)
    RCC_LSEConfig                            0x08001451   Thumb Code    44  stm32f10x_rcc.o(.text)
    RCC_LSICmd                               0x0800147d   Thumb Code     6  stm32f10x_rcc.o(.text)
    RCC_RTCCLKConfig                         0x08001483   Thumb Code    12  stm32f10x_rcc.o(.text)
    RCC_RTCCLKCmd                            0x0800148f   Thumb Code     8  stm32f10x_rcc.o(.text)
    RCC_GetClocksFreq                        0x08001497   Thumb Code   192  stm32f10x_rcc.o(.text)
    RCC_AHBPeriphClockCmd                    0x08001557   Thumb Code    26  stm32f10x_rcc.o(.text)
    RCC_APB2PeriphClockCmd                   0x08001571   Thumb Code    26  stm32f10x_rcc.o(.text)
    RCC_APB1PeriphClockCmd                   0x0800158b   Thumb Code    26  stm32f10x_rcc.o(.text)
    RCC_APB2PeriphResetCmd                   0x080015a5   Thumb Code    26  stm32f10x_rcc.o(.text)
    RCC_APB1PeriphResetCmd                   0x080015bf   Thumb Code    26  stm32f10x_rcc.o(.text)
    RCC_BackupResetCmd                       0x080015d9   Thumb Code     8  stm32f10x_rcc.o(.text)
    RCC_ClockSecuritySystemCmd               0x080015e1   Thumb Code     6  stm32f10x_rcc.o(.text)
    RCC_MCOConfig                            0x080015e7   Thumb Code     6  stm32f10x_rcc.o(.text)
    RCC_ClearFlag                            0x080015ed   Thumb Code    14  stm32f10x_rcc.o(.text)
    RCC_GetITStatus                          0x080015fb   Thumb Code    20  stm32f10x_rcc.o(.text)
    RCC_ClearITPendingBit                    0x0800160f   Thumb Code     6  stm32f10x_rcc.o(.text)
    TIM_DeInit                               0x08001641   Thumb Code   424  stm32f10x_tim.o(.text)
    TIM_TimeBaseInit                         0x080017e9   Thumb Code   122  stm32f10x_tim.o(.text)
    TIM_OC1Init                              0x08001863   Thumb Code   132  stm32f10x_tim.o(.text)
    TIM_OC2Init                              0x080018e7   Thumb Code   154  stm32f10x_tim.o(.text)
    TIM_OC3Init                              0x08001981   Thumb Code   150  stm32f10x_tim.o(.text)
    TIM_OC4Init                              0x08001a17   Thumb Code   182  stm32f10x_tim.o(.text)
    TIM_SetIC4Prescaler                      0x08001acd   Thumb Code    26  stm32f10x_tim.o(.text)
    TIM_SetIC3Prescaler                      0x08001b69   Thumb Code    18  stm32f10x_tim.o(.text)
    TIM_SetIC2Prescaler                      0x08001bf5   Thumb Code    26  stm32f10x_tim.o(.text)
    TIM_SetIC1Prescaler                      0x08001c91   Thumb Code    18  stm32f10x_tim.o(.text)
    TIM_ICInit                               0x08001d0f   Thumb Code   150  stm32f10x_tim.o(.text)
    TIM_PWMIConfig                           0x08001da5   Thumb Code   124  stm32f10x_tim.o(.text)
    TIM_BDTRConfig                           0x08001e21   Thumb Code    32  stm32f10x_tim.o(.text)
    TIM_TimeBaseStructInit                   0x08001e41   Thumb Code    18  stm32f10x_tim.o(.text)
    TIM_OCStructInit                         0x08001e53   Thumb Code    20  stm32f10x_tim.o(.text)
    TIM_ICStructInit                         0x08001e67   Thumb Code    18  stm32f10x_tim.o(.text)
    TIM_BDTRStructInit                       0x08001e79   Thumb Code    40  stm32f10x_tim.o(.text)
    TIM_Cmd                                  0x08001ea1   Thumb Code    24  stm32f10x_tim.o(.text)
    TIM_CtrlPWMOutputs                       0x08001eb9   Thumb Code    30  stm32f10x_tim.o(.text)
    TIM_ITConfig                             0x08001ed7   Thumb Code    18  stm32f10x_tim.o(.text)
    TIM_GenerateEvent                        0x08001ee9   Thumb Code     4  stm32f10x_tim.o(.text)
    TIM_DMAConfig                            0x08001eed   Thumb Code    10  stm32f10x_tim.o(.text)
    TIM_DMACmd                               0x08001ef7   Thumb Code    18  stm32f10x_tim.o(.text)
    TIM_InternalClockConfig                  0x08001f09   Thumb Code    12  stm32f10x_tim.o(.text)
    TIM_SelectInputTrigger                   0x08001f15   Thumb Code    18  stm32f10x_tim.o(.text)
    TIM_ITRxExternalClockConfig              0x08001f27   Thumb Code    24  stm32f10x_tim.o(.text)
    TIM_TIxExternalClockConfig               0x08001f3f   Thumb Code    62  stm32f10x_tim.o(.text)
    TIM_ETRConfig                            0x08001f7d   Thumb Code    28  stm32f10x_tim.o(.text)
    TIM_ETRClockMode1Config                  0x08001f99   Thumb Code    54  stm32f10x_tim.o(.text)
    TIM_ETRClockMode2Config                  0x08001fcf   Thumb Code    32  stm32f10x_tim.o(.text)
    TIM_PrescalerConfig                      0x08001fef   Thumb Code     6  stm32f10x_tim.o(.text)
    TIM_CounterModeConfig                    0x08001ff5   Thumb Code    18  stm32f10x_tim.o(.text)
    TIM_EncoderInterfaceConfig               0x08002007   Thumb Code    66  stm32f10x_tim.o(.text)
    TIM_ForcedOC1Config                      0x08002049   Thumb Code    18  stm32f10x_tim.o(.text)
    TIM_ForcedOC2Config                      0x0800205b   Thumb Code    26  stm32f10x_tim.o(.text)
    TIM_ForcedOC3Config                      0x08002075   Thumb Code    18  stm32f10x_tim.o(.text)
    TIM_ForcedOC4Config                      0x08002087   Thumb Code    26  stm32f10x_tim.o(.text)
    TIM_ARRPreloadConfig                     0x080020a1   Thumb Code    24  stm32f10x_tim.o(.text)
    TIM_SelectCOM                            0x080020b9   Thumb Code    24  stm32f10x_tim.o(.text)
    TIM_SelectCCDMA                          0x080020d1   Thumb Code    24  stm32f10x_tim.o(.text)
    TIM_CCPreloadControl                     0x080020e9   Thumb Code    24  stm32f10x_tim.o(.text)
    TIM_OC1PreloadConfig                     0x08002101   Thumb Code    18  stm32f10x_tim.o(.text)
    TIM_OC2PreloadConfig                     0x08002113   Thumb Code    26  stm32f10x_tim.o(.text)
    TIM_OC3PreloadConfig                     0x0800212d   Thumb Code    18  stm32f10x_tim.o(.text)
    TIM_OC4PreloadConfig                     0x0800213f   Thumb Code    26  stm32f10x_tim.o(.text)
    TIM_OC1FastConfig                        0x08002159   Thumb Code    18  stm32f10x_tim.o(.text)
    TIM_OC2FastConfig                        0x0800216b   Thumb Code    26  stm32f10x_tim.o(.text)
    TIM_OC3FastConfig                        0x08002185   Thumb Code    18  stm32f10x_tim.o(.text)
    TIM_OC4FastConfig                        0x08002197   Thumb Code    26  stm32f10x_tim.o(.text)
    TIM_ClearOC1Ref                          0x080021b1   Thumb Code    18  stm32f10x_tim.o(.text)
    TIM_ClearOC2Ref                          0x080021c3   Thumb Code    24  stm32f10x_tim.o(.text)
    TIM_ClearOC3Ref                          0x080021db   Thumb Code    18  stm32f10x_tim.o(.text)
    TIM_ClearOC4Ref                          0x080021ed   Thumb Code    24  stm32f10x_tim.o(.text)
    TIM_OC1PolarityConfig                    0x08002205   Thumb Code    18  stm32f10x_tim.o(.text)
    TIM_OC1NPolarityConfig                   0x08002217   Thumb Code    18  stm32f10x_tim.o(.text)
    TIM_OC2PolarityConfig                    0x08002229   Thumb Code    26  stm32f10x_tim.o(.text)
    TIM_OC2NPolarityConfig                   0x08002243   Thumb Code    26  stm32f10x_tim.o(.text)
    TIM_OC3PolarityConfig                    0x0800225d   Thumb Code    26  stm32f10x_tim.o(.text)
    TIM_OC3NPolarityConfig                   0x08002277   Thumb Code    26  stm32f10x_tim.o(.text)
    TIM_OC4PolarityConfig                    0x08002291   Thumb Code    26  stm32f10x_tim.o(.text)
    TIM_CCxCmd                               0x080022ab   Thumb Code    30  stm32f10x_tim.o(.text)
    TIM_CCxNCmd                              0x080022c9   Thumb Code    30  stm32f10x_tim.o(.text)
    TIM_SelectOCxM                           0x080022e7   Thumb Code    82  stm32f10x_tim.o(.text)
    TIM_UpdateDisableConfig                  0x08002339   Thumb Code    24  stm32f10x_tim.o(.text)
    TIM_UpdateRequestConfig                  0x08002351   Thumb Code    24  stm32f10x_tim.o(.text)
    TIM_SelectHallSensor                     0x08002369   Thumb Code    24  stm32f10x_tim.o(.text)
    TIM_SelectOnePulseMode                   0x08002381   Thumb Code    18  stm32f10x_tim.o(.text)
    TIM_SelectOutputTrigger                  0x08002393   Thumb Code    18  stm32f10x_tim.o(.text)
    TIM_SelectSlaveMode                      0x080023a5   Thumb Code    18  stm32f10x_tim.o(.text)
    TIM_SelectMasterSlaveMode                0x080023b7   Thumb Code    18  stm32f10x_tim.o(.text)
    TIM_SetCounter                           0x080023c9   Thumb Code     4  stm32f10x_tim.o(.text)
    TIM_SetAutoreload                        0x080023cd   Thumb Code     4  stm32f10x_tim.o(.text)
    TIM_SetCompare1                          0x080023d1   Thumb Code     4  stm32f10x_tim.o(.text)
    TIM_SetCompare2                          0x080023d5   Thumb Code     4  stm32f10x_tim.o(.text)
    TIM_SetCompare3                          0x080023d9   Thumb Code     4  stm32f10x_tim.o(.text)
    TIM_SetCompare4                          0x080023dd   Thumb Code     6  stm32f10x_tim.o(.text)
    TIM_SetClockDivision                     0x080023e3   Thumb Code    18  stm32f10x_tim.o(.text)
    TIM_GetCapture1                          0x080023f5   Thumb Code     6  stm32f10x_tim.o(.text)
    TIM_GetCapture2                          0x080023fb   Thumb Code     6  stm32f10x_tim.o(.text)
    TIM_GetCapture3                          0x08002401   Thumb Code     6  stm32f10x_tim.o(.text)
    TIM_GetCapture4                          0x08002407   Thumb Code     8  stm32f10x_tim.o(.text)
    TIM_GetCounter                           0x0800240f   Thumb Code     6  stm32f10x_tim.o(.text)
    TIM_GetPrescaler                         0x08002415   Thumb Code     6  stm32f10x_tim.o(.text)
    TIM_GetFlagStatus                        0x0800241b   Thumb Code    18  stm32f10x_tim.o(.text)
    TIM_ClearFlag                            0x0800242d   Thumb Code     6  stm32f10x_tim.o(.text)
    TIM_GetITStatus                          0x08002433   Thumb Code    34  stm32f10x_tim.o(.text)
    TIM_ClearITPendingBit                    0x08002455   Thumb Code     6  stm32f10x_tim.o(.text)
    USART_DeInit                             0x0800245d   Thumb Code   134  stm32f10x_usart.o(.text)
    USART_Init                               0x080024e3   Thumb Code   210  stm32f10x_usart.o(.text)
    USART_StructInit                         0x080025b5   Thumb Code    24  stm32f10x_usart.o(.text)
    USART_ClockInit                          0x080025cd   Thumb Code    34  stm32f10x_usart.o(.text)
    USART_ClockStructInit                    0x080025ef   Thumb Code    12  stm32f10x_usart.o(.text)
    USART_Cmd                                0x080025fb   Thumb Code    24  stm32f10x_usart.o(.text)
    USART_ITConfig                           0x08002613   Thumb Code    74  stm32f10x_usart.o(.text)
    USART_DMACmd                             0x0800265d   Thumb Code    18  stm32f10x_usart.o(.text)
    USART_SetAddress                         0x0800266f   Thumb Code    18  stm32f10x_usart.o(.text)
    USART_WakeUpConfig                       0x08002681   Thumb Code    18  stm32f10x_usart.o(.text)
    USART_ReceiverWakeUpCmd                  0x08002693   Thumb Code    24  stm32f10x_usart.o(.text)
    USART_LINBreakDetectLengthConfig         0x080026ab   Thumb Code    18  stm32f10x_usart.o(.text)
    USART_LINCmd                             0x080026bd   Thumb Code    24  stm32f10x_usart.o(.text)
    USART_SendData                           0x080026d5   Thumb Code     8  stm32f10x_usart.o(.text)
    USART_ReceiveData                        0x080026dd   Thumb Code    10  stm32f10x_usart.o(.text)
    USART_SendBreak                          0x080026e7   Thumb Code    10  stm32f10x_usart.o(.text)
    USART_SetGuardTime                       0x080026f1   Thumb Code    16  stm32f10x_usart.o(.text)
    USART_SetPrescaler                       0x08002701   Thumb Code    16  stm32f10x_usart.o(.text)
    USART_SmartCardCmd                       0x08002711   Thumb Code    24  stm32f10x_usart.o(.text)
    USART_SmartCardNACKCmd                   0x08002729   Thumb Code    24  stm32f10x_usart.o(.text)
    USART_HalfDuplexCmd                      0x08002741   Thumb Code    24  stm32f10x_usart.o(.text)
    USART_OverSampling8Cmd                   0x08002759   Thumb Code    22  stm32f10x_usart.o(.text)
    USART_OneBitMethodCmd                    0x0800276f   Thumb Code    24  stm32f10x_usart.o(.text)
    USART_IrDAConfig                         0x08002787   Thumb Code    18  stm32f10x_usart.o(.text)
    USART_IrDACmd                            0x08002799   Thumb Code    24  stm32f10x_usart.o(.text)
    USART_GetFlagStatus                      0x080027b1   Thumb Code    26  stm32f10x_usart.o(.text)
    USART_ClearFlag                          0x080027cb   Thumb Code    18  stm32f10x_usart.o(.text)
    USART_GetITStatus                        0x080027dd   Thumb Code    84  stm32f10x_usart.o(.text)
    USART_ClearITPendingBit                  0x08002831   Thumb Code    52  stm32f10x_usart.o(.text)
    main                                     0x08002865   Thumb Code   150  main.o(.text)
    USART1_Config                            0x080029b9   Thumb Code   126  bsp_usart1.o(.text)
    fputc                                    0x08002a37   Thumb Code    32  bsp_usart1.o(.text)
    fgetc                                    0x08002a57   Thumb Code    26  bsp_usart1.o(.text)
    USART2_Config                            0x08002a79   Thumb Code   140  bsp_usart2.o(.text)
    USART2_printf                            0x08002b67   Thumb Code   262  bsp_usart2.o(.text)
    GPIO_Config                              0x08002c75   Thumb Code    54  bsp_gpio.o(.text)
    GPIO_SPI1_Config                         0x08002cab   Thumb Code    86  bsp_gpio.o(.text)
    SysTick_Init                             0x08002d05   Thumb Code   108  bsp_systick.o(.text)
    Delay_ms                                 0x08002d71   Thumb Code    36  bsp_systick.o(.text)
    TimingDelay_Decrement                    0x08002d95   Thumb Code    18  bsp_systick.o(.text)
    NVIC_Configuration                       0x08002db9   Thumb Code    56  wifi_config.o(.text)
    WiFi_Config                              0x08002df1   Thumb Code    20  wifi_config.o(.text)
    USART2_DMA_Config                        0x08002e05   Thumb Code    70  wifi_config.o(.text)
    ESP8266_Choose                           0x08002e59   Thumb Code    28  wifi_function.o(.text)
    ESP8266_Rst                              0x08002e75   Thumb Code    28  wifi_function.o(.text)
    ESP8266_Cmd                              0x08002e91   Thumb Code   164  wifi_function.o(.text)
    ESP8266_AT_Test                          0x08002f35   Thumb Code    42  wifi_function.o(.text)
    ESP8266_Net_Mode_Choose                  0x08002f5f   Thumb Code    68  wifi_function.o(.text)
    ESP8266_JoinAP                           0x08002fa3   Thumb Code    38  wifi_function.o(.text)
    ESP8266_BuildAP                          0x08002fc9   Thumb Code    42  wifi_function.o(.text)
    ESP8266_Enable_MultipleId                0x08002ff3   Thumb Code    42  wifi_function.o(.text)
    ESP8266_Link_Server                      0x0800301d   Thumb Code   110  wifi_function.o(.text)
    ESP8266_StartOrShutServer                0x0800308b   Thumb Code   104  wifi_function.o(.text)
    ESP8266_UnvarnishSend                    0x080030f3   Thumb Code    42  wifi_function.o(.text)
    ESP8266_SendString                       0x0800311d   Thumb Code    98  wifi_function.o(.text)
    ESP8266_ReceiveString                    0x0800317f   Thumb Code    96  wifi_function.o(.text)
    ESP8266_WebFetch_Test                    0x080031df   Thumb Code    84  wifi_function.o(.text)
    Motor_Control                            0x08003233   Thumb Code   504  wifi_function.o(.text)
    Duoji_Control                            0x0800342b   Thumb Code    72  wifi_function.o(.text)
    Cmd_String                               0x08003473   Thumb Code    44  wifi_function.o(.text)
    Motor_Duoji                              0x0800349f   Thumb Code    28  wifi_function.o(.text)
    Motor_Duoji2                             0x080034bb   Thumb Code   110  wifi_function.o(.text)
    Motor_Control2                           0x08003529   Thumb Code    72  wifi_function.o(.text)
    Duoji_Control2                           0x08003571   Thumb Code    56  wifi_function.o(.text)
    Motor_Duoji3                             0x080035a9   Thumb Code    48  wifi_function.o(.text)
    Duoji_GPIO_Config                        0x080035e5   Thumb Code    46  duoji.o(.text)
    Duoji_Mode_Config                        0x08003613   Thumb Code   150  duoji.o(.text)
    Motor_GPIO_Config                        0x080036bd   Thumb Code    60  motor.o(.text)
    Motor_Mode_Config                        0x080036f9   Thumb Code   114  motor.o(.text)
    Timerx_Init                              0x08003779   Thumb Code   196  timer.o(.text)
    TIM2_IRQHandler                          0x0800383d   Thumb Code    22  timer.o(.text)
    TIM3_IRQHandler                          0x08003853   Thumb Code    22  timer.o(.text)
    TIM4_IRQHandler                          0x08003869   Thumb Code    22  timer.o(.text)
    LeftUltraWave_Conf                       0x08003889   Thumb Code   132  leftultrawave.o(.text)
    EXTI1_IRQHandler                         0x0800390d   Thumb Code   108  leftultrawave.o(.text)
    LeftUltraWave_Meas                       0x08003979   Thumb Code    34  leftultrawave.o(.text)
    FrontUltraWave_Conf                      0x080039b1   Thumb Code   132  ultrasonicwave.o(.text)
    EXTI9_5_IRQHandler                       0x08003a35   Thumb Code   114  ultrasonicwave.o(.text)
    FrontUltraWave_Meas                      0x08003aa7   Thumb Code    34  ultrasonicwave.o(.text)
    Ov7725_GPIO_Config                       0x08003b6f   Thumb Code    12  bsp_ov7725.o(.text)
    VSYNC_Init                               0x08003bf9   Thumb Code    16  bsp_ov7725.o(.text)
    Ov7725_Init                              0x08003c09   Thumb Code   136  bsp_ov7725.o(.text)
    ImagDisp                                 0x08003c91   Thumb Code    78  bsp_ov7725.o(.text)
    SCCB_GPIO_Config                         0x08003d8d   Thumb Code    38  bsp_sccb.o(.text)
    SCCB_WriteByte                           0x08003f99   Thumb Code    64  bsp_sccb.o(.text)
    SCCB_ReadByte                            0x08003fd9   Thumb Code   122  bsp_sccb.o(.text)
    Lcd_Delay                                0x08004059   Thumb Code    18  bsp_ili9341_lcd.o(.text)
    LCD_GPIO_Config                          0x0800406b   Thumb Code   182  bsp_ili9341_lcd.o(.text)
    LCD_FSMC_Config                          0x08004121   Thumb Code    92  bsp_ili9341_lcd.o(.text)
    LCD_Rst                                  0x0800417d   Thumb Code    32  bsp_ili9341_lcd.o(.text)
    LCD_REG_Config                           0x0800419d   Thumb Code   478  bsp_ili9341_lcd.o(.text)
    LCD_Init                                 0x0800437b   Thumb Code    32  bsp_ili9341_lcd.o(.text)
    Lcd_GramScan                             0x0800439b   Thumb Code   326  bsp_ili9341_lcd.o(.text)
    LCD_Clear                                0x080044e1   Thumb Code   102  bsp_ili9341_lcd.o(.text)
    LCD_SetCursor                            0x08004547   Thumb Code    52  bsp_ili9341_lcd.o(.text)
    LCD_OpenWindow                           0x0800457b   Thumb Code    74  bsp_ili9341_lcd.o(.text)
    LCD_SetPoint                             0x080045c5   Thumb Code    28  bsp_ili9341_lcd.o(.text)
    LCD_RD_data                              0x080045e1   Thumb Code    34  bsp_ili9341_lcd.o(.text)
    LCD_GetPoint                             0x08004603   Thumb Code    32  bsp_ili9341_lcd.o(.text)
    LCD_DispChar                             0x08004623   Thumb Code   102  bsp_ili9341_lcd.o(.text)
    LCD_DispStr                              0x08004689   Thumb Code    60  bsp_ili9341_lcd.o(.text)
    LCD_DisNum                               0x080046c5   Thumb Code   104  bsp_ili9341_lcd.o(.text)
    __aeabi_memset                           0x08004735   Thumb Code    14  memseta.o(.text)
    __aeabi_memset4                          0x08004735   Thumb Code     0  memseta.o(.text)
    __aeabi_memset8                          0x08004735   Thumb Code     0  memseta.o(.text)
    __aeabi_memclr                           0x08004743   Thumb Code     4  memseta.o(.text)
    __aeabi_memclr4                          0x08004743   Thumb Code     0  memseta.o(.text)
    __aeabi_memclr8                          0x08004743   Thumb Code     0  memseta.o(.text)
    _memset$wrapper                          0x08004747   Thumb Code    18  memseta.o(.text)
    strstr                                   0x08004759   Thumb Code    36  strstr.o(.text)
    strtok                                   0x0800477d   Thumb Code    62  strtok.o(.text)
    __aeabi_dadd                             0x080047c1   Thumb Code   322  dadd.o(.text)
    __aeabi_dsub                             0x08004903   Thumb Code     6  dadd.o(.text)
    __aeabi_drsub                            0x08004909   Thumb Code     6  dadd.o(.text)
    __aeabi_dmul                             0x0800490f   Thumb Code   228  dmul.o(.text)
    __aeabi_ddiv                             0x080049f3   Thumb Code   222  ddiv.o(.text)
    __aeabi_i2f                              0x08004ad1   Thumb Code    18  fflti.o(.text)
    __aeabi_i2d                              0x08004ae3   Thumb Code    34  dflti.o(.text)
    __aeabi_f2iz                             0x08004b05   Thumb Code    50  ffixi.o(.text)
    __aeabi_f2uiz                            0x08004b37   Thumb Code    40  ffixui.o(.text)
    __aeabi_d2f                              0x08004b5f   Thumb Code    56  d2f.o(.text)
    __aeabi_uldivmod                         0x08004b97   Thumb Code    98  uldiv.o(.text)
    __aeabi_llsl                             0x08004bf9   Thumb Code    30  llshl.o(.text)
    _ll_shift_l                              0x08004bf9   Thumb Code     0  llshl.o(.text)
    __aeabi_lasr                             0x08004c17   Thumb Code    36  llsshr.o(.text)
    _ll_sshift_r                             0x08004c17   Thumb Code     0  llsshr.o(.text)
    __I$use$fp                               0x08004c3b   Thumb Code     0  iusefp.o(.text)
    _float_round                             0x08004c3b   Thumb Code    18  fepilogue.o(.text)
    _float_epilogue                          0x08004c4d   Thumb Code    90  fepilogue.o(.text)
    _double_round                            0x08004ca7   Thumb Code    26  depilogue.o(.text)
    _double_epilogue                         0x08004cc1   Thumb Code   164  depilogue.o(.text)
    __scatterload                            0x08004d65   Thumb Code    28  init.o(.text)
    __scatterload_rt2                        0x08004d65   Thumb Code     0  init.o(.text)
    __aeabi_llsr                             0x08004d89   Thumb Code    32  llushr.o(.text)
    _ll_ushift_r                             0x08004d89   Thumb Code     0  llushr.o(.text)
    __0printf$5                              0x08004da9   Thumb Code    22  printf5.o(i.__0printf$5)
    __1printf$5                              0x08004da9   Thumb Code     0  printf5.o(i.__0printf$5)
    __2printf                                0x08004da9   Thumb Code     0  printf5.o(i.__0printf$5)
    __0sprintf$5                             0x08004dc9   Thumb Code    34  printf5.o(i.__0sprintf$5)
    __1sprintf$5                             0x08004dc9   Thumb Code     0  printf5.o(i.__0sprintf$5)
    __2sprintf                               0x08004dc9   Thumb Code     0  printf5.o(i.__0sprintf$5)
    __scatterload_copy                       0x08004df1   Thumb Code    14  handlers.o(i.__scatterload_copy)
    __scatterload_null                       0x08004dff   Thumb Code     2  handlers.o(i.__scatterload_null)
    __scatterload_zeroinit                   0x08004e01   Thumb Code    14  handlers.o(i.__scatterload_zeroinit)
    asc2_1206                                0x080050da   Data        1140  bsp_ili9341_lcd.o(.constdata)
    Region$$Table$$Base                      0x08005550   Number         0  anon$$obj.o(Region$$Table)
    Region$$Table$$Limit                     0x08005570   Number         0  anon$$obj.o(Region$$Table)
    cmd_point                                0x20000000   Data           1  stm32f10x_it.o(.data)
    SystemCoreClock                          0x20000004   Data           4  system_stm32f10x.o(.data)
    AHBPrescTable                            0x20000008   Data          16  system_stm32f10x.o(.data)
    pStrDelimiter                            0x2000002c   Data           8  main.o(.data)
    finish                                   0x20000034   Data           1  main.o(.data)
    pNet_Test                                0x20000038   Data           4  main.o(.data)
    getImage                                 0x2000003c   Data           1  main.o(.data)
    debug                                    0x2000003d   Data           1  main.o(.data)
    Left_Distance                            0x20000044   Data           4  leftultrawave.o(.data)
    Front_Distance                           0x20000048   Data           4  ultrasonicwave.o(.data)
    Sensor_Config                            0x2000004c   Data         154  bsp_ov7725.o(.data)
    OV7725_REG_NUM                           0x200000e6   Data           1  bsp_ov7725.o(.data)
    Ov7725_vsync                             0x200000e7   Data           1  bsp_ov7725.o(.data)
    __stdout                                 0x200000ec   Data           4  stdout.o(.data)
    cmd                                      0x200000f0   Data         100  main.o(.bss)
    strEsp8266_Fram_Record                   0x20000154   Data        1026  wifi_config.o(.bss)
    __initial_sp                             0x20000958   Data           0  startup_stm32f10x_hd.o(STACK)



==============================================================================

Memory Map of the image

  Image Entry point : 0x08000131

  Load Region LR_IROM1 (Base: 0x08000000, Size: 0x00005660, Max: 0x00060000, ABSOLUTE)

    Execution Region ER_IROM1 (Base: 0x08000000, Size: 0x00005570, Max: 0x00060000, ABSOLUTE)

    Base Addr    Size         Type   Attr      Idx    E Section Name        Object

    0x08000000   0x00000130   Data   RO           97    RESET               startup_stm32f10x_hd.o
    0x08000130   0x00000000   Code   RO          809  * .ARM.Collect$$$$00000000  mc_w.l(entry.o)
    0x08000130   0x00000004   Code   RO         1103    .ARM.Collect$$$$00000001  mc_w.l(entry2.o)
    0x08000134   0x00000004   Code   RO         1106    .ARM.Collect$$$$00000004  mc_w.l(entry5.o)
    0x08000138   0x00000000   Code   RO         1108    .ARM.Collect$$$$00000008  mc_w.l(entry7b.o)
    0x08000138   0x00000000   Code   RO         1110    .ARM.Collect$$$$0000000A  mc_w.l(entry8b.o)
    0x08000138   0x00000008   Code   RO         1111    .ARM.Collect$$$$0000000B  mc_w.l(entry9a.o)
    0x08000140   0x00000000   Code   RO         1113    .ARM.Collect$$$$0000000D  mc_w.l(entry10a.o)
    0x08000140   0x00000000   Code   RO         1115    .ARM.Collect$$$$0000000F  mc_w.l(entry11a.o)
    0x08000140   0x00000004   Code   RO         1104    .ARM.Collect$$$$00002712  mc_w.l(entry2.o)
    0x08000144   0x000001a0   Code   RO            1    .text               stm32f10x_it.o
    0x080002e4   0x00000024   Code   RO           98    .text               startup_stm32f10x_hd.o
    0x08000308   0x000001dc   Code   RO          113    .text               system_stm32f10x.o
    0x080004e4   0x000000dc   Code   RO          131    .text               misc.o
    0x080005c0   0x00000250   Code   RO          248    .text               stm32f10x_dma.o
    0x08000810   0x0000011c   Code   RO          260    .text               stm32f10x_exti.o
    0x0800092c   0x00000618   Code   RO          287    .text               stm32f10x_fsmc.o
    0x08000f44   0x00000358   Code   RO          299    .text               stm32f10x_gpio.o
    0x0800129c   0x000003a4   Code   RO          356    .text               stm32f10x_rcc.o
    0x08001640   0x00000e1a   Code   RO          412    .text               stm32f10x_tim.o
    0x0800245a   0x00000002   PAD
    0x0800245c   0x00000408   Code   RO          424    .text               stm32f10x_usart.o
    0x08002864   0x00000154   Code   RO          451    .text               main.o
    0x080029b8   0x000000c0   Code   RO          493    .text               bsp_usart1.o
    0x08002a78   0x000001fc   Code   RO          505    .text               bsp_usart2.o
    0x08002c74   0x00000090   Code   RO          524    .text               bsp_gpio.o
    0x08002d04   0x000000b4   Code   RO          536    .text               bsp_systick.o
    0x08002db8   0x000000a0   Code   RO          554    .text               wifi_config.o
    0x08002e58   0x0000078c   Code   RO          573    .text               wifi_function.o
    0x080035e4   0x000000d8   Code   RO          602    .text               duoji.o
    0x080036bc   0x000000bc   Code   RO          614    .text               motor.o
    0x08003778   0x00000110   Code   RO          626    .text               timer.o
    0x08003888   0x00000128   Code   RO          638    .text               leftultrawave.o
    0x080039b0   0x00000128   Code   RO          692    .text               ultrasonicwave.o
    0x08003ad8   0x000002b4   Code   RO          719    .text               bsp_ov7725.o
    0x08003d8c   0x000002cc   Code   RO          738    .text               bsp_sccb.o
    0x08004058   0x000006dc   Code   RO          791    .text               bsp_ili9341_lcd.o
    0x08004734   0x00000024   Code   RO          812    .text               mc_w.l(memseta.o)
    0x08004758   0x00000024   Code   RO          814    .text               mc_w.l(strstr.o)
    0x0800477c   0x00000044   Code   RO          816    .text               mc_w.l(strtok.o)
    0x080047c0   0x0000014e   Code   RO         1083    .text               mf_w.l(dadd.o)
    0x0800490e   0x000000e4   Code   RO         1085    .text               mf_w.l(dmul.o)
    0x080049f2   0x000000de   Code   RO         1087    .text               mf_w.l(ddiv.o)
    0x08004ad0   0x00000012   Code   RO         1089    .text               mf_w.l(fflti.o)
    0x08004ae2   0x00000022   Code   RO         1091    .text               mf_w.l(dflti.o)
    0x08004b04   0x00000032   Code   RO         1093    .text               mf_w.l(ffixi.o)
    0x08004b36   0x00000028   Code   RO         1095    .text               mf_w.l(ffixui.o)
    0x08004b5e   0x00000038   Code   RO         1097    .text               mf_w.l(d2f.o)
    0x08004b96   0x00000062   Code   RO         1120    .text               mc_w.l(uldiv.o)
    0x08004bf8   0x0000001e   Code   RO         1122    .text               mc_w.l(llshl.o)
    0x08004c16   0x00000024   Code   RO         1124    .text               mc_w.l(llsshr.o)
    0x08004c3a   0x00000000   Code   RO         1126    .text               mc_w.l(iusefp.o)
    0x08004c3a   0x0000006c   Code   RO         1127    .text               mf_w.l(fepilogue.o)
    0x08004ca6   0x000000be   Code   RO         1129    .text               mf_w.l(depilogue.o)
    0x08004d64   0x00000024   Code   RO         1135    .text               mc_w.l(init.o)
    0x08004d88   0x00000020   Code   RO         1137    .text               mc_w.l(llushr.o)
    0x08004da8   0x00000020   Code   RO          955    i.__0printf$5       mc_w.l(printf5.o)
    0x08004dc8   0x00000028   Code   RO          957    i.__0sprintf$5      mc_w.l(printf5.o)
    0x08004df0   0x0000000e   Code   RO         1141    i.__scatterload_copy  mc_w.l(handlers.o)
    0x08004dfe   0x00000002   Code   RO         1142    i.__scatterload_null  mc_w.l(handlers.o)
    0x08004e00   0x0000000e   Code   RO         1143    i.__scatterload_zeroinit  mc_w.l(handlers.o)
    0x08004e0e   0x00000002   PAD
    0x08004e10   0x000002c0   Code   RO          962    i._printf_core      mc_w.l(printf5.o)
    0x080050d0   0x0000000a   Code   RO          964    i._sputc            mc_w.l(printf5.o)
    0x080050da   0x00000474   Data   RO          792    .constdata          bsp_ili9341_lcd.o
    0x0800554e   0x00000002   Data   RO          453    .conststring        main.o
    0x08005550   0x00000020   Data   RO         1139    Region$$Table       anon$$obj.o


    Execution Region RW_IRAM1 (Base: 0x20000000, Size: 0x00000958, Max: 0x00010000, ABSOLUTE)

    Base Addr    Size         Type   Attr      Idx    E Section Name        Object

    0x20000000   0x00000001   Data   RW            2    .data               stm32f10x_it.o
    0x20000001   0x00000003   PAD
    0x20000004   0x00000014   Data   RW          114    .data               system_stm32f10x.o
    0x20000018   0x00000014   Data   RW          357    .data               stm32f10x_rcc.o
    0x2000002c   0x00000012   Data   RW          454    .data               main.o
    0x2000003e   0x00000002   PAD
    0x20000040   0x00000004   Data   RW          537    .data               bsp_systick.o
    0x20000044   0x00000004   Data   RW          639    .data               leftultrawave.o
    0x20000048   0x00000004   Data   RW          693    .data               ultrasonicwave.o
    0x2000004c   0x0000009c   Data   RW          720    .data               bsp_ov7725.o
    0x200000e8   0x00000004   Data   RW          817    .data               mc_w.l(strtok.o)
    0x200000ec   0x00000004   Data   RW         1117    .data               mc_w.l(stdout.o)
    0x200000f0   0x00000064   Zero   RW          452    .bss                main.o
    0x20000154   0x00000402   Zero   RW          555    .bss                wifi_config.o
    0x20000556   0x00000002   PAD
    0x20000558   0x00000400   Zero   RW           95    STACK               startup_stm32f10x_hd.o


==============================================================================

Image component sizes


      Code (inc. data)   RO Data    RW Data    ZI Data      Debug   Object Name

       144          4          0          0          0        651   bsp_gpio.o
      1756         72       1140          0          0       5546   bsp_ili9341_lcd.o
       692        174          0        156          0       2744   bsp_ov7725.o
       716          6          0          0          0       2760   bsp_sccb.o
       180         18          0          4          0      16489   bsp_systick.o
       192          8          0          0          0        940   bsp_usart1.o
       508          8          0          0          0       2446   bsp_usart2.o
       216         20          0          0          0        818   duoji.o
       296         22          0          4          0       1173   leftultrawave.o
       340        190          2         18        100       1714   main.o
       220         20          0          0          0       1717   misc.o
       188         14          0          0          0        830   motor.o
        36          8        304          0       1024        856   startup_stm32f10x_hd.o
       592          8          0          0          0       4242   stm32f10x_dma.o
       284         10          0          0          0       2147   stm32f10x_exti.o
      1560         54          0          0          0       5251   stm32f10x_fsmc.o
       856         40          0          0          0       5557   stm32f10x_gpio.o
       416         42          0          1          0     275379   stm32f10x_it.o
       932         44          0         20          0       8676   stm32f10x_rcc.o
      3610         88          0          0          0      22044   stm32f10x_tim.o
      1032         22          0          0          0       8284   stm32f10x_usart.o
       476         36          0         20          0       1715   system_stm32f10x.o
       272         10          0          0          0       1030   timer.o
       296         16          0          4          0       1186   ultrasonicwave.o
       160         14          0          0       1026       2060   wifi_config.o
      1932        472          0          0          0       6907   wifi_function.o

    ----------------------------------------------------------------------
     17904       1420       1478        232       2152     383162   Object Totals
         0          0         32          0          0          0   (incl. Generated)
         2          0          0          5          2          0   (incl. Padding)

    ----------------------------------------------------------------------

      Code (inc. data)   RO Data    RW Data    ZI Data      Debug   Library Member Name

         0          0          0          0          0          0   entry.o
         0          0          0          0          0          0   entry10a.o
         0          0          0          0          0          0   entry11a.o
         8          4          0          0          0          0   entry2.o
         4          0          0          0          0          0   entry5.o
         0          0          0          0          0          0   entry7b.o
         0          0          0          0          0          0   entry8b.o
         8          4          0          0          0          0   entry9a.o
        30          0          0          0          0          0   handlers.o
        36          8          0          0          0         68   init.o
         0          0          0          0          0          0   iusefp.o
        30          0          0          0          0         68   llshl.o
        36          0          0          0          0         68   llsshr.o
        32          0          0          0          0         68   llushr.o
        36          0          0          0          0        108   memseta.o
       786         62          0          0          0        336   printf5.o
         0          0          0          4          0          0   stdout.o
        36          0          0          0          0         80   strstr.o
        68          6          0          4          0         80   strtok.o
        98          0          0          0          0         92   uldiv.o
        56          0          0          0          0         88   d2f.o
       334          0          0          0          0        148   dadd.o
       222          0          0          0          0        100   ddiv.o
       190          0          0          0          0        176   depilogue.o
        34          0          0          0          0         76   dflti.o
       228          0          0          0          0         96   dmul.o
       108          0          0          0          0        168   fepilogue.o
        50          0          0          0          0         68   ffixi.o
        40          0          0          0          0         68   ffixui.o
        18          0          0          0          0         68   fflti.o

    ----------------------------------------------------------------------
      2490         84          0          8          0       2024   Library Totals
         2          0          0          0          0          0   (incl. Padding)

    ----------------------------------------------------------------------

      Code (inc. data)   RO Data    RW Data    ZI Data      Debug   Library Name

      1208         84          0          8          0        968   mc_w.l
      1280          0          0          0          0       1056   mf_w.l

    ----------------------------------------------------------------------
      2490         84          0          8          0       2024   Library Totals

    ----------------------------------------------------------------------

==============================================================================


      Code (inc. data)   RO Data    RW Data    ZI Data      Debug   

     20394       1504       1478        240       2152     382014   Grand Totals
     20394       1504       1478        240       2152     382014   ELF Image Totals
     20394       1504       1478        240          0          0   ROM Totals

==============================================================================

    Total RO  Size (Code + RO Data)                21872 (  21.36kB)
    Total RW  Size (RW Data + ZI Data)              2392 (   2.34kB)
    Total ROM Size (Code + RO Data + RW Data)      22112 (  21.59kB)

==============================================================================

