<html>
<body>
<pre>
<h1>µVision Build Log</h1>
<h2>Project:</h2>
E:\Coding\Wifi\Project\iSO-STM32.uvproj
Project File Date:  04/30/2016

<h2>Output:</h2>
Build target 'SmartCar'
compiling bsp_timer.c...
..\User\bsp_timer\bsp_timer.c(22): error:  #268: declaration may not appear after executable statement in block
..\User\bsp_timer\bsp_timer.c(59): error:  #268: declaration may not appear after executable statement in block
"..\Output\SmartCar.axf" - 2 Errors, 0 Warning(s).
Target not created
Build target 'SmartCar'
compiling bsp_timer.c...
linking...
Program Size: Code=14768 RO-data=336 RW-data=208 ZI-data=2056  
FromELF: creating hex file...
"..\Output\SmartCar.axf" - 0 Errors, 0 Warning(s).
Build target 'SmartCar'
linking...
Program Size: Code=14768 RO-data=336 RW-data=208 ZI-data=2056  
FromELF: creating hex file...
"..\Output\SmartCar.axf" - 0 Errors, 0 Warning(s).
Build target 'SmartCar'
compiling main.c...
compiling wifi_function.c...
linking...
Program Size: Code=16392 RO-data=336 RW-data=208 ZI-data=2056  
FromELF: creating hex file...
"..\Output\SmartCar.axf" - 0 Errors, 0 Warning(s).
