<html>
<body>
<pre>
<h1>µVision Build Log</h1>
<h2>Project:</h2>
E:\Coding\Wifi\Project\iSO-STM32.uvproj
Project File Date:  04/30/2016

<h2>Output:</h2>
Build target 'SmartCar'
assembling startup_stm32f10x_hd.s...
compiling core_cm3.c...
compiling system_stm32f10x.c...
compiling misc.c...
compiling stm32f10x_dma.c...
compiling stm32f10x_exti.c...
compiling stm32f10x_flash.c...
compiling stm32f10x_fsmc.c...
compiling stm32f10x_gpio.c...
compiling stm32f10x_rcc.c...
compiling stm32f10x_sdio.c...
compiling stm32f10x_spi.c...
compiling stm32f10x_tim.c...
compiling stm32f10x_usart.c...
compiling main.c...
compiling bsp_exti.c...
compiling bsp_gpio.c...
compiling bsp_SysTick.c...
compiling stm32f10x_it.c...
compiling bsp_usart.c...
compiling bsp_timer.c...
compiling wifi_config.c...
compiling wifi_function.c...
compiling bsp_ov7725.c...
compiling bsp_sccb.c...
linking...
Program Size: Code=16316 RO-data=336 RW-data=208 ZI-data=2056  
FromELF: creating hex file...
"..\Output\SmartCar.axf" - 0 Errors, 0 Warning(s).
